Component: Arm Compiler for Embedded 6.21 Tool: armlink [5ec1fa00]

==============================================================================

Section Cross References

    main.o(.text.main) refers to sysctr.o(.text.SysCtr_init) for SysCtr_init
    main.o(.text.main) refers to port.o(.text.PORT_init) for PORT_init
    main.o(.text.main) refers to ssi.o(.text.SSI_INIT) for SSI_INIT
    main.o(.text.main) refers to st7735.o(.text.ST7735_Init) for ST7735_Init
    main.o(.text.main) refers to st7735.o(.text.ST7735_fillRect) for ST7735_fillRect
    main.o(.text.main) refers to main.o(.rodata.str1.1) for .L.str
    main.o(.text.main) refers to st7735.o(.text.ST7735_drawString) for ST7735_drawString
    main.o(.ARM.exidx.text.main) refers to main.o(.text.main) for [Anonymous Symbol]
    st7735.o(.text.writeCommand) refers to dio.o(.text.Dio_WriteChannel) for Dio_WriteChannel
    st7735.o(.text.writeCommand) refers to ssi.o(.text.SSI_SEND_BYTE) for SSI_SEND_BYTE
    st7735.o(.ARM.exidx.text.writeCommand) refers to st7735.o(.text.writeCommand) for [Anonymous Symbol]
    st7735.o(.text.ST7735_Init) refers to dio.o(.text.Dio_WriteChannel) for Dio_WriteChannel
    st7735.o(.text.ST7735_Init) refers to delay_ms.o(.text.delay_ms) for delay_ms
    st7735.o(.text.ST7735_Init) refers to st7735.o(.text.writeCommand) for writeCommand
    st7735.o(.text.ST7735_Init) refers to st7735.o(.text.writeData) for writeData
    st7735.o(.text.ST7735_Init) refers to st7735.o(.data.GMCTRP1_arr) for GMCTRP1_arr
    st7735.o(.text.ST7735_Init) refers to st7735.o(.text.write_Array_Of_Data) for write_Array_Of_Data
    st7735.o(.text.ST7735_Init) refers to st7735.o(.data.GMCTRN1_arr) for GMCTRN1_arr
    st7735.o(.ARM.exidx.text.ST7735_Init) refers to st7735.o(.text.ST7735_Init) for [Anonymous Symbol]
    st7735.o(.text.writeData) refers to dio.o(.text.Dio_WriteChannel) for Dio_WriteChannel
    st7735.o(.text.writeData) refers to ssi.o(.text.SSI_SEND_BYTE) for SSI_SEND_BYTE
    st7735.o(.ARM.exidx.text.writeData) refers to st7735.o(.text.writeData) for [Anonymous Symbol]
    st7735.o(.text.write_Array_Of_Data) refers to dio.o(.text.Dio_WriteChannel) for Dio_WriteChannel
    st7735.o(.text.write_Array_Of_Data) refers to ssi.o(.text.SSI_SEND_ARRAY_OF_BYTES) for SSI_SEND_ARRAY_OF_BYTES
    st7735.o(.ARM.exidx.text.write_Array_Of_Data) refers to st7735.o(.text.write_Array_Of_Data) for [Anonymous Symbol]
    st7735.o(.text.Define_Window) refers to st7735.o(.text.writeCommand) for writeCommand
    st7735.o(.text.Define_Window) refers to st7735.o(.text.writeData) for writeData
    st7735.o(.ARM.exidx.text.Define_Window) refers to st7735.o(.text.Define_Window) for [Anonymous Symbol]
    st7735.o(.text.pushColour) refers to st7735.o(.text.writeData) for writeData
    st7735.o(.ARM.exidx.text.pushColour) refers to st7735.o(.text.pushColour) for [Anonymous Symbol]
    st7735.o(.text.ST7735_drawPixel) refers to st7735.o(.text.Define_Window) for Define_Window
    st7735.o(.text.ST7735_drawPixel) refers to st7735.o(.text.pushColour) for pushColour
    st7735.o(.ARM.exidx.text.ST7735_drawPixel) refers to st7735.o(.text.ST7735_drawPixel) for [Anonymous Symbol]
    st7735.o(.text.ST7735_fillRect) refers to st7735.o(.text.Define_Window) for Define_Window
    st7735.o(.text.ST7735_fillRect) refers to st7735.o(.text.pushColour) for pushColour
    st7735.o(.ARM.exidx.text.ST7735_fillRect) refers to st7735.o(.text.ST7735_fillRect) for [Anonymous Symbol]
    st7735.o(.text.ST7735_Draw_image) refers to st7735.o(.text.Define_Window) for Define_Window
    st7735.o(.text.ST7735_Draw_image) refers to st7735.o(.text.writeData) for writeData
    st7735.o(.ARM.exidx.text.ST7735_Draw_image) refers to st7735.o(.text.ST7735_Draw_image) for [Anonymous Symbol]
    st7735.o(.text.ST7735_drawChar) refers to st7735.o(.rodata.font) for font
    st7735.o(.text.ST7735_drawChar) refers to st7735.o(.text.ST7735_drawPixel) for ST7735_drawPixel
    st7735.o(.text.ST7735_drawChar) refers to st7735.o(.text.ST7735_fillRect) for ST7735_fillRect
    st7735.o(.ARM.exidx.text.ST7735_drawChar) refers to st7735.o(.text.ST7735_drawChar) for [Anonymous Symbol]
    st7735.o(.text.ST7735_drawString) refers to st7735.o(.text.ST7735_drawChar) for ST7735_drawChar
    st7735.o(.ARM.exidx.text.ST7735_drawString) refers to st7735.o(.text.ST7735_drawString) for [Anonymous Symbol]
    ssi.o(.text.SSI_INIT) refers to ssi_lcfg.o(.rodata.str_SSI_Config) for str_SSI_Config
    ssi.o(.ARM.exidx.text.SSI_INIT) refers to ssi.o(.text.SSI_INIT) for [Anonymous Symbol]
    ssi.o(.ARM.exidx.text.SSI_SEND_BYTE) refers to ssi.o(.text.SSI_SEND_BYTE) for [Anonymous Symbol]
    ssi.o(.ARM.exidx.text.SSI_Disable_Transfer) refers to ssi.o(.text.SSI_Disable_Transfer) for [Anonymous Symbol]
    ssi.o(.text.SSI_SEND_ARRAY_OF_BYTES) refers to ssi.o(.text.SSI_SEND_BYTE) for SSI_SEND_BYTE
    ssi.o(.ARM.exidx.text.SSI_SEND_ARRAY_OF_BYTES) refers to ssi.o(.text.SSI_SEND_ARRAY_OF_BYTES) for [Anonymous Symbol]
    ssi.o(.ARM.exidx.text.SSI_RECEIVE_BYTE) refers to ssi.o(.text.SSI_RECEIVE_BYTE) for [Anonymous Symbol]
    port.o(.text.PORT_init) refers to mcu_hw.o(.data.Array_of_pntr_to_GPIO_APB_GPI0_APB_BaseAddrArr) for Array_of_pntr_to_GPIO_APB_GPI0_APB_BaseAddrArr
    port.o(.text.PORT_init) refers to port_lcfg.o(.data.PortCfgArr) for PortCfgArr
    port.o(.ARM.exidx.text.PORT_init) refers to port.o(.text.PORT_init) for [Anonymous Symbol]
    sysctr.o(.text.SysCtr_init) refers to sysctr_cfg.o(.rodata.gSysCtr_cfg) for gSysCtr_cfg
    sysctr.o(.text.SysCtr_init) refers to mcu_hw.o(.data.au8_RCG_INDEX) for au8_RCG_INDEX
    sysctr.o(.ARM.exidx.text.SysCtr_init) refers to sysctr.o(.text.SysCtr_init) for [Anonymous Symbol]
    sysctr.o(.text.SysCtr_getSysClockFreq) refers to sysctr_cfg.o(.rodata.gSysCtr_cfg) for gSysCtr_cfg
    sysctr.o(.ARM.exidx.text.SysCtr_getSysClockFreq) refers to sysctr.o(.text.SysCtr_getSysClockFreq) for [Anonymous Symbol]
    nvic.o(.text.NVIC_init) refers to processor.o(.text.PROCESSOR_switchMode) for PROCESSOR_switchMode
    nvic.o(.text.NVIC_init) refers to nvic_lcfg.o(.rodata.NVIC_CfgArr) for NVIC_CfgArr
    nvic.o(.ARM.exidx.text.NVIC_init) refers to nvic.o(.text.NVIC_init) for [Anonymous Symbol]
    dio.o(.text.Dio_ReadChannel) refers to mcu_hw.o(.data.Array_of_pntr_to_GPIO_APB_GPI0_APB_BaseAddrArr) for Array_of_pntr_to_GPIO_APB_GPI0_APB_BaseAddrArr
    dio.o(.ARM.exidx.text.Dio_ReadChannel) refers to dio.o(.text.Dio_ReadChannel) for [Anonymous Symbol]
    dio.o(.text.Dio_WriteChannel) refers to mcu_hw.o(.data.Array_of_pntr_to_GPIO_APB_GPI0_APB_BaseAddrArr) for Array_of_pntr_to_GPIO_APB_GPI0_APB_BaseAddrArr
    dio.o(.ARM.exidx.text.Dio_WriteChannel) refers to dio.o(.text.Dio_WriteChannel) for [Anonymous Symbol]
    dio.o(.text.Dio_ReadPort) refers to mcu_hw.o(.data.Array_of_pntr_to_GPIO_APB_GPI0_APB_BaseAddrArr) for Array_of_pntr_to_GPIO_APB_GPI0_APB_BaseAddrArr
    dio.o(.ARM.exidx.text.Dio_ReadPort) refers to dio.o(.text.Dio_ReadPort) for [Anonymous Symbol]
    dio.o(.text.Dio_WritePort) refers to mcu_hw.o(.data.Array_of_pntr_to_GPIO_APB_GPI0_APB_BaseAddrArr) for Array_of_pntr_to_GPIO_APB_GPI0_APB_BaseAddrArr
    dio.o(.ARM.exidx.text.Dio_WritePort) refers to dio.o(.text.Dio_WritePort) for [Anonymous Symbol]
    dio.o(.text.Dio_FlipChannel) refers to mcu_hw.o(.data.Array_of_pntr_to_GPIO_APB_GPI0_APB_BaseAddrArr) for Array_of_pntr_to_GPIO_APB_GPI0_APB_BaseAddrArr
    dio.o(.ARM.exidx.text.Dio_FlipChannel) refers to dio.o(.text.Dio_FlipChannel) for [Anonymous Symbol]
    dio.o(.ARM.exidx.text.Dio_FlipPort) refers to dio.o(.text.Dio_FlipPort) for [Anonymous Symbol]
    processor.o(.text.PROCESSOR_enableGlobalInt) refers to processor.o(.text.PROCESSOR_switchMode) for PROCESSOR_switchMode
    processor.o(.ARM.exidx.text.PROCESSOR_enableGlobalInt) refers to processor.o(.text.PROCESSOR_enableGlobalInt) for [Anonymous Symbol]
    processor.o(.text.PROCESSOR_switchMode) refers to processor.o(.bss.gPROCESSOR_ModeType_Mode_Buffer) for gPROCESSOR_ModeType_Mode_Buffer
    processor.o(.ARM.exidx.text.PROCESSOR_switchMode) refers to processor.o(.text.PROCESSOR_switchMode) for [Anonymous Symbol]
    processor.o(.text.PROCESSOR_disableGlobalInt) refers to processor.o(.text.PROCESSOR_switchMode) for PROCESSOR_switchMode
    processor.o(.ARM.exidx.text.PROCESSOR_disableGlobalInt) refers to processor.o(.text.PROCESSOR_disableGlobalInt) for [Anonymous Symbol]
    processor.o(.text.PROCESSOR_SvcHandler) refers to processor.o(.bss.gPROCESSOR_ModeType_Mode_Buffer) for gPROCESSOR_ModeType_Mode_Buffer
    processor.o(.ARM.exidx.text.PROCESSOR_SvcHandler) refers to processor.o(.text.PROCESSOR_SvcHandler) for [Anonymous Symbol]
    delay_ms.o(.ARM.exidx.text.delay_ms) refers to delay_ms.o(.text.delay_ms) for [Anonymous Symbol]
    sysctr_cfg.o(.rodata.gSysCtr_cfg) refers to sysctr_cfg.o(.data.au8_Opened_gates_for_peripherals) for au8_Opened_gates_for_peripherals
    startup_tm4c123.o(RESET) refers to startup_tm4c123.o(STACK) for __initial_sp
    startup_tm4c123.o(RESET) refers to startup_tm4c123.o(.text) for Reset_Handler
    startup_tm4c123.o(.text) refers to system_tm4c123.o(.text.SystemInit) for SystemInit
    startup_tm4c123.o(.text) refers to entry.o(.ARM.Collect$$$$00000000) for __main
    system_tm4c123.o(.text.SystemCoreClockUpdate) refers to system_tm4c123.o(.text.getOscClk) for getOscClk
    system_tm4c123.o(.text.SystemCoreClockUpdate) refers to system_tm4c123.o(.data.SystemCoreClock) for SystemCoreClock
    system_tm4c123.o(.ARM.exidx.text.SystemCoreClockUpdate) refers to system_tm4c123.o(.text.SystemCoreClockUpdate) for [Anonymous Symbol]
    system_tm4c123.o(.ARM.exidx.text.getOscClk) refers to system_tm4c123.o(.text.getOscClk) for [Anonymous Symbol]
    system_tm4c123.o(.ARM.exidx.text.SystemInit) refers to system_tm4c123.o(.text.SystemInit) for [Anonymous Symbol]
    entry.o(.ARM.Collect$$$$00000000) refers (Special) to entry10a.o(.ARM.Collect$$$$0000000D) for __rt_final_cpp
    entry.o(.ARM.Collect$$$$00000000) refers (Special) to entry11a.o(.ARM.Collect$$$$0000000F) for __rt_final_exit
    entry.o(.ARM.Collect$$$$00000000) refers (Special) to entry7b.o(.ARM.Collect$$$$00000008) for _main_clock
    entry.o(.ARM.Collect$$$$00000000) refers (Special) to entry8b.o(.ARM.Collect$$$$0000000A) for _main_cpp_init
    entry.o(.ARM.Collect$$$$00000000) refers (Special) to entry9a.o(.ARM.Collect$$$$0000000B) for _main_init
    entry.o(.ARM.Collect$$$$00000000) refers (Special) to entry5.o(.ARM.Collect$$$$00000004) for _main_scatterload
    entry.o(.ARM.Collect$$$$00000000) refers (Special) to entry2.o(.ARM.Collect$$$$00000001) for _main_stk
    entry2.o(.ARM.Collect$$$$00000001) refers to entry2.o(.ARM.Collect$$$$00002712) for __lit__00000000
    entry2.o(.ARM.Collect$$$$00002712) refers to startup_tm4c123.o(STACK) for __initial_sp
    entry2.o(__vectab_stack_and_reset_area) refers to startup_tm4c123.o(STACK) for __initial_sp
    entry2.o(__vectab_stack_and_reset_area) refers to entry.o(.ARM.Collect$$$$00000000) for __main
    entry5.o(.ARM.Collect$$$$00000004) refers to init.o(.text) for __scatterload
    entry9a.o(.ARM.Collect$$$$0000000B) refers to main.o(.text.main) for main
    entry9b.o(.ARM.Collect$$$$0000000C) refers to main.o(.text.main) for main
    init.o(.text) refers to entry5.o(.ARM.Collect$$$$00000004) for __main_after_scatterload


==============================================================================

Removing Unused input sections from the image.

    Removing main.o(.text), (0 bytes).
    Removing main.o(.ARM.exidx.text.main), (8 bytes).
    Removing main.o(.rodata.Friends_Image_map), (32768 bytes).
    Removing main.o(.ARM.use_no_argv), (4 bytes).
    Removing st7735.o(.text), (0 bytes).
    Removing st7735.o(.ARM.exidx.text.writeCommand), (8 bytes).
    Removing st7735.o(.ARM.exidx.text.ST7735_Init), (8 bytes).
    Removing st7735.o(.ARM.exidx.text.writeData), (8 bytes).
    Removing st7735.o(.ARM.exidx.text.write_Array_Of_Data), (8 bytes).
    Removing st7735.o(.ARM.exidx.text.Define_Window), (8 bytes).
    Removing st7735.o(.ARM.exidx.text.pushColour), (8 bytes).
    Removing st7735.o(.ARM.exidx.text.ST7735_drawPixel), (8 bytes).
    Removing st7735.o(.ARM.exidx.text.ST7735_fillRect), (8 bytes).
    Removing st7735.o(.text.ST7735_Draw_image), (60 bytes).
    Removing st7735.o(.ARM.exidx.text.ST7735_Draw_image), (8 bytes).
    Removing st7735.o(.ARM.exidx.text.ST7735_drawChar), (8 bytes).
    Removing st7735.o(.ARM.exidx.text.ST7735_drawString), (8 bytes).
    Removing ssi.o(.text), (0 bytes).
    Removing ssi.o(.ARM.exidx.text.SSI_INIT), (8 bytes).
    Removing ssi.o(.ARM.exidx.text.SSI_SEND_BYTE), (8 bytes).
    Removing ssi.o(.text.SSI_Disable_Transfer), (18 bytes).
    Removing ssi.o(.ARM.exidx.text.SSI_Disable_Transfer), (8 bytes).
    Removing ssi.o(.ARM.exidx.text.SSI_SEND_ARRAY_OF_BYTES), (8 bytes).
    Removing ssi.o(.text.SSI_RECEIVE_BYTE), (8 bytes).
    Removing ssi.o(.ARM.exidx.text.SSI_RECEIVE_BYTE), (8 bytes).
    Removing port.o(.text), (0 bytes).
    Removing port.o(.ARM.exidx.text.PORT_init), (8 bytes).
    Removing sysctr.o(.text), (0 bytes).
    Removing sysctr.o(.ARM.exidx.text.SysCtr_init), (8 bytes).
    Removing sysctr.o(.text.SysCtr_getSysClockFreq), (12 bytes).
    Removing sysctr.o(.ARM.exidx.text.SysCtr_getSysClockFreq), (8 bytes).
    Removing mcu_hw.o(.text), (0 bytes).
    Removing nvic.o(.text), (0 bytes).
    Removing nvic.o(.text.NVIC_init), (190 bytes).
    Removing nvic.o(.ARM.exidx.text.NVIC_init), (8 bytes).
    Removing dio.o(.text), (0 bytes).
    Removing dio.o(.text.Dio_ReadChannel), (60 bytes).
    Removing dio.o(.ARM.exidx.text.Dio_ReadChannel), (8 bytes).
    Removing dio.o(.ARM.exidx.text.Dio_WriteChannel), (8 bytes).
    Removing dio.o(.text.Dio_ReadPort), (30 bytes).
    Removing dio.o(.ARM.exidx.text.Dio_ReadPort), (8 bytes).
    Removing dio.o(.text.Dio_WritePort), (36 bytes).
    Removing dio.o(.ARM.exidx.text.Dio_WritePort), (8 bytes).
    Removing dio.o(.text.Dio_FlipChannel), (64 bytes).
    Removing dio.o(.ARM.exidx.text.Dio_FlipChannel), (8 bytes).
    Removing dio.o(.text.Dio_FlipPort), (10 bytes).
    Removing dio.o(.ARM.exidx.text.Dio_FlipPort), (8 bytes).
    Removing processor.o(.text), (0 bytes).
    Removing processor.o(.text.PROCESSOR_enableGlobalInt), (18 bytes).
    Removing processor.o(.ARM.exidx.text.PROCESSOR_enableGlobalInt), (8 bytes).
    Removing processor.o(.text.PROCESSOR_switchMode), (26 bytes).
    Removing processor.o(.ARM.exidx.text.PROCESSOR_switchMode), (8 bytes).
    Removing processor.o(.text.PROCESSOR_disableGlobalInt), (18 bytes).
    Removing processor.o(.ARM.exidx.text.PROCESSOR_disableGlobalInt), (8 bytes).
    Removing processor.o(.text.PROCESSOR_SvcHandler), (52 bytes).
    Removing processor.o(.ARM.exidx.text.PROCESSOR_SvcHandler), (8 bytes).
    Removing processor.o(.bss.gPROCESSOR_ModeType_Mode_Buffer), (1 bytes).
    Removing delay_ms.o(.text), (0 bytes).
    Removing delay_ms.o(.ARM.exidx.text.delay_ms), (8 bytes).
    Removing nvic_lcfg.o(.text), (0 bytes).
    Removing nvic_lcfg.o(.rodata.NVIC_CfgArr), (20 bytes).
    Removing port_lcfg.o(.text), (0 bytes).
    Removing ssi_lcfg.o(.text), (0 bytes).
    Removing sysctr_cfg.o(.text), (0 bytes).
    Removing startup_tm4c123.o(HEAP), (0 bytes).
    Removing system_tm4c123.o(.text), (0 bytes).
    Removing system_tm4c123.o(.text.SystemCoreClockUpdate), (326 bytes).
    Removing system_tm4c123.o(.ARM.exidx.text.SystemCoreClockUpdate), (8 bytes).
    Removing system_tm4c123.o(.text.getOscClk), (360 bytes).
    Removing system_tm4c123.o(.ARM.exidx.text.getOscClk), (8 bytes).
    Removing system_tm4c123.o(.ARM.exidx.text.SystemInit), (8 bytes).
    Removing system_tm4c123.o(.data.SystemCoreClock), (4 bytes).

72 unused section(s) (total 34365 bytes) removed from the image.

==============================================================================

Image Symbol Table

    Local Symbols

    Symbol Name                              Value     Ov Type        Size  Object(Section)

    ../clib/microlib/init/entry.s            0x00000000   Number         0  entry.o ABSOLUTE
    ../clib/microlib/init/entry.s            0x00000000   Number         0  entry2.o ABSOLUTE
    ../clib/microlib/init/entry.s            0x00000000   Number         0  entry5.o ABSOLUTE
    ../clib/microlib/init/entry.s            0x00000000   Number         0  entry7a.o ABSOLUTE
    ../clib/microlib/init/entry.s            0x00000000   Number         0  entry7b.o ABSOLUTE
    ../clib/microlib/init/entry.s            0x00000000   Number         0  entry8a.o ABSOLUTE
    ../clib/microlib/init/entry.s            0x00000000   Number         0  entry8b.o ABSOLUTE
    ../clib/microlib/init/entry.s            0x00000000   Number         0  entry9a.o ABSOLUTE
    ../clib/microlib/init/entry.s            0x00000000   Number         0  entry9b.o ABSOLUTE
    ../clib/microlib/init/entry.s            0x00000000   Number         0  entry10a.o ABSOLUTE
    ../clib/microlib/init/entry.s            0x00000000   Number         0  entry10b.o ABSOLUTE
    ../clib/microlib/init/entry.s            0x00000000   Number         0  entry11a.o ABSOLUTE
    ../clib/microlib/init/entry.s            0x00000000   Number         0  entry11b.o ABSOLUTE
    Delay_ms.c                               0x00000000   Number         0  delay_ms.o ABSOLUTE
    RTE/Device/TM4C123GH6PM/startup_TM4C123.s 0x00000000   Number         0  startup_tm4c123.o ABSOLUTE
    ST7735.c                                 0x00000000   Number         0  st7735.o ABSOLUTE
    SysCtr.c                                 0x00000000   Number         0  sysctr.o ABSOLUTE
    SysCtr_cfg.c                             0x00000000   Number         0  sysctr_cfg.o ABSOLUTE
    dc.s                                     0x00000000   Number         0  dc.o ABSOLUTE
    dio.c                                    0x00000000   Number         0  dio.o ABSOLUTE
    handlers.s                               0x00000000   Number         0  handlers.o ABSOLUTE
    init.s                                   0x00000000   Number         0  init.o ABSOLUTE
    main.c                                   0x00000000   Number         0  main.o ABSOLUTE
    mcu_hw.c                                 0x00000000   Number         0  mcu_hw.o ABSOLUTE
    nvic.c                                   0x00000000   Number         0  nvic.o ABSOLUTE
    nvic_lcfg.c                              0x00000000   Number         0  nvic_lcfg.o ABSOLUTE
    port.c                                   0x00000000   Number         0  port.o ABSOLUTE
    port_lcfg.c                              0x00000000   Number         0  port_lcfg.o ABSOLUTE
    processor.c                              0x00000000   Number         0  processor.o ABSOLUTE
    ssi.c                                    0x00000000   Number         0  ssi.o ABSOLUTE
    ssi_lcfg.c                               0x00000000   Number         0  ssi_lcfg.o ABSOLUTE
    system_TM4C123.c                         0x00000000   Number         0  system_tm4c123.o ABSOLUTE
    RESET                                    0x00000000   Section      620  startup_tm4c123.o(RESET)
    .ARM.Collect$$$$00000000                 0x0000026c   Section        0  entry.o(.ARM.Collect$$$$00000000)
    .ARM.Collect$$$$00000001                 0x0000026c   Section        4  entry2.o(.ARM.Collect$$$$00000001)
    .ARM.Collect$$$$00000004                 0x00000270   Section        4  entry5.o(.ARM.Collect$$$$00000004)
    .ARM.Collect$$$$00000008                 0x00000274   Section        0  entry7b.o(.ARM.Collect$$$$00000008)
    .ARM.Collect$$$$0000000A                 0x00000274   Section        0  entry8b.o(.ARM.Collect$$$$0000000A)
    .ARM.Collect$$$$0000000B                 0x00000274   Section        8  entry9a.o(.ARM.Collect$$$$0000000B)
    __lit__00000000                          0x0000027c   Data           4  entry2.o(.ARM.Collect$$$$00002712)
    .ARM.Collect$$$$0000000D                 0x0000027c   Section        0  entry10a.o(.ARM.Collect$$$$0000000D)
    .ARM.Collect$$$$0000000F                 0x0000027c   Section        0  entry11a.o(.ARM.Collect$$$$0000000F)
    .ARM.Collect$$$$00002712                 0x0000027c   Section        4  entry2.o(.ARM.Collect$$$$00002712)
    $v0                                      0x00000280   Number         0  startup_tm4c123.o(.text)
    .text                                    0x00000280   Section      252  startup_tm4c123.o(.text)
    .text                                    0x0000037c   Section       48  init.o(.text)
    [Anonymous Symbol]                       0x000003ac   Section        0  st7735.o(.text.Define_Window)
    [Anonymous Symbol]                       0x00000410   Section        0  dio.o(.text.Dio_WriteChannel)
    [Anonymous Symbol]                       0x00000490   Section        0  port.o(.text.PORT_init)
    [Anonymous Symbol]                       0x00000770   Section        0  ssi.o(.text.SSI_INIT)
    [Anonymous Symbol]                       0x000007e4   Section        0  ssi.o(.text.SSI_SEND_ARRAY_OF_BYTES)
    [Anonymous Symbol]                       0x00000814   Section        0  ssi.o(.text.SSI_SEND_BYTE)
    [Anonymous Symbol]                       0x00000844   Section        0  st7735.o(.text.ST7735_Init)
    [Anonymous Symbol]                       0x000008f0   Section        0  st7735.o(.text.ST7735_drawChar)
    [Anonymous Symbol]                       0x00000aa0   Section        0  st7735.o(.text.ST7735_drawPixel)
    [Anonymous Symbol]                       0x00000aec   Section        0  st7735.o(.text.ST7735_drawString)
    [Anonymous Symbol]                       0x00000bbc   Section        0  st7735.o(.text.ST7735_fillRect)
    [Anonymous Symbol]                       0x00000c4c   Section        0  sysctr.o(.text.SysCtr_init)
    [Anonymous Symbol]                       0x00000cdc   Section        0  system_tm4c123.o(.text.SystemInit)
    [Anonymous Symbol]                       0x00000de8   Section        0  delay_ms.o(.text.delay_ms)
    [Anonymous Symbol]                       0x00000e5c   Section        0  main.o(.text.main)
    [Anonymous Symbol]                       0x00000ecc   Section        0  st7735.o(.text.pushColour)
    [Anonymous Symbol]                       0x00000ee8   Section        0  st7735.o(.text.writeCommand)
    writeData                                0x00000f05   Thumb Code    28  st7735.o(.text.writeData)
    [Anonymous Symbol]                       0x00000f04   Section        0  st7735.o(.text.writeData)
    write_Array_Of_Data                      0x00000f21   Thumb Code    32  st7735.o(.text.write_Array_Of_Data)
    [Anonymous Symbol]                       0x00000f20   Section        0  st7735.o(.text.write_Array_Of_Data)
    i.__scatterload_copy                     0x00000f40   Section       14  handlers.o(i.__scatterload_copy)
    i.__scatterload_null                     0x00000f4e   Section        2  handlers.o(i.__scatterload_null)
    i.__scatterload_zeroinit                 0x00000f50   Section       14  handlers.o(i.__scatterload_zeroinit)
    font                                     0x00000f5e   Data        1275  st7735.o(.rodata.font)
    [Anonymous Symbol]                       0x00000f5e   Section        0  st7735.o(.rodata.font)
    .L.str                                   0x00001464   Data           6  main.o(.rodata.str1.1)
    [Anonymous Symbol]                       0x00001464   Section        0  main.o(.rodata.str1.1)
    .L.str.1                                 0x0000146a   Data           7  main.o(.rodata.str1.1)
    GMCTRN1_arr                              0x20000018   Data          16  st7735.o(.data.GMCTRN1_arr)
    [Anonymous Symbol]                       0x20000018   Section        0  st7735.o(.data.GMCTRN1_arr)
    GMCTRP1_arr                              0x20000028   Data          16  st7735.o(.data.GMCTRP1_arr)
    [Anonymous Symbol]                       0x20000028   Section        0  st7735.o(.data.GMCTRP1_arr)
    STACK                                    0x200000a0   Section      512  startup_tm4c123.o(STACK)

    Global Symbols

    Symbol Name                              Value     Ov Type        Size  Object(Section)

    BuildAttributes$$THM_ISAv4$E$P$D$K$B$S$7EM$VFPi3$EXTD16$VFPS$VFMA$PE$A:L22UL41UL21$X:L11$S22US41US21$IEEE1$IW$~IW$USESV6$~STKCKD$USESV7$~SHL$OSPACE$EBA8$MICROLIB$REQ8$PRES8$EABIv2 0x00000000   Number         0  anon$$obj.o ABSOLUTE
    __Vectors                                0x00000000   Data           4  startup_tm4c123.o(RESET)
    __cpp_initialize__aeabi_                  - Undefined Weak Reference
    __cxa_finalize                            - Undefined Weak Reference
    __decompress                              - Undefined Weak Reference
    _clock_init                               - Undefined Weak Reference
    _microlib_exit                            - Undefined Weak Reference
    __Vectors_End                            0x0000026c   Data           0  startup_tm4c123.o(RESET)
    __Vectors_Size                           0x0000026c   Number         0  startup_tm4c123.o ABSOLUTE
    __main                                   0x0000026d   Thumb Code     0  entry.o(.ARM.Collect$$$$00000000)
    _main_stk                                0x0000026d   Thumb Code     0  entry2.o(.ARM.Collect$$$$00000001)
    _main_scatterload                        0x00000271   Thumb Code     0  entry5.o(.ARM.Collect$$$$00000004)
    __main_after_scatterload                 0x00000275   Thumb Code     0  entry5.o(.ARM.Collect$$$$00000004)
    _main_clock                              0x00000275   Thumb Code     0  entry7b.o(.ARM.Collect$$$$00000008)
    _main_cpp_init                           0x00000275   Thumb Code     0  entry8b.o(.ARM.Collect$$$$0000000A)
    _main_init                               0x00000275   Thumb Code     0  entry9a.o(.ARM.Collect$$$$0000000B)
    __rt_final_cpp                           0x0000027d   Thumb Code     0  entry10a.o(.ARM.Collect$$$$0000000D)
    __rt_final_exit                          0x0000027d   Thumb Code     0  entry11a.o(.ARM.Collect$$$$0000000F)
    Reset_Handler                            0x00000281   Thumb Code     8  startup_tm4c123.o(.text)
    NMI_Handler                              0x00000289   Thumb Code     2  startup_tm4c123.o(.text)
    HardFault_Handler                        0x0000028b   Thumb Code     2  startup_tm4c123.o(.text)
    MemManage_Handler                        0x0000028d   Thumb Code     2  startup_tm4c123.o(.text)
    BusFault_Handler                         0x0000028f   Thumb Code     2  startup_tm4c123.o(.text)
    UsageFault_Handler                       0x00000291   Thumb Code     2  startup_tm4c123.o(.text)
    SVC_Handler                              0x00000293   Thumb Code     2  startup_tm4c123.o(.text)
    DebugMon_Handler                         0x00000295   Thumb Code     2  startup_tm4c123.o(.text)
    PendSV_Handler                           0x00000297   Thumb Code     2  startup_tm4c123.o(.text)
    SysTick_Handler                          0x00000299   Thumb Code     2  startup_tm4c123.o(.text)
    GPIOA_Handler                            0x0000029b   Thumb Code     2  startup_tm4c123.o(.text)
    GPIOB_Handler                            0x0000029d   Thumb Code     2  startup_tm4c123.o(.text)
    GPIOC_Handler                            0x0000029f   Thumb Code     2  startup_tm4c123.o(.text)
    GPIOD_Handler                            0x000002a1   Thumb Code     2  startup_tm4c123.o(.text)
    GPIOE_Handler                            0x000002a3   Thumb Code     2  startup_tm4c123.o(.text)
    UART0_Handler                            0x000002a5   Thumb Code     2  startup_tm4c123.o(.text)
    UART1_Handler                            0x000002a7   Thumb Code     2  startup_tm4c123.o(.text)
    SSI0_Handler                             0x000002a9   Thumb Code     2  startup_tm4c123.o(.text)
    I2C0_Handler                             0x000002ab   Thumb Code     2  startup_tm4c123.o(.text)
    PMW0_FAULT_Handler                       0x000002ad   Thumb Code     2  startup_tm4c123.o(.text)
    PWM0_0_Handler                           0x000002af   Thumb Code     2  startup_tm4c123.o(.text)
    PWM0_1_Handler                           0x000002b1   Thumb Code     2  startup_tm4c123.o(.text)
    PWM0_2_Handler                           0x000002b3   Thumb Code     2  startup_tm4c123.o(.text)
    QEI0_Handler                             0x000002b5   Thumb Code     2  startup_tm4c123.o(.text)
    ADC0SS0_Handler                          0x000002b7   Thumb Code     2  startup_tm4c123.o(.text)
    ADC0SS1_Handler                          0x000002b9   Thumb Code     2  startup_tm4c123.o(.text)
    ADC0SS2_Handler                          0x000002bb   Thumb Code     2  startup_tm4c123.o(.text)
    ADC0SS3_Handler                          0x000002bd   Thumb Code     2  startup_tm4c123.o(.text)
    WDT0_Handler                             0x000002bf   Thumb Code     2  startup_tm4c123.o(.text)
    TIMER0A_Handler                          0x000002c1   Thumb Code     2  startup_tm4c123.o(.text)
    TIMER0B_Handler                          0x000002c3   Thumb Code     2  startup_tm4c123.o(.text)
    TIMER1A_Handler                          0x000002c5   Thumb Code     2  startup_tm4c123.o(.text)
    TIMER1B_Handler                          0x000002c7   Thumb Code     2  startup_tm4c123.o(.text)
    TIMER2A_Handler                          0x000002c9   Thumb Code     2  startup_tm4c123.o(.text)
    TIMER2B_Handler                          0x000002cb   Thumb Code     2  startup_tm4c123.o(.text)
    COMP0_Handler                            0x000002cd   Thumb Code     2  startup_tm4c123.o(.text)
    COMP1_Handler                            0x000002cf   Thumb Code     2  startup_tm4c123.o(.text)
    COMP2_Handler                            0x000002d1   Thumb Code     2  startup_tm4c123.o(.text)
    SYSCTL_Handler                           0x000002d3   Thumb Code     2  startup_tm4c123.o(.text)
    FLASH_Handler                            0x000002d5   Thumb Code     2  startup_tm4c123.o(.text)
    GPIOF_Handler                            0x000002d7   Thumb Code     2  startup_tm4c123.o(.text)
    GPIOG_Handler                            0x000002d9   Thumb Code     2  startup_tm4c123.o(.text)
    GPIOH_Handler                            0x000002db   Thumb Code     2  startup_tm4c123.o(.text)
    UART2_Handler                            0x000002dd   Thumb Code     2  startup_tm4c123.o(.text)
    SSI1_Handler                             0x000002df   Thumb Code     2  startup_tm4c123.o(.text)
    TIMER3A_Handler                          0x000002e1   Thumb Code     2  startup_tm4c123.o(.text)
    TIMER3B_Handler                          0x000002e3   Thumb Code     2  startup_tm4c123.o(.text)
    I2C1_Handler                             0x000002e5   Thumb Code     2  startup_tm4c123.o(.text)
    QEI1_Handler                             0x000002e7   Thumb Code     2  startup_tm4c123.o(.text)
    CAN0_Handler                             0x000002e9   Thumb Code     2  startup_tm4c123.o(.text)
    CAN1_Handler                             0x000002eb   Thumb Code     2  startup_tm4c123.o(.text)
    CAN2_Handler                             0x000002ed   Thumb Code     2  startup_tm4c123.o(.text)
    HIB_Handler                              0x000002ef   Thumb Code     2  startup_tm4c123.o(.text)
    USB0_Handler                             0x000002f1   Thumb Code     2  startup_tm4c123.o(.text)
    PWM0_3_Handler                           0x000002f3   Thumb Code     2  startup_tm4c123.o(.text)
    UDMA_Handler                             0x000002f5   Thumb Code     2  startup_tm4c123.o(.text)
    UDMAERR_Handler                          0x000002f7   Thumb Code     2  startup_tm4c123.o(.text)
    ADC1SS0_Handler                          0x000002f9   Thumb Code     2  startup_tm4c123.o(.text)
    ADC1SS1_Handler                          0x000002fb   Thumb Code     2  startup_tm4c123.o(.text)
    ADC1SS2_Handler                          0x000002fd   Thumb Code     2  startup_tm4c123.o(.text)
    ADC1SS3_Handler                          0x000002ff   Thumb Code     2  startup_tm4c123.o(.text)
    GPIOJ_Handler                            0x00000301   Thumb Code     2  startup_tm4c123.o(.text)
    GPIOK_Handler                            0x00000303   Thumb Code     2  startup_tm4c123.o(.text)
    GPIOL_Handler                            0x00000305   Thumb Code     2  startup_tm4c123.o(.text)
    SSI2_Handler                             0x00000307   Thumb Code     2  startup_tm4c123.o(.text)
    SSI3_Handler                             0x00000309   Thumb Code     2  startup_tm4c123.o(.text)
    UART3_Handler                            0x0000030b   Thumb Code     2  startup_tm4c123.o(.text)
    UART4_Handler                            0x0000030d   Thumb Code     2  startup_tm4c123.o(.text)
    UART5_Handler                            0x0000030f   Thumb Code     2  startup_tm4c123.o(.text)
    UART6_Handler                            0x00000311   Thumb Code     2  startup_tm4c123.o(.text)
    UART7_Handler                            0x00000313   Thumb Code     2  startup_tm4c123.o(.text)
    I2C2_Handler                             0x00000315   Thumb Code     2  startup_tm4c123.o(.text)
    I2C3_Handler                             0x00000317   Thumb Code     2  startup_tm4c123.o(.text)
    TIMER4A_Handler                          0x00000319   Thumb Code     2  startup_tm4c123.o(.text)
    TIMER4B_Handler                          0x0000031b   Thumb Code     2  startup_tm4c123.o(.text)
    TIMER5A_Handler                          0x0000031d   Thumb Code     2  startup_tm4c123.o(.text)
    TIMER5B_Handler                          0x0000031f   Thumb Code     2  startup_tm4c123.o(.text)
    WTIMER0A_Handler                         0x00000321   Thumb Code     2  startup_tm4c123.o(.text)
    WTIMER0B_Handler                         0x00000323   Thumb Code     2  startup_tm4c123.o(.text)
    WTIMER1A_Handler                         0x00000325   Thumb Code     2  startup_tm4c123.o(.text)
    WTIMER1B_Handler                         0x00000327   Thumb Code     2  startup_tm4c123.o(.text)
    WTIMER2A_Handler                         0x00000329   Thumb Code     2  startup_tm4c123.o(.text)
    WTIMER2B_Handler                         0x0000032b   Thumb Code     2  startup_tm4c123.o(.text)
    WTIMER3A_Handler                         0x0000032d   Thumb Code     2  startup_tm4c123.o(.text)
    WTIMER3B_Handler                         0x0000032f   Thumb Code     2  startup_tm4c123.o(.text)
    WTIMER4A_Handler                         0x00000331   Thumb Code     2  startup_tm4c123.o(.text)
    WTIMER4B_Handler                         0x00000333   Thumb Code     2  startup_tm4c123.o(.text)
    WTIMER5A_Handler                         0x00000335   Thumb Code     2  startup_tm4c123.o(.text)
    WTIMER5B_Handler                         0x00000337   Thumb Code     2  startup_tm4c123.o(.text)
    FPU_Handler                              0x00000339   Thumb Code     2  startup_tm4c123.o(.text)
    I2C4_Handler                             0x0000033b   Thumb Code     2  startup_tm4c123.o(.text)
    I2C5_Handler                             0x0000033d   Thumb Code     2  startup_tm4c123.o(.text)
    GPIOM_Handler                            0x0000033f   Thumb Code     2  startup_tm4c123.o(.text)
    GPION_Handler                            0x00000341   Thumb Code     2  startup_tm4c123.o(.text)
    QEI2_Handler                             0x00000343   Thumb Code     2  startup_tm4c123.o(.text)
    GPIOP0_Handler                           0x00000345   Thumb Code     2  startup_tm4c123.o(.text)
    GPIOP1_Handler                           0x00000347   Thumb Code     2  startup_tm4c123.o(.text)
    GPIOP2_Handler                           0x00000349   Thumb Code     2  startup_tm4c123.o(.text)
    GPIOP3_Handler                           0x0000034b   Thumb Code     2  startup_tm4c123.o(.text)
    GPIOP4_Handler                           0x0000034d   Thumb Code     2  startup_tm4c123.o(.text)
    GPIOP5_Handler                           0x0000034f   Thumb Code     2  startup_tm4c123.o(.text)
    GPIOP6_Handler                           0x00000351   Thumb Code     2  startup_tm4c123.o(.text)
    GPIOP7_Handler                           0x00000353   Thumb Code     2  startup_tm4c123.o(.text)
    GPIOQ0_Handler                           0x00000355   Thumb Code     2  startup_tm4c123.o(.text)
    GPIOQ1_Handler                           0x00000357   Thumb Code     2  startup_tm4c123.o(.text)
    GPIOQ2_Handler                           0x00000359   Thumb Code     2  startup_tm4c123.o(.text)
    GPIOQ3_Handler                           0x0000035b   Thumb Code     2  startup_tm4c123.o(.text)
    GPIOQ4_Handler                           0x0000035d   Thumb Code     2  startup_tm4c123.o(.text)
    GPIOQ5_Handler                           0x0000035f   Thumb Code     2  startup_tm4c123.o(.text)
    GPIOQ6_Handler                           0x00000361   Thumb Code     2  startup_tm4c123.o(.text)
    GPIOQ7_Handler                           0x00000363   Thumb Code     2  startup_tm4c123.o(.text)
    GPIOR_Handler                            0x00000365   Thumb Code     2  startup_tm4c123.o(.text)
    GPIOS_Handler                            0x00000367   Thumb Code     2  startup_tm4c123.o(.text)
    PMW1_0_Handler                           0x00000369   Thumb Code     2  startup_tm4c123.o(.text)
    PWM1_1_Handler                           0x0000036b   Thumb Code     2  startup_tm4c123.o(.text)
    PWM1_2_Handler                           0x0000036d   Thumb Code     2  startup_tm4c123.o(.text)
    PWM1_3_Handler                           0x0000036f   Thumb Code     2  startup_tm4c123.o(.text)
    PWM1_FAULT_Handler                       0x00000371   Thumb Code     2  startup_tm4c123.o(.text)
    __scatterload                            0x0000037d   Thumb Code    38  init.o(.text)
    __scatterload_rt2                        0x0000037d   Thumb Code     0  init.o(.text)
    Define_Window                            0x000003ad   Thumb Code   100  st7735.o(.text.Define_Window)
    Dio_WriteChannel                         0x00000411   Thumb Code   126  dio.o(.text.Dio_WriteChannel)
    PORT_init                                0x00000491   Thumb Code   734  port.o(.text.PORT_init)
    SSI_INIT                                 0x00000771   Thumb Code   114  ssi.o(.text.SSI_INIT)
    SSI_SEND_ARRAY_OF_BYTES                  0x000007e5   Thumb Code    48  ssi.o(.text.SSI_SEND_ARRAY_OF_BYTES)
    SSI_SEND_BYTE                            0x00000815   Thumb Code    46  ssi.o(.text.SSI_SEND_BYTE)
    ST7735_Init                              0x00000845   Thumb Code   156  st7735.o(.text.ST7735_Init)
    ST7735_drawChar                          0x000008f1   Thumb Code   430  st7735.o(.text.ST7735_drawChar)
    ST7735_drawPixel                         0x00000aa1   Thumb Code    74  st7735.o(.text.ST7735_drawPixel)
    ST7735_drawString                        0x00000aed   Thumb Code   206  st7735.o(.text.ST7735_drawString)
    ST7735_fillRect                          0x00000bbd   Thumb Code   144  st7735.o(.text.ST7735_fillRect)
    SysCtr_init                              0x00000c4d   Thumb Code   144  sysctr.o(.text.SysCtr_init)
    SystemInit                               0x00000cdd   Thumb Code   268  system_tm4c123.o(.text.SystemInit)
    delay_ms                                 0x00000de9   Thumb Code   114  delay_ms.o(.text.delay_ms)
    main                                     0x00000e5d   Thumb Code   112  main.o(.text.main)
    pushColour                               0x00000ecd   Thumb Code    28  st7735.o(.text.pushColour)
    writeCommand                             0x00000ee9   Thumb Code    28  st7735.o(.text.writeCommand)
    __scatterload_copy                       0x00000f41   Thumb Code    14  handlers.o(i.__scatterload_copy)
    __scatterload_null                       0x00000f4f   Thumb Code     2  handlers.o(i.__scatterload_null)
    __scatterload_zeroinit                   0x00000f51   Thumb Code    14  handlers.o(i.__scatterload_zeroinit)
    gSysCtr_cfg                              0x0000145c   Data           8  sysctr_cfg.o(.rodata.gSysCtr_cfg)
    str_SSI_Config                           0x00001471   Data           6  ssi_lcfg.o(.rodata.str_SSI_Config)
    Region$$Table$$Base                      0x00001478   Number         0  anon$$obj.o(Region$$Table)
    Region$$Table$$Limit                     0x00001498   Number         0  anon$$obj.o(Region$$Table)
    Array_of_pntr_to_GPIO_APB_GPI0_APB_BaseAddrArr 0x20000000   Data          24  mcu_hw.o(.data.Array_of_pntr_to_GPIO_APB_GPI0_APB_BaseAddrArr)
    PortCfgArr                               0x20000038   Data          72  port_lcfg.o(.data.PortCfgArr)
    au8_Opened_gates_for_peripherals         0x20000080   Data          16  sysctr_cfg.o(.data.au8_Opened_gates_for_peripherals)
    au8_RCG_INDEX                            0x20000090   Data          16  mcu_hw.o(.data.au8_RCG_INDEX)
    __initial_sp                             0x200002a0   Data           0  startup_tm4c123.o(STACK)



==============================================================================

Memory Map of the image

  Image Entry point : 0x0000026d

  Load Region LR_IROM1 (Base: 0x00000000, Size: 0x00001538, Max: 0x00040000, ABSOLUTE)

    Execution Region ER_IROM1 (Exec base: 0x00000000, Load base: 0x00000000, Size: 0x00001498, Max: 0x00040000, ABSOLUTE)

    Exec Addr    Load Addr    Size         Type   Attr      Idx    E Section Name        Object

    0x00000000   0x00000000   0x0000026c   Data   RO          165    RESET               startup_tm4c123.o
    0x0000026c   0x0000026c   0x00000000   Code   RO          186  * .ARM.Collect$$$$00000000  mc_w.l(entry.o)
    0x0000026c   0x0000026c   0x00000004   Code   RO          189    .ARM.Collect$$$$00000001  mc_w.l(entry2.o)
    0x00000270   0x00000270   0x00000004   Code   RO          192    .ARM.Collect$$$$00000004  mc_w.l(entry5.o)
    0x00000274   0x00000274   0x00000000   Code   RO          194    .ARM.Collect$$$$00000008  mc_w.l(entry7b.o)
    0x00000274   0x00000274   0x00000000   Code   RO          196    .ARM.Collect$$$$0000000A  mc_w.l(entry8b.o)
    0x00000274   0x00000274   0x00000008   Code   RO          197    .ARM.Collect$$$$0000000B  mc_w.l(entry9a.o)
    0x0000027c   0x0000027c   0x00000000   Code   RO          199    .ARM.Collect$$$$0000000D  mc_w.l(entry10a.o)
    0x0000027c   0x0000027c   0x00000000   Code   RO          201    .ARM.Collect$$$$0000000F  mc_w.l(entry11a.o)
    0x0000027c   0x0000027c   0x00000004   Code   RO          190    .ARM.Collect$$$$00002712  mc_w.l(entry2.o)
    0x00000280   0x00000280   0x000000fc   Code   RO          166    .text               startup_tm4c123.o
    0x0000037c   0x0000037c   0x00000030   Code   RO          203    .text               mc_w.l(init.o)
    0x000003ac   0x000003ac   0x00000064   Code   RO           21    .text.Define_Window  st7735.o
    0x00000410   0x00000410   0x0000007e   Code   RO           98    .text.Dio_WriteChannel  dio.o
    0x0000048e   0x0000048e   0x00000002   PAD
    0x00000490   0x00000490   0x000002de   Code   RO           62    .text.PORT_init     port.o
    0x0000076e   0x0000076e   0x00000002   PAD
    0x00000770   0x00000770   0x00000072   Code   RO           45    .text.SSI_INIT      ssi.o
    0x000007e2   0x000007e2   0x00000002   PAD
    0x000007e4   0x000007e4   0x00000030   Code   RO           51    .text.SSI_SEND_ARRAY_OF_BYTES  ssi.o
    0x00000814   0x00000814   0x0000002e   Code   RO           47    .text.SSI_SEND_BYTE  ssi.o
    0x00000842   0x00000842   0x00000002   PAD
    0x00000844   0x00000844   0x000000ac   Code   RO           15    .text.ST7735_Init   st7735.o
    0x000008f0   0x000008f0   0x000001ae   Code   RO           31    .text.ST7735_drawChar  st7735.o
    0x00000a9e   0x00000a9e   0x00000002   PAD
    0x00000aa0   0x00000aa0   0x0000004a   Code   RO           25    .text.ST7735_drawPixel  st7735.o
    0x00000aea   0x00000aea   0x00000002   PAD
    0x00000aec   0x00000aec   0x000000ce   Code   RO           33    .text.ST7735_drawString  st7735.o
    0x00000bba   0x00000bba   0x00000002   PAD
    0x00000bbc   0x00000bbc   0x00000090   Code   RO           27    .text.ST7735_fillRect  st7735.o
    0x00000c4c   0x00000c4c   0x00000090   Code   RO           70    .text.SysCtr_init   sysctr.o
    0x00000cdc   0x00000cdc   0x0000010c   Code   RO          177    .text.SystemInit    system_tm4c123.o
    0x00000de8   0x00000de8   0x00000072   Code   RO          131    .text.delay_ms      delay_ms.o
    0x00000e5a   0x00000e5a   0x00000002   PAD
    0x00000e5c   0x00000e5c   0x00000070   Code   RO            2    .text.main          main.o
    0x00000ecc   0x00000ecc   0x0000001c   Code   RO           23    .text.pushColour    st7735.o
    0x00000ee8   0x00000ee8   0x0000001c   Code   RO           13    .text.writeCommand  st7735.o
    0x00000f04   0x00000f04   0x0000001c   Code   RO           17    .text.writeData     st7735.o
    0x00000f20   0x00000f20   0x00000020   Code   RO           19    .text.write_Array_Of_Data  st7735.o
    0x00000f40   0x00000f40   0x0000000e   Code   RO          207    i.__scatterload_copy  mc_w.l(handlers.o)
    0x00000f4e   0x00000f4e   0x00000002   Code   RO          208    i.__scatterload_null  mc_w.l(handlers.o)
    0x00000f50   0x00000f50   0x0000000e   Code   RO          209    i.__scatterload_zeroinit  mc_w.l(handlers.o)
    0x00000f5e   0x00000f5e   0x000004fb   Data   RO           37    .rodata.font        st7735.o
    0x00001459   0x00001459   0x00000003   PAD
    0x0000145c   0x0000145c   0x00000008   Data   RO          158    .rodata.gSysCtr_cfg  sysctr_cfg.o
    0x00001464   0x00001464   0x0000000d   Data   RO            5    .rodata.str1.1      main.o
    0x00001471   0x00001471   0x00000006   Data   RO          151    .rodata.str_SSI_Config  ssi_lcfg.o
    0x00001477   0x00001477   0x00000001   PAD
    0x00001478   0x00001478   0x00000020   Data   RO          206    Region$$Table       anon$$obj.o


    Execution Region RW_IRAM1 (Exec base: 0x20000000, Load base: 0x00001498, Size: 0x000002a0, Max: 0x00008000, ABSOLUTE)

    Exec Addr    Load Addr    Size         Type   Attr      Idx    E Section Name        Object

    0x20000000   0x00001498   0x00000018   Data   RW           82    .data.Array_of_pntr_to_GPIO_APB_GPI0_APB_BaseAddrArr  mcu_hw.o
    0x20000018   0x000014b0   0x00000010   Data   RW           36    .data.GMCTRN1_arr   st7735.o
    0x20000028   0x000014c0   0x00000010   Data   RW           35    .data.GMCTRP1_arr   st7735.o
    0x20000038   0x000014d0   0x00000048   Data   RW          145    .data.PortCfgArr    port_lcfg.o
    0x20000080   0x00001518   0x00000010   Data   RW          157    .data.au8_Opened_gates_for_peripherals  sysctr_cfg.o
    0x20000090   0x00001528   0x00000010   Data   RW           81    .data.au8_RCG_INDEX  mcu_hw.o
    0x200000a0        -       0x00000200   Zero   RW          163    STACK               startup_tm4c123.o


==============================================================================

Image component sizes


      Code (inc. data)   RO Data    RW Data    ZI Data      Debug   Object Name

       114          0          0          0          0        785   delay_ms.o
       126          0          0          0          0       2622   dio.o
       112          0         13          0          0        722   main.o
         0          0          0         40          0       1230   mcu_hw.o
       734          0          0          0          0       3687   port.o
         0          0          0         72          0       2437   port_lcfg.o
       208          0          0          0          0       1805   ssi.o
         0          0          6          0          0        674   ssi_lcfg.o
      1242         16       1275         32          0       4485   st7735.o
       252         10        620          0        512       5496   startup_tm4c123.o
       144          0          0          0          0       1078   sysctr.o
         0          0          8         16          0        748   sysctr_cfg.o
       268          0          0          0          0       6829   system_tm4c123.o

    ----------------------------------------------------------------------
      3216         26       1958        160        512      32598   Object Totals
         0          0         32          0          0          0   (incl. Generated)
        16          0          4          0          0          0   (incl. Padding)

    ----------------------------------------------------------------------

      Code (inc. data)   RO Data    RW Data    ZI Data      Debug   Library Member Name

         0          0          0          0          0          0   entry.o
         0          0          0          0          0          0   entry10a.o
         0          0          0          0          0          0   entry11a.o
         8          4          0          0          0          0   entry2.o
         4          0          0          0          0          0   entry5.o
         0          0          0          0          0          0   entry7b.o
         0          0          0          0          0          0   entry8b.o
         8          4          0          0          0          0   entry9a.o
        30          0          0          0          0          0   handlers.o
        48         10          0          0          0         68   init.o

    ----------------------------------------------------------------------
        98         18          0          0          0         68   Library Totals
         0          0          0          0          0          0   (incl. Padding)

    ----------------------------------------------------------------------

      Code (inc. data)   RO Data    RW Data    ZI Data      Debug   Library Name

        98         18          0          0          0         68   mc_w.l

    ----------------------------------------------------------------------
        98         18          0          0          0         68   Library Totals

    ----------------------------------------------------------------------

==============================================================================


      Code (inc. data)   RO Data    RW Data    ZI Data      Debug   

      3314         44       1958        160        512      32730   Grand Totals
      3314         44       1958        160        512      32730   ELF Image Totals
      3314         44       1958        160          0          0   ROM Totals

==============================================================================

    Total RO  Size (Code + RO Data)                 5272 (   5.15kB)
    Total RW  Size (RW Data + ZI Data)               672 (   0.66kB)
    Total ROM Size (Code + RO Data + RW Data)       5432 (   5.30kB)

==============================================================================

