Component: Arm Compiler for Embedded 6.21 Tool: armlink [5ec1fa00]

==============================================================================

Section Cross References

    uart_program.o(.ARM.exidx.text.UART_u8Init) refers to uart_program.o(.text.UART_u8Init) for [Anonymous Symbol]
    uart_program.o(.ARM.exidx.text.UART_u8SendByte) refers to uart_program.o(.text.UART_u8SendByte) for [Anonymous Symbol]
    uart_program.o(.ARM.exidx.text.UART_u8RecieveByte) refers to uart_program.o(.text.UART_u8RecieveByte) for [Anonymous Symbol]
    uart_program.o(.text.UART_u8SendString) refers to uart_program.o(.text.UART_u8SendByte) for UART_u8SendByte
    uart_program.o(.ARM.exidx.text.UART_u8SendString) refers to uart_program.o(.text.UART_u8SendString) for [Anonymous Symbol]
    uart_program.o(.text.UART_u8ReceiveString) refers to uart_program.o(.text.UART_u8RecieveByte) for UART_u8RecieveByte
    uart_program.o(.ARM.exidx.text.UART_u8ReceiveString) refers to uart_program.o(.text.UART_u8ReceiveString) for [Anonymous Symbol]
    main.o(.ARM.exidx.text.RGBLED_Init) refers to main.o(.text.RGBLED_Init) for [Anonymous Symbol]
    main.o(.ARM.exidx.text.SW_Init) refers to main.o(.text.SW_Init) for [Anonymous Symbol]
    main.o(.ARM.exidx.text.SW_Input) refers to main.o(.text.SW_Input) for [Anonymous Symbol]
    main.o(.ARM.exidx.text.LEDS_output) refers to main.o(.text.LEDS_output) for [Anonymous Symbol]
    main.o(.text.main) refers to main.o(.text.RGBLED_Init) for RGBLED_Init
    main.o(.text.main) refers to main.o(.text.SW_Init) for SW_Init
    main.o(.text.main) refers to main.o(.bss.longitudee) for longitudee
    main.o(.text.main) refers to main.o(.bss.latitudee) for latitudee
    main.o(.text.main) refers to eeprom_program.o(.text.init_EEPROM) for init_EEPROM
    main.o(.text.main) refers to eeprom_program.o(.text.write_Array_EEPROM) for write_Array_EEPROM
    main.o(.text.main) refers to main.o(.bss.latit) for latit
    main.o(.text.main) refers to main.o(.bss.longit) for longit
    main.o(.text.main) refers to eeprom_program.o(.text.read_Array_EEPROM) for read_Array_EEPROM
    main.o(.text.main) refers to main.o(.text.SW_Input) for SW_Input
    main.o(.text.main) refers to main.o(.bss.sw1_in) for sw1_in
    main.o(.text.main) refers to main.o(.bss.sw2_in) for sw2_in
    main.o(.text.main) refers to main.o(.text.LEDS_output) for LEDS_output
    main.o(.text.main) refers to main.o(.bss.sw1_prev) for sw1_prev
    main.o(.text.main) refers to main.o(.bss.sw2_prev) for sw2_prev
    main.o(.ARM.exidx.text.main) refers to main.o(.text.main) for [Anonymous Symbol]
    gpio_program.o(.ARM.exidx.text.init_port_f) refers to gpio_program.o(.text.init_port_f) for [Anonymous Symbol]
    gpio_program.o(.ARM.exidx.text.init_port_A) refers to gpio_program.o(.text.init_port_A) for [Anonymous Symbol]
    gpio_program.o(.ARM.exidx.text.Get_Switch) refers to gpio_program.o(.text.Get_Switch) for [Anonymous Symbol]
    gpio_program.o(.ARM.exidx.text.Led_controlled) refers to gpio_program.o(.text.Led_controlled) for [Anonymous Symbol]
    gpio_program.o(.ARM.exidx.text.RGB_LED) refers to gpio_program.o(.text.RGB_LED) for [Anonymous Symbol]
    gpio_program.o(.ARM.exidx.text.Set_Pin_value) refers to gpio_program.o(.text.Set_Pin_value) for [Anonymous Symbol]
    gpio_program.o(.ARM.exidx.text.Toggle_pin) refers to gpio_program.o(.text.Toggle_pin) for [Anonymous Symbol]
    gpio_program.o(.ARM.exidx.text.Get_Pin_Value) refers to gpio_program.o(.text.Get_Pin_Value) for [Anonymous Symbol]
    eeprom_program.o(.ARM.exidx.text.init_EEPROM) refers to eeprom_program.o(.text.init_EEPROM) for [Anonymous Symbol]
    eeprom_program.o(.ARM.exidx.text.write_EEPROM) refers to eeprom_program.o(.text.write_EEPROM) for [Anonymous Symbol]
    eeprom_program.o(.ARM.exidx.text.read_EEPROM) refers to eeprom_program.o(.text.read_EEPROM) for [Anonymous Symbol]
    eeprom_program.o(.text.write_Array_EEPROM) refers to eeprom_program.o(.text.write_EEPROM) for write_EEPROM
    eeprom_program.o(.ARM.exidx.text.write_Array_EEPROM) refers to eeprom_program.o(.text.write_Array_EEPROM) for [Anonymous Symbol]
    eeprom_program.o(.text.read_Array_EEPROM) refers to eeprom_program.o(.text.read_EEPROM) for read_EEPROM
    eeprom_program.o(.ARM.exidx.text.read_Array_EEPROM) refers to eeprom_program.o(.text.read_Array_EEPROM) for [Anonymous Symbol]
    startup_tm4c123.o(RESET) refers to startup_tm4c123.o(STACK) for __initial_sp
    startup_tm4c123.o(RESET) refers to startup_tm4c123.o(.text) for Reset_Handler
    startup_tm4c123.o(.text) refers to system_tm4c123.o(.text.SystemInit) for SystemInit
    startup_tm4c123.o(.text) refers to entry.o(.ARM.Collect$$$$00000000) for __main
    system_tm4c123.o(.text.SystemCoreClockUpdate) refers to system_tm4c123.o(.text.getOscClk) for getOscClk
    system_tm4c123.o(.text.SystemCoreClockUpdate) refers to system_tm4c123.o(.data.SystemCoreClock) for SystemCoreClock
    system_tm4c123.o(.ARM.exidx.text.SystemCoreClockUpdate) refers to system_tm4c123.o(.text.SystemCoreClockUpdate) for [Anonymous Symbol]
    system_tm4c123.o(.ARM.exidx.text.getOscClk) refers to system_tm4c123.o(.text.getOscClk) for [Anonymous Symbol]
    system_tm4c123.o(.ARM.exidx.text.SystemInit) refers to system_tm4c123.o(.text.SystemInit) for [Anonymous Symbol]
    entry.o(.ARM.Collect$$$$00000000) refers (Special) to entry10a.o(.ARM.Collect$$$$0000000D) for __rt_final_cpp
    entry.o(.ARM.Collect$$$$00000000) refers (Special) to entry11a.o(.ARM.Collect$$$$0000000F) for __rt_final_exit
    entry.o(.ARM.Collect$$$$00000000) refers (Special) to entry7b.o(.ARM.Collect$$$$00000008) for _main_clock
    entry.o(.ARM.Collect$$$$00000000) refers (Special) to entry8b.o(.ARM.Collect$$$$0000000A) for _main_cpp_init
    entry.o(.ARM.Collect$$$$00000000) refers (Special) to entry9a.o(.ARM.Collect$$$$0000000B) for _main_init
    entry.o(.ARM.Collect$$$$00000000) refers (Special) to entry5.o(.ARM.Collect$$$$00000004) for _main_scatterload
    entry.o(.ARM.Collect$$$$00000000) refers (Special) to entry2.o(.ARM.Collect$$$$00000001) for _main_stk
    entry2.o(.ARM.Collect$$$$00000001) refers to entry2.o(.ARM.Collect$$$$00002712) for __lit__00000000
    entry2.o(.ARM.Collect$$$$00002712) refers to startup_tm4c123.o(STACK) for __initial_sp
    entry2.o(__vectab_stack_and_reset_area) refers to startup_tm4c123.o(STACK) for __initial_sp
    entry2.o(__vectab_stack_and_reset_area) refers to entry.o(.ARM.Collect$$$$00000000) for __main
    entry5.o(.ARM.Collect$$$$00000004) refers to init.o(.text) for __scatterload
    entry9a.o(.ARM.Collect$$$$0000000B) refers to main.o(.text.main) for main
    entry9b.o(.ARM.Collect$$$$0000000C) refers to main.o(.text.main) for main
    init.o(.text) refers to entry5.o(.ARM.Collect$$$$00000004) for __main_after_scatterload


==============================================================================

Removing Unused input sections from the image.

    Removing uart_program.o(.text), (0 bytes).
    Removing uart_program.o(.text.UART_u8Init), (4184 bytes).
    Removing uart_program.o(.ARM.exidx.text.UART_u8Init), (8 bytes).
    Removing uart_program.o(.text.UART_u8SendByte), (228 bytes).
    Removing uart_program.o(.ARM.exidx.text.UART_u8SendByte), (8 bytes).
    Removing uart_program.o(.text.UART_u8RecieveByte), (986 bytes).
    Removing uart_program.o(.ARM.exidx.text.UART_u8RecieveByte), (8 bytes).
    Removing uart_program.o(.text.UART_u8SendString), (586 bytes).
    Removing uart_program.o(.ARM.exidx.text.UART_u8SendString), (8 bytes).
    Removing uart_program.o(.text.UART_u8ReceiveString), (410 bytes).
    Removing uart_program.o(.ARM.exidx.text.UART_u8ReceiveString), (8 bytes).
    Removing main.o(.text), (0 bytes).
    Removing main.o(.ARM.exidx.text.RGBLED_Init), (8 bytes).
    Removing main.o(.ARM.exidx.text.SW_Init), (8 bytes).
    Removing main.o(.ARM.exidx.text.SW_Input), (8 bytes).
    Removing main.o(.ARM.exidx.text.LEDS_output), (8 bytes).
    Removing main.o(.ARM.exidx.text.main), (8 bytes).
    Removing main.o(.bss.k), (4 bytes).
    Removing main.o(.ARM.use_no_argv), (4 bytes).
    Removing gpio_program.o(.text), (0 bytes).
    Removing gpio_program.o(.text.init_port_f), (160 bytes).
    Removing gpio_program.o(.ARM.exidx.text.init_port_f), (8 bytes).
    Removing gpio_program.o(.text.init_port_A), (176 bytes).
    Removing gpio_program.o(.ARM.exidx.text.init_port_A), (8 bytes).
    Removing gpio_program.o(.text.Get_Switch), (92 bytes).
    Removing gpio_program.o(.ARM.exidx.text.Get_Switch), (8 bytes).
    Removing gpio_program.o(.text.Led_controlled), (218 bytes).
    Removing gpio_program.o(.ARM.exidx.text.Led_controlled), (8 bytes).
    Removing gpio_program.o(.text.RGB_LED), (224 bytes).
    Removing gpio_program.o(.ARM.exidx.text.RGB_LED), (8 bytes).
    Removing gpio_program.o(.text.Set_Pin_value), (490 bytes).
    Removing gpio_program.o(.ARM.exidx.text.Set_Pin_value), (8 bytes).
    Removing gpio_program.o(.text.Toggle_pin), (196 bytes).
    Removing gpio_program.o(.ARM.exidx.text.Toggle_pin), (8 bytes).
    Removing gpio_program.o(.text.Get_Pin_Value), (214 bytes).
    Removing gpio_program.o(.ARM.exidx.text.Get_Pin_Value), (8 bytes).
    Removing eeprom_program.o(.text), (0 bytes).
    Removing eeprom_program.o(.ARM.exidx.text.init_EEPROM), (8 bytes).
    Removing eeprom_program.o(.ARM.exidx.text.write_EEPROM), (8 bytes).
    Removing eeprom_program.o(.ARM.exidx.text.read_EEPROM), (8 bytes).
    Removing eeprom_program.o(.ARM.exidx.text.write_Array_EEPROM), (8 bytes).
    Removing eeprom_program.o(.ARM.exidx.text.read_Array_EEPROM), (8 bytes).
    Removing startup_tm4c123.o(HEAP), (0 bytes).
    Removing system_tm4c123.o(.text), (0 bytes).
    Removing system_tm4c123.o(.text.SystemCoreClockUpdate), (326 bytes).
    Removing system_tm4c123.o(.ARM.exidx.text.SystemCoreClockUpdate), (8 bytes).
    Removing system_tm4c123.o(.text.getOscClk), (360 bytes).
    Removing system_tm4c123.o(.ARM.exidx.text.getOscClk), (8 bytes).
    Removing system_tm4c123.o(.ARM.exidx.text.SystemInit), (8 bytes).
    Removing system_tm4c123.o(.data.SystemCoreClock), (4 bytes).

50 unused section(s) (total 9070 bytes) removed from the image.

==============================================================================

Image Symbol Table

    Local Symbols

    Symbol Name                              Value     Ov Type        Size  Object(Section)

    ../clib/microlib/init/entry.s            0x00000000   Number         0  entry.o ABSOLUTE
    ../clib/microlib/init/entry.s            0x00000000   Number         0  entry2.o ABSOLUTE
    ../clib/microlib/init/entry.s            0x00000000   Number         0  entry5.o ABSOLUTE
    ../clib/microlib/init/entry.s            0x00000000   Number         0  entry7a.o ABSOLUTE
    ../clib/microlib/init/entry.s            0x00000000   Number         0  entry7b.o ABSOLUTE
    ../clib/microlib/init/entry.s            0x00000000   Number         0  entry8a.o ABSOLUTE
    ../clib/microlib/init/entry.s            0x00000000   Number         0  entry8b.o ABSOLUTE
    ../clib/microlib/init/entry.s            0x00000000   Number         0  entry9a.o ABSOLUTE
    ../clib/microlib/init/entry.s            0x00000000   Number         0  entry9b.o ABSOLUTE
    ../clib/microlib/init/entry.s            0x00000000   Number         0  entry10a.o ABSOLUTE
    ../clib/microlib/init/entry.s            0x00000000   Number         0  entry10b.o ABSOLUTE
    ../clib/microlib/init/entry.s            0x00000000   Number         0  entry11a.o ABSOLUTE
    ../clib/microlib/init/entry.s            0x00000000   Number         0  entry11b.o ABSOLUTE
    EEPROM_Program.c                         0x00000000   Number         0  eeprom_program.o ABSOLUTE
    GPIO_Program.c                           0x00000000   Number         0  gpio_program.o ABSOLUTE
    RTE/Device/TM4C123GH6PM/startup_TM4C123.s 0x00000000   Number         0  startup_tm4c123.o ABSOLUTE
    UART_Program.c                           0x00000000   Number         0  uart_program.o ABSOLUTE
    dc.s                                     0x00000000   Number         0  dc.o ABSOLUTE
    handlers.s                               0x00000000   Number         0  handlers.o ABSOLUTE
    init.s                                   0x00000000   Number         0  init.o ABSOLUTE
    main.c                                   0x00000000   Number         0  main.o ABSOLUTE
    system_TM4C123.c                         0x00000000   Number         0  system_tm4c123.o ABSOLUTE
    RESET                                    0x00000000   Section      620  startup_tm4c123.o(RESET)
    .ARM.Collect$$$$00000000                 0x0000026c   Section        0  entry.o(.ARM.Collect$$$$00000000)
    .ARM.Collect$$$$00000001                 0x0000026c   Section        4  entry2.o(.ARM.Collect$$$$00000001)
    .ARM.Collect$$$$00000004                 0x00000270   Section        4  entry5.o(.ARM.Collect$$$$00000004)
    .ARM.Collect$$$$00000008                 0x00000274   Section        0  entry7b.o(.ARM.Collect$$$$00000008)
    .ARM.Collect$$$$0000000A                 0x00000274   Section        0  entry8b.o(.ARM.Collect$$$$0000000A)
    .ARM.Collect$$$$0000000B                 0x00000274   Section        8  entry9a.o(.ARM.Collect$$$$0000000B)
    __lit__00000000                          0x0000027c   Data           4  entry2.o(.ARM.Collect$$$$00002712)
    .ARM.Collect$$$$0000000D                 0x0000027c   Section        0  entry10a.o(.ARM.Collect$$$$0000000D)
    .ARM.Collect$$$$0000000F                 0x0000027c   Section        0  entry11a.o(.ARM.Collect$$$$0000000F)
    .ARM.Collect$$$$00002712                 0x0000027c   Section        4  entry2.o(.ARM.Collect$$$$00002712)
    $v0                                      0x00000280   Number         0  startup_tm4c123.o(.text)
    .text                                    0x00000280   Section      252  startup_tm4c123.o(.text)
    .text                                    0x0000037c   Section       48  init.o(.text)
    [Anonymous Symbol]                       0x000003ac   Section        0  main.o(.text.LEDS_output)
    [Anonymous Symbol]                       0x000003d0   Section        0  main.o(.text.RGBLED_Init)
    [Anonymous Symbol]                       0x0000048c   Section        0  main.o(.text.SW_Init)
    [Anonymous Symbol]                       0x00000514   Section        0  main.o(.text.SW_Input)
    [Anonymous Symbol]                       0x0000052c   Section        0  system_tm4c123.o(.text.SystemInit)
    [Anonymous Symbol]                       0x00000638   Section        0  eeprom_program.o(.text.init_EEPROM)
    [Anonymous Symbol]                       0x000006a0   Section        0  main.o(.text.main)
    [Anonymous Symbol]                       0x000007c4   Section        0  eeprom_program.o(.text.read_Array_EEPROM)
    [Anonymous Symbol]                       0x0000084c   Section        0  eeprom_program.o(.text.read_EEPROM)
    [Anonymous Symbol]                       0x00000884   Section        0  eeprom_program.o(.text.write_Array_EEPROM)
    [Anonymous Symbol]                       0x0000090c   Section        0  eeprom_program.o(.text.write_EEPROM)
    i.__scatterload_copy                     0x0000095a   Section       14  handlers.o(i.__scatterload_copy)
    i.__scatterload_null                     0x00000968   Section        2  handlers.o(i.__scatterload_null)
    i.__scatterload_zeroinit                 0x0000096a   Section       14  handlers.o(i.__scatterload_zeroinit)
    STACK                                    0x20000148   Section      512  startup_tm4c123.o(STACK)

    Global Symbols

    Symbol Name                              Value     Ov Type        Size  Object(Section)

    BuildAttributes$$THM_ISAv4$E$P$D$K$B$S$7EM$VFPi3$EXTD16$VFPS$VFMA$PE$A:L22UL41UL21$X:L11$S22US41US21$IEEE1$IW$~IW$USESV6$~STKCKD$USESV7$~SHL$OSPACE$EBA8$MICROLIB$REQ8$PRES8$EABIv2 0x00000000   Number         0  anon$$obj.o ABSOLUTE
    __Vectors                                0x00000000   Data           4  startup_tm4c123.o(RESET)
    __cpp_initialize__aeabi_                  - Undefined Weak Reference
    __cxa_finalize                            - Undefined Weak Reference
    __decompress                              - Undefined Weak Reference
    _clock_init                               - Undefined Weak Reference
    _microlib_exit                            - Undefined Weak Reference
    __Vectors_End                            0x0000026c   Data           0  startup_tm4c123.o(RESET)
    __Vectors_Size                           0x0000026c   Number         0  startup_tm4c123.o ABSOLUTE
    __main                                   0x0000026d   Thumb Code     0  entry.o(.ARM.Collect$$$$00000000)
    _main_stk                                0x0000026d   Thumb Code     0  entry2.o(.ARM.Collect$$$$00000001)
    _main_scatterload                        0x00000271   Thumb Code     0  entry5.o(.ARM.Collect$$$$00000004)
    __main_after_scatterload                 0x00000275   Thumb Code     0  entry5.o(.ARM.Collect$$$$00000004)
    _main_clock                              0x00000275   Thumb Code     0  entry7b.o(.ARM.Collect$$$$00000008)
    _main_cpp_init                           0x00000275   Thumb Code     0  entry8b.o(.ARM.Collect$$$$0000000A)
    _main_init                               0x00000275   Thumb Code     0  entry9a.o(.ARM.Collect$$$$0000000B)
    __rt_final_cpp                           0x0000027d   Thumb Code     0  entry10a.o(.ARM.Collect$$$$0000000D)
    __rt_final_exit                          0x0000027d   Thumb Code     0  entry11a.o(.ARM.Collect$$$$0000000F)
    Reset_Handler                            0x00000281   Thumb Code     8  startup_tm4c123.o(.text)
    NMI_Handler                              0x00000289   Thumb Code     2  startup_tm4c123.o(.text)
    HardFault_Handler                        0x0000028b   Thumb Code     2  startup_tm4c123.o(.text)
    MemManage_Handler                        0x0000028d   Thumb Code     2  startup_tm4c123.o(.text)
    BusFault_Handler                         0x0000028f   Thumb Code     2  startup_tm4c123.o(.text)
    UsageFault_Handler                       0x00000291   Thumb Code     2  startup_tm4c123.o(.text)
    SVC_Handler                              0x00000293   Thumb Code     2  startup_tm4c123.o(.text)
    DebugMon_Handler                         0x00000295   Thumb Code     2  startup_tm4c123.o(.text)
    PendSV_Handler                           0x00000297   Thumb Code     2  startup_tm4c123.o(.text)
    SysTick_Handler                          0x00000299   Thumb Code     2  startup_tm4c123.o(.text)
    GPIOA_Handler                            0x0000029b   Thumb Code     2  startup_tm4c123.o(.text)
    GPIOB_Handler                            0x0000029d   Thumb Code     2  startup_tm4c123.o(.text)
    GPIOC_Handler                            0x0000029f   Thumb Code     2  startup_tm4c123.o(.text)
    GPIOD_Handler                            0x000002a1   Thumb Code     2  startup_tm4c123.o(.text)
    GPIOE_Handler                            0x000002a3   Thumb Code     2  startup_tm4c123.o(.text)
    UART0_Handler                            0x000002a5   Thumb Code     2  startup_tm4c123.o(.text)
    UART1_Handler                            0x000002a7   Thumb Code     2  startup_tm4c123.o(.text)
    SSI0_Handler                             0x000002a9   Thumb Code     2  startup_tm4c123.o(.text)
    I2C0_Handler                             0x000002ab   Thumb Code     2  startup_tm4c123.o(.text)
    PMW0_FAULT_Handler                       0x000002ad   Thumb Code     2  startup_tm4c123.o(.text)
    PWM0_0_Handler                           0x000002af   Thumb Code     2  startup_tm4c123.o(.text)
    PWM0_1_Handler                           0x000002b1   Thumb Code     2  startup_tm4c123.o(.text)
    PWM0_2_Handler                           0x000002b3   Thumb Code     2  startup_tm4c123.o(.text)
    QEI0_Handler                             0x000002b5   Thumb Code     2  startup_tm4c123.o(.text)
    ADC0SS0_Handler                          0x000002b7   Thumb Code     2  startup_tm4c123.o(.text)
    ADC0SS1_Handler                          0x000002b9   Thumb Code     2  startup_tm4c123.o(.text)
    ADC0SS2_Handler                          0x000002bb   Thumb Code     2  startup_tm4c123.o(.text)
    ADC0SS3_Handler                          0x000002bd   Thumb Code     2  startup_tm4c123.o(.text)
    WDT0_Handler                             0x000002bf   Thumb Code     2  startup_tm4c123.o(.text)
    TIMER0A_Handler                          0x000002c1   Thumb Code     2  startup_tm4c123.o(.text)
    TIMER0B_Handler                          0x000002c3   Thumb Code     2  startup_tm4c123.o(.text)
    TIMER1A_Handler                          0x000002c5   Thumb Code     2  startup_tm4c123.o(.text)
    TIMER1B_Handler                          0x000002c7   Thumb Code     2  startup_tm4c123.o(.text)
    TIMER2A_Handler                          0x000002c9   Thumb Code     2  startup_tm4c123.o(.text)
    TIMER2B_Handler                          0x000002cb   Thumb Code     2  startup_tm4c123.o(.text)
    COMP0_Handler                            0x000002cd   Thumb Code     2  startup_tm4c123.o(.text)
    COMP1_Handler                            0x000002cf   Thumb Code     2  startup_tm4c123.o(.text)
    COMP2_Handler                            0x000002d1   Thumb Code     2  startup_tm4c123.o(.text)
    SYSCTL_Handler                           0x000002d3   Thumb Code     2  startup_tm4c123.o(.text)
    FLASH_Handler                            0x000002d5   Thumb Code     2  startup_tm4c123.o(.text)
    GPIOF_Handler                            0x000002d7   Thumb Code     2  startup_tm4c123.o(.text)
    GPIOG_Handler                            0x000002d9   Thumb Code     2  startup_tm4c123.o(.text)
    GPIOH_Handler                            0x000002db   Thumb Code     2  startup_tm4c123.o(.text)
    UART2_Handler                            0x000002dd   Thumb Code     2  startup_tm4c123.o(.text)
    SSI1_Handler                             0x000002df   Thumb Code     2  startup_tm4c123.o(.text)
    TIMER3A_Handler                          0x000002e1   Thumb Code     2  startup_tm4c123.o(.text)
    TIMER3B_Handler                          0x000002e3   Thumb Code     2  startup_tm4c123.o(.text)
    I2C1_Handler                             0x000002e5   Thumb Code     2  startup_tm4c123.o(.text)
    QEI1_Handler                             0x000002e7   Thumb Code     2  startup_tm4c123.o(.text)
    CAN0_Handler                             0x000002e9   Thumb Code     2  startup_tm4c123.o(.text)
    CAN1_Handler                             0x000002eb   Thumb Code     2  startup_tm4c123.o(.text)
    CAN2_Handler                             0x000002ed   Thumb Code     2  startup_tm4c123.o(.text)
    HIB_Handler                              0x000002ef   Thumb Code     2  startup_tm4c123.o(.text)
    USB0_Handler                             0x000002f1   Thumb Code     2  startup_tm4c123.o(.text)
    PWM0_3_Handler                           0x000002f3   Thumb Code     2  startup_tm4c123.o(.text)
    UDMA_Handler                             0x000002f5   Thumb Code     2  startup_tm4c123.o(.text)
    UDMAERR_Handler                          0x000002f7   Thumb Code     2  startup_tm4c123.o(.text)
    ADC1SS0_Handler                          0x000002f9   Thumb Code     2  startup_tm4c123.o(.text)
    ADC1SS1_Handler                          0x000002fb   Thumb Code     2  startup_tm4c123.o(.text)
    ADC1SS2_Handler                          0x000002fd   Thumb Code     2  startup_tm4c123.o(.text)
    ADC1SS3_Handler                          0x000002ff   Thumb Code     2  startup_tm4c123.o(.text)
    GPIOJ_Handler                            0x00000301   Thumb Code     2  startup_tm4c123.o(.text)
    GPIOK_Handler                            0x00000303   Thumb Code     2  startup_tm4c123.o(.text)
    GPIOL_Handler                            0x00000305   Thumb Code     2  startup_tm4c123.o(.text)
    SSI2_Handler                             0x00000307   Thumb Code     2  startup_tm4c123.o(.text)
    SSI3_Handler                             0x00000309   Thumb Code     2  startup_tm4c123.o(.text)
    UART3_Handler                            0x0000030b   Thumb Code     2  startup_tm4c123.o(.text)
    UART4_Handler                            0x0000030d   Thumb Code     2  startup_tm4c123.o(.text)
    UART5_Handler                            0x0000030f   Thumb Code     2  startup_tm4c123.o(.text)
    UART6_Handler                            0x00000311   Thumb Code     2  startup_tm4c123.o(.text)
    UART7_Handler                            0x00000313   Thumb Code     2  startup_tm4c123.o(.text)
    I2C2_Handler                             0x00000315   Thumb Code     2  startup_tm4c123.o(.text)
    I2C3_Handler                             0x00000317   Thumb Code     2  startup_tm4c123.o(.text)
    TIMER4A_Handler                          0x00000319   Thumb Code     2  startup_tm4c123.o(.text)
    TIMER4B_Handler                          0x0000031b   Thumb Code     2  startup_tm4c123.o(.text)
    TIMER5A_Handler                          0x0000031d   Thumb Code     2  startup_tm4c123.o(.text)
    TIMER5B_Handler                          0x0000031f   Thumb Code     2  startup_tm4c123.o(.text)
    WTIMER0A_Handler                         0x00000321   Thumb Code     2  startup_tm4c123.o(.text)
    WTIMER0B_Handler                         0x00000323   Thumb Code     2  startup_tm4c123.o(.text)
    WTIMER1A_Handler                         0x00000325   Thumb Code     2  startup_tm4c123.o(.text)
    WTIMER1B_Handler                         0x00000327   Thumb Code     2  startup_tm4c123.o(.text)
    WTIMER2A_Handler                         0x00000329   Thumb Code     2  startup_tm4c123.o(.text)
    WTIMER2B_Handler                         0x0000032b   Thumb Code     2  startup_tm4c123.o(.text)
    WTIMER3A_Handler                         0x0000032d   Thumb Code     2  startup_tm4c123.o(.text)
    WTIMER3B_Handler                         0x0000032f   Thumb Code     2  startup_tm4c123.o(.text)
    WTIMER4A_Handler                         0x00000331   Thumb Code     2  startup_tm4c123.o(.text)
    WTIMER4B_Handler                         0x00000333   Thumb Code     2  startup_tm4c123.o(.text)
    WTIMER5A_Handler                         0x00000335   Thumb Code     2  startup_tm4c123.o(.text)
    WTIMER5B_Handler                         0x00000337   Thumb Code     2  startup_tm4c123.o(.text)
    FPU_Handler                              0x00000339   Thumb Code     2  startup_tm4c123.o(.text)
    I2C4_Handler                             0x0000033b   Thumb Code     2  startup_tm4c123.o(.text)
    I2C5_Handler                             0x0000033d   Thumb Code     2  startup_tm4c123.o(.text)
    GPIOM_Handler                            0x0000033f   Thumb Code     2  startup_tm4c123.o(.text)
    GPION_Handler                            0x00000341   Thumb Code     2  startup_tm4c123.o(.text)
    QEI2_Handler                             0x00000343   Thumb Code     2  startup_tm4c123.o(.text)
    GPIOP0_Handler                           0x00000345   Thumb Code     2  startup_tm4c123.o(.text)
    GPIOP1_Handler                           0x00000347   Thumb Code     2  startup_tm4c123.o(.text)
    GPIOP2_Handler                           0x00000349   Thumb Code     2  startup_tm4c123.o(.text)
    GPIOP3_Handler                           0x0000034b   Thumb Code     2  startup_tm4c123.o(.text)
    GPIOP4_Handler                           0x0000034d   Thumb Code     2  startup_tm4c123.o(.text)
    GPIOP5_Handler                           0x0000034f   Thumb Code     2  startup_tm4c123.o(.text)
    GPIOP6_Handler                           0x00000351   Thumb Code     2  startup_tm4c123.o(.text)
    GPIOP7_Handler                           0x00000353   Thumb Code     2  startup_tm4c123.o(.text)
    GPIOQ0_Handler                           0x00000355   Thumb Code     2  startup_tm4c123.o(.text)
    GPIOQ1_Handler                           0x00000357   Thumb Code     2  startup_tm4c123.o(.text)
    GPIOQ2_Handler                           0x00000359   Thumb Code     2  startup_tm4c123.o(.text)
    GPIOQ3_Handler                           0x0000035b   Thumb Code     2  startup_tm4c123.o(.text)
    GPIOQ4_Handler                           0x0000035d   Thumb Code     2  startup_tm4c123.o(.text)
    GPIOQ5_Handler                           0x0000035f   Thumb Code     2  startup_tm4c123.o(.text)
    GPIOQ6_Handler                           0x00000361   Thumb Code     2  startup_tm4c123.o(.text)
    GPIOQ7_Handler                           0x00000363   Thumb Code     2  startup_tm4c123.o(.text)
    GPIOR_Handler                            0x00000365   Thumb Code     2  startup_tm4c123.o(.text)
    GPIOS_Handler                            0x00000367   Thumb Code     2  startup_tm4c123.o(.text)
    PMW1_0_Handler                           0x00000369   Thumb Code     2  startup_tm4c123.o(.text)
    PWM1_1_Handler                           0x0000036b   Thumb Code     2  startup_tm4c123.o(.text)
    PWM1_2_Handler                           0x0000036d   Thumb Code     2  startup_tm4c123.o(.text)
    PWM1_3_Handler                           0x0000036f   Thumb Code     2  startup_tm4c123.o(.text)
    PWM1_FAULT_Handler                       0x00000371   Thumb Code     2  startup_tm4c123.o(.text)
    __scatterload                            0x0000037d   Thumb Code    38  init.o(.text)
    __scatterload_rt2                        0x0000037d   Thumb Code     0  init.o(.text)
    LEDS_output                              0x000003ad   Thumb Code    36  main.o(.text.LEDS_output)
    RGBLED_Init                              0x000003d1   Thumb Code   186  main.o(.text.RGBLED_Init)
    SW_Init                                  0x0000048d   Thumb Code   134  main.o(.text.SW_Init)
    SW_Input                                 0x00000515   Thumb Code    24  main.o(.text.SW_Input)
    SystemInit                               0x0000052d   Thumb Code   268  system_tm4c123.o(.text.SystemInit)
    init_EEPROM                              0x00000639   Thumb Code   102  eeprom_program.o(.text.init_EEPROM)
    main                                     0x000006a1   Thumb Code   290  main.o(.text.main)
    read_Array_EEPROM                        0x000007c5   Thumb Code   136  eeprom_program.o(.text.read_Array_EEPROM)
    read_EEPROM                              0x0000084d   Thumb Code    54  eeprom_program.o(.text.read_EEPROM)
    write_Array_EEPROM                       0x00000885   Thumb Code   136  eeprom_program.o(.text.write_Array_EEPROM)
    write_EEPROM                             0x0000090d   Thumb Code    78  eeprom_program.o(.text.write_EEPROM)
    __scatterload_copy                       0x0000095b   Thumb Code    14  handlers.o(i.__scatterload_copy)
    __scatterload_null                       0x00000969   Thumb Code     2  handlers.o(i.__scatterload_null)
    __scatterload_zeroinit                   0x0000096b   Thumb Code    14  handlers.o(i.__scatterload_zeroinit)
    Region$$Table$$Base                      0x00000978   Number         0  anon$$obj.o(Region$$Table)
    Region$$Table$$Limit                     0x00000988   Number         0  anon$$obj.o(Region$$Table)
    latit                                    0x20000000   Data          80  main.o(.bss.latit)
    latitudee                                0x20000050   Data          80  main.o(.bss.latitudee)
    longit                                   0x200000a0   Data          80  main.o(.bss.longit)
    longitudee                               0x200000f0   Data          80  main.o(.bss.longitudee)
    sw1_in                                   0x20000140   Data           1  main.o(.bss.sw1_in)
    sw1_prev                                 0x20000141   Data           1  main.o(.bss.sw1_prev)
    sw2_in                                   0x20000142   Data           1  main.o(.bss.sw2_in)
    sw2_prev                                 0x20000143   Data           1  main.o(.bss.sw2_prev)
    __initial_sp                             0x20000348   Data           0  startup_tm4c123.o(STACK)



==============================================================================

Memory Map of the image

  Image Entry point : 0x00000281

  Load Region LR_1 (Base: 0x00000000, Size: 0x00000988, Max: 0xffffffff, ABSOLUTE)

    Execution Region ER_RO (Exec base: 0x00000000, Load base: 0x00000000, Size: 0x00000988, Max: 0xffffffff, ABSOLUTE)

    Exec Addr    Load Addr    Size         Type   Attr      Idx    E Section Name        Object

    0x00000000   0x00000000   0x0000026c   Data   RO           87    RESET               startup_tm4c123.o
    0x0000026c   0x0000026c   0x00000000   Code   RO          108  * .ARM.Collect$$$$00000000  mc_w.l(entry.o)
    0x0000026c   0x0000026c   0x00000004   Code   RO          111    .ARM.Collect$$$$00000001  mc_w.l(entry2.o)
    0x00000270   0x00000270   0x00000004   Code   RO          114    .ARM.Collect$$$$00000004  mc_w.l(entry5.o)
    0x00000274   0x00000274   0x00000000   Code   RO          116    .ARM.Collect$$$$00000008  mc_w.l(entry7b.o)
    0x00000274   0x00000274   0x00000000   Code   RO          118    .ARM.Collect$$$$0000000A  mc_w.l(entry8b.o)
    0x00000274   0x00000274   0x00000008   Code   RO          119    .ARM.Collect$$$$0000000B  mc_w.l(entry9a.o)
    0x0000027c   0x0000027c   0x00000000   Code   RO          121    .ARM.Collect$$$$0000000D  mc_w.l(entry10a.o)
    0x0000027c   0x0000027c   0x00000000   Code   RO          123    .ARM.Collect$$$$0000000F  mc_w.l(entry11a.o)
    0x0000027c   0x0000027c   0x00000004   Code   RO          112    .ARM.Collect$$$$00002712  mc_w.l(entry2.o)
    0x00000280   0x00000280   0x000000fc   Code   RO           88  * .text               startup_tm4c123.o
    0x0000037c   0x0000037c   0x00000030   Code   RO          125    .text               mc_w.l(init.o)
    0x000003ac   0x000003ac   0x00000024   Code   RO           25    .text.LEDS_output   main.o
    0x000003d0   0x000003d0   0x000000ba   Code   RO           19    .text.RGBLED_Init   main.o
    0x0000048a   0x0000048a   0x00000002   PAD
    0x0000048c   0x0000048c   0x00000086   Code   RO           21    .text.SW_Init       main.o
    0x00000512   0x00000512   0x00000002   PAD
    0x00000514   0x00000514   0x00000018   Code   RO           23    .text.SW_Input      main.o
    0x0000052c   0x0000052c   0x0000010c   Code   RO           99    .text.SystemInit    system_tm4c123.o
    0x00000638   0x00000638   0x00000066   Code   RO           69    .text.init_EEPROM   eeprom_program.o
    0x0000069e   0x0000069e   0x00000002   PAD
    0x000006a0   0x000006a0   0x00000122   Code   RO           27    .text.main          main.o
    0x000007c2   0x000007c2   0x00000002   PAD
    0x000007c4   0x000007c4   0x00000088   Code   RO           77    .text.read_Array_EEPROM  eeprom_program.o
    0x0000084c   0x0000084c   0x00000036   Code   RO           73    .text.read_EEPROM   eeprom_program.o
    0x00000882   0x00000882   0x00000002   PAD
    0x00000884   0x00000884   0x00000088   Code   RO           75    .text.write_Array_EEPROM  eeprom_program.o
    0x0000090c   0x0000090c   0x0000004e   Code   RO           71    .text.write_EEPROM  eeprom_program.o
    0x0000095a   0x0000095a   0x0000000e   Code   RO          129    i.__scatterload_copy  mc_w.l(handlers.o)
    0x00000968   0x00000968   0x00000002   Code   RO          130    i.__scatterload_null  mc_w.l(handlers.o)
    0x0000096a   0x0000096a   0x0000000e   Code   RO          131    i.__scatterload_zeroinit  mc_w.l(handlers.o)
    0x00000978   0x00000978   0x00000010   Data   RO          128    Region$$Table       anon$$obj.o


    Execution Region ER_RW (Exec base: 0x20000000, Load base: 0x00000988, Size: 0x00000000, Max: 0xffffffff, ABSOLUTE)

    **** No section assigned to this execution region ****


    Execution Region ER_ZI (Exec base: 0x20000000, Load base: 0x00000988, Size: 0x00000348, Max: 0xffffffff, ABSOLUTE)

    Exec Addr    Load Addr    Size         Type   Attr      Idx    E Section Name        Object

    0x20000000        -       0x00000050   Zero   RW           32    .bss.latit          main.o
    0x20000050        -       0x00000050   Zero   RW           31    .bss.latitudee      main.o
    0x200000a0        -       0x00000050   Zero   RW           33    .bss.longit         main.o
    0x200000f0        -       0x00000050   Zero   RW           30    .bss.longitudee     main.o
    0x20000140        -       0x00000001   Zero   RW           34    .bss.sw1_in         main.o
    0x20000141        -       0x00000001   Zero   RW           36    .bss.sw1_prev       main.o
    0x20000142        -       0x00000001   Zero   RW           35    .bss.sw2_in         main.o
    0x20000143        -       0x00000001   Zero   RW           37    .bss.sw2_prev       main.o
    0x20000144   0x00000988   0x00000004   PAD
    0x20000148        -       0x00000200   Zero   RW           85    STACK               startup_tm4c123.o


==============================================================================

Image component sizes


      Code (inc. data)   RO Data    RW Data    ZI Data      Debug   Object Name

       506          0          0          0          0       1721   eeprom_program.o
       670          0          0          0        324       1465   main.o
       252         10        620          0        512       5444   startup_tm4c123.o
       268          0          0          0          0       6804   system_tm4c123.o

    ----------------------------------------------------------------------
      1706         10        636          0        840      15434   Object Totals
         0          0         16          0          0          0   (incl. Generated)
        10          0          0          0          4          0   (incl. Padding)

    ----------------------------------------------------------------------

      Code (inc. data)   RO Data    RW Data    ZI Data      Debug   Library Member Name

         0          0          0          0          0          0   entry.o
         0          0          0          0          0          0   entry10a.o
         0          0          0          0          0          0   entry11a.o
         8          4          0          0          0          0   entry2.o
         4          0          0          0          0          0   entry5.o
         0          0          0          0          0          0   entry7b.o
         0          0          0          0          0          0   entry8b.o
         8          4          0          0          0          0   entry9a.o
        30          0          0          0          0          0   handlers.o
        48         10          0          0          0         68   init.o

    ----------------------------------------------------------------------
        98         18          0          0          0         68   Library Totals
         0          0          0          0          0          0   (incl. Padding)

    ----------------------------------------------------------------------

      Code (inc. data)   RO Data    RW Data    ZI Data      Debug   Library Name

        98         18          0          0          0         68   mc_w.l

    ----------------------------------------------------------------------
        98         18          0          0          0         68   Library Totals

    ----------------------------------------------------------------------

==============================================================================


      Code (inc. data)   RO Data    RW Data    ZI Data      Debug   

      1804         28        636          0        840      15666   Grand Totals
      1804         28        636          0        840      15666   ELF Image Totals
      1804         28        636          0          0          0   ROM Totals

==============================================================================

    Total RO  Size (Code + RO Data)                 2440 (   2.38kB)
    Total RW  Size (RW Data + ZI Data)               840 (   0.82kB)
    Total ROM Size (Code + RO Data + RW Data)       2440 (   2.38kB)

==============================================================================

