Component: Arm Compiler for Embedded 6.21 Tool: armlink [5ec1fa00]

==============================================================================

Section Cross References

    st7735.o(.ARM.exidx.text.SysTick_Delay) refers to st7735.o(.text.SysTick_Delay) for [Anonymous Symbol]
    st7735.o(.text.delay_ms) refers to st7735.o(.text.SysTick_Delay) for SysTick_Delay
    st7735.o(.ARM.exidx.text.delay_ms) refers to st7735.o(.text.delay_ms) for [Anonymous Symbol]
    st7735.o(.text.spiWrite) refers to gpio.o(i.GPIOPinWrite) for GPIOPinWrite
    st7735.o(.text.spiWrite) refers to ssi.o(i.SSIDataPut) for SSIDataPut
    st7735.o(.text.spiWrite) refers to ssi.o(i.SSIBusy) for SSIBusy
    st7735.o(.ARM.exidx.text.spiWrite) refers to st7735.o(.text.spiWrite) for [Anonymous Symbol]
    st7735.o(.text.writeCommand) refers to gpio.o(i.GPIOPinWrite) for GPIOPinWrite
    st7735.o(.text.writeCommand) refers to st7735.o(.text.spiWrite) for spiWrite
    st7735.o(.ARM.exidx.text.writeCommand) refers to st7735.o(.text.writeCommand) for [Anonymous Symbol]
    st7735.o(.text.writeData) refers to gpio.o(i.GPIOPinWrite) for GPIOPinWrite
    st7735.o(.text.writeData) refers to st7735.o(.text.spiWrite) for spiWrite
    st7735.o(.ARM.exidx.text.writeData) refers to st7735.o(.text.writeData) for [Anonymous Symbol]
    st7735.o(.text.commandList) refers to st7735.o(.text.writeCommand) for writeCommand
    st7735.o(.text.commandList) refers to st7735.o(.text.writeData) for writeData
    st7735.o(.text.commandList) refers to st7735.o(.text.delay_ms) for delay_ms
    st7735.o(.ARM.exidx.text.commandList) refers to st7735.o(.text.commandList) for [Anonymous Symbol]
    st7735.o(.text.LcdInit) refers to sysctl.o(i.SysCtlPeripheralEnable) for SysCtlPeripheralEnable
    st7735.o(.text.LcdInit) refers to gpio.o(i.GPIOPinTypeGPIOOutput) for GPIOPinTypeGPIOOutput
    st7735.o(.text.LcdInit) refers to gpio.o(i.GPIOPinConfigure) for GPIOPinConfigure
    st7735.o(.text.LcdInit) refers to gpio.o(i.GPIOPinTypeSSI) for GPIOPinTypeSSI
    st7735.o(.text.LcdInit) refers to sysctl.o(i.SysCtlClockGet) for SysCtlClockGet
    st7735.o(.text.LcdInit) refers to ssi.o(i.SSIConfigSetExpClk) for SSIConfigSetExpClk
    st7735.o(.text.LcdInit) refers to ssi.o(i.SSIEnable) for SSIEnable
    st7735.o(.text.LcdInit) refers to gpio.o(i.GPIOPinWrite) for GPIOPinWrite
    st7735.o(.text.LcdInit) refers to st7735.o(.text.delay_ms) for delay_ms
    st7735.o(.text.LcdInit) refers to st7735.o(.bss.colstart) for colstart
    st7735.o(.text.LcdInit) refers to st7735.o(.bss.rowstart) for rowstart
    st7735.o(.text.LcdInit) refers to st7735.o(.bss.width) for width
    st7735.o(.text.LcdInit) refers to st7735.o(.bss.height) for height
    st7735.o(.text.LcdInit) refers to st7735.o(.bss.wrap) for wrap
    st7735.o(.text.LcdInit) refers to st7735.o(.bss.cursor_y) for cursor_y
    st7735.o(.text.LcdInit) refers to st7735.o(.bss.cursor_x) for cursor_x
    st7735.o(.text.LcdInit) refers to st7735.o(.bss.textsize) for textsize
    st7735.o(.text.LcdInit) refers to st7735.o(.bss.textcolour) for textcolour
    st7735.o(.text.LcdInit) refers to st7735.o(.bss.textbgcolour) for textbgcolour
    st7735.o(.text.LcdInit) refers to st7735.o(.rodata.initCommands) for initCommands
    st7735.o(.text.LcdInit) refers to st7735.o(.text.commandList) for commandList
    st7735.o(.ARM.exidx.text.LcdInit) refers to st7735.o(.text.LcdInit) for [Anonymous Symbol]
    st7735.o(.ARM.exidx.text.swapColour) refers to st7735.o(.text.swapColour) for [Anonymous Symbol]
    st7735.o(.text.setAddrWindow) refers to st7735.o(.text.writeCommand) for writeCommand
    st7735.o(.text.setAddrWindow) refers to st7735.o(.text.writeData) for writeData
    st7735.o(.text.setAddrWindow) refers to st7735.o(.bss.colstart) for colstart
    st7735.o(.text.setAddrWindow) refers to st7735.o(.bss.rowstart) for rowstart
    st7735.o(.ARM.exidx.text.setAddrWindow) refers to st7735.o(.text.setAddrWindow) for [Anonymous Symbol]
    st7735.o(.text.pushColour) refers to gpio.o(i.GPIOPinWrite) for GPIOPinWrite
    st7735.o(.text.pushColour) refers to st7735.o(.text.spiWrite) for spiWrite
    st7735.o(.ARM.exidx.text.pushColour) refers to st7735.o(.text.pushColour) for [Anonymous Symbol]
    st7735.o(.text.drawPixel) refers to st7735.o(.bss.width) for width
    st7735.o(.text.drawPixel) refers to st7735.o(.bss.height) for height
    st7735.o(.text.drawPixel) refers to st7735.o(.text.setAddrWindow) for setAddrWindow
    st7735.o(.text.drawPixel) refers to st7735.o(.text.pushColour) for pushColour
    st7735.o(.ARM.exidx.text.drawPixel) refers to st7735.o(.text.drawPixel) for [Anonymous Symbol]
    st7735.o(.text.drawFastVLine) refers to st7735.o(.bss.width) for width
    st7735.o(.text.drawFastVLine) refers to st7735.o(.bss.height) for height
    st7735.o(.text.drawFastVLine) refers to st7735.o(.text.setAddrWindow) for setAddrWindow
    st7735.o(.text.drawFastVLine) refers to gpio.o(i.GPIOPinWrite) for GPIOPinWrite
    st7735.o(.text.drawFastVLine) refers to st7735.o(.text.spiWrite) for spiWrite
    st7735.o(.ARM.exidx.text.drawFastVLine) refers to st7735.o(.text.drawFastVLine) for [Anonymous Symbol]
    st7735.o(.text.drawFastHLine) refers to st7735.o(.bss.width) for width
    st7735.o(.text.drawFastHLine) refers to st7735.o(.bss.height) for height
    st7735.o(.text.drawFastHLine) refers to st7735.o(.text.setAddrWindow) for setAddrWindow
    st7735.o(.text.drawFastHLine) refers to gpio.o(i.GPIOPinWrite) for GPIOPinWrite
    st7735.o(.text.drawFastHLine) refers to st7735.o(.text.spiWrite) for spiWrite
    st7735.o(.ARM.exidx.text.drawFastHLine) refers to st7735.o(.text.drawFastHLine) for [Anonymous Symbol]
    st7735.o(.text.fillScreen) refers to st7735.o(.bss.width) for width
    st7735.o(.text.fillScreen) refers to st7735.o(.bss.height) for height
    st7735.o(.text.fillScreen) refers to st7735.o(.text.fillRect) for fillRect
    st7735.o(.ARM.exidx.text.fillScreen) refers to st7735.o(.text.fillScreen) for [Anonymous Symbol]
    st7735.o(.text.fillRect) refers to st7735.o(.bss.width) for width
    st7735.o(.text.fillRect) refers to st7735.o(.bss.height) for height
    st7735.o(.text.fillRect) refers to st7735.o(.text.setAddrWindow) for setAddrWindow
    st7735.o(.text.fillRect) refers to gpio.o(i.GPIOPinWrite) for GPIOPinWrite
    st7735.o(.text.fillRect) refers to st7735.o(.text.spiWrite) for spiWrite
    st7735.o(.ARM.exidx.text.fillRect) refers to st7735.o(.text.fillRect) for [Anonymous Symbol]
    st7735.o(.ARM.exidx.text.Colour565) refers to st7735.o(.text.Colour565) for [Anonymous Symbol]
    st7735.o(.text.setRotation) refers to st7735.o(.text.writeCommand) for writeCommand
    st7735.o(.text.setRotation) refers to st7735.o(.bss.rotation) for rotation
    st7735.o(.text.setRotation) refers to st7735.o(.text.writeData) for writeData
    st7735.o(.text.setRotation) refers to st7735.o(.bss.width) for width
    st7735.o(.text.setRotation) refers to st7735.o(.bss.height) for height
    st7735.o(.ARM.exidx.text.setRotation) refers to st7735.o(.text.setRotation) for [Anonymous Symbol]
    st7735.o(.text.invertDisplay) refers to st7735.o(.text.writeCommand) for writeCommand
    st7735.o(.ARM.exidx.text.invertDisplay) refers to st7735.o(.text.invertDisplay) for [Anonymous Symbol]
    st7735.o(.text.drawCircle) refers to st7735.o(.text.drawPixel) for drawPixel
    st7735.o(.ARM.exidx.text.drawCircle) refers to st7735.o(.text.drawCircle) for [Anonymous Symbol]
    st7735.o(.text.drawCircleHelper) refers to st7735.o(.text.drawPixel) for drawPixel
    st7735.o(.ARM.exidx.text.drawCircleHelper) refers to st7735.o(.text.drawCircleHelper) for [Anonymous Symbol]
    st7735.o(.text.fillCircle) refers to st7735.o(.text.drawFastVLine) for drawFastVLine
    st7735.o(.text.fillCircle) refers to st7735.o(.text.fillCircleHelper) for fillCircleHelper
    st7735.o(.ARM.exidx.text.fillCircle) refers to st7735.o(.text.fillCircle) for [Anonymous Symbol]
    st7735.o(.text.fillCircleHelper) refers to st7735.o(.text.drawFastVLine) for drawFastVLine
    st7735.o(.ARM.exidx.text.fillCircleHelper) refers to st7735.o(.text.fillCircleHelper) for [Anonymous Symbol]
    st7735.o(.text.drawLine) refers to st7735.o(.text.drawPixel) for drawPixel
    st7735.o(.ARM.exidx.text.drawLine) refers to st7735.o(.text.drawLine) for [Anonymous Symbol]
    st7735.o(.text.drawRect) refers to st7735.o(.text.drawFastHLine) for drawFastHLine
    st7735.o(.text.drawRect) refers to st7735.o(.text.drawFastVLine) for drawFastVLine
    st7735.o(.ARM.exidx.text.drawRect) refers to st7735.o(.text.drawRect) for [Anonymous Symbol]
    st7735.o(.text.drawRoundRect) refers to st7735.o(.text.drawFastHLine) for drawFastHLine
    st7735.o(.text.drawRoundRect) refers to st7735.o(.text.drawFastVLine) for drawFastVLine
    st7735.o(.text.drawRoundRect) refers to st7735.o(.text.drawCircleHelper) for drawCircleHelper
    st7735.o(.ARM.exidx.text.drawRoundRect) refers to st7735.o(.text.drawRoundRect) for [Anonymous Symbol]
    st7735.o(.text.fillRoundRect) refers to st7735.o(.text.fillRect) for fillRect
    st7735.o(.text.fillRoundRect) refers to st7735.o(.text.fillCircleHelper) for fillCircleHelper
    st7735.o(.ARM.exidx.text.fillRoundRect) refers to st7735.o(.text.fillRoundRect) for [Anonymous Symbol]
    st7735.o(.text.drawTriangle) refers to st7735.o(.text.drawLine) for drawLine
    st7735.o(.ARM.exidx.text.drawTriangle) refers to st7735.o(.text.drawTriangle) for [Anonymous Symbol]
    st7735.o(.text.fillTriangle) refers to st7735.o(.text.drawFastHLine) for drawFastHLine
    st7735.o(.ARM.exidx.text.fillTriangle) refers to st7735.o(.text.fillTriangle) for [Anonymous Symbol]
    st7735.o(.text.drawBitmap) refers to st7735.o(.text.drawPixel) for drawPixel
    st7735.o(.ARM.exidx.text.drawBitmap) refers to st7735.o(.text.drawBitmap) for [Anonymous Symbol]
    st7735.o(.text.drawXBitmap) refers to st7735.o(.text.drawPixel) for drawPixel
    st7735.o(.ARM.exidx.text.drawXBitmap) refers to st7735.o(.text.drawXBitmap) for [Anonymous Symbol]
    st7735.o(.text.drawString) refers to st7735.o(.bss.cursor_x) for cursor_x
    st7735.o(.text.drawString) refers to st7735.o(.bss.cursor_y) for cursor_y
    st7735.o(.text.drawString) refers to st7735.o(.bss.textsize) for textsize
    st7735.o(.text.drawString) refers to st7735.o(.bss.textcolour) for textcolour
    st7735.o(.text.drawString) refers to st7735.o(.bss.textbgcolour) for textbgcolour
    st7735.o(.text.drawString) refers to st7735.o(.text.drawChar) for drawChar
    st7735.o(.text.drawString) refers to st7735.o(.bss.wrap) for wrap
    st7735.o(.text.drawString) refers to st7735.o(.bss.width) for width
    st7735.o(.ARM.exidx.text.drawString) refers to st7735.o(.text.drawString) for [Anonymous Symbol]
    st7735.o(.text.drawChar) refers to st7735.o(.bss.width) for width
    st7735.o(.text.drawChar) refers to st7735.o(.bss.height) for height
    st7735.o(.text.drawChar) refers to st7735.o(.rodata.font) for font
    st7735.o(.text.drawChar) refers to st7735.o(.text.drawPixel) for drawPixel
    st7735.o(.text.drawChar) refers to st7735.o(.text.fillRect) for fillRect
    st7735.o(.ARM.exidx.text.drawChar) refers to st7735.o(.text.drawChar) for [Anonymous Symbol]
    st7735.o(.text.setCursor) refers to st7735.o(.bss.cursor_x) for cursor_x
    st7735.o(.text.setCursor) refers to st7735.o(.bss.cursor_y) for cursor_y
    st7735.o(.ARM.exidx.text.setCursor) refers to st7735.o(.text.setCursor) for [Anonymous Symbol]
    st7735.o(.text.setTextSize) refers to st7735.o(.bss.textsize) for textsize
    st7735.o(.ARM.exidx.text.setTextSize) refers to st7735.o(.text.setTextSize) for [Anonymous Symbol]
    st7735.o(.text.setTextColour) refers to st7735.o(.bss.textcolour) for textcolour
    st7735.o(.text.setTextColour) refers to st7735.o(.bss.textbgcolour) for textbgcolour
    st7735.o(.ARM.exidx.text.setTextColour) refers to st7735.o(.text.setTextColour) for [Anonymous Symbol]
    st7735.o(.text.setTextWrap) refers to st7735.o(.bss.wrap) for wrap
    st7735.o(.ARM.exidx.text.setTextWrap) refers to st7735.o(.text.setTextWrap) for [Anonymous Symbol]
    icons.o(.text.main) refers to sysctl.o(i.SysCtlClockSet) for SysCtlClockSet
    icons.o(.text.main) refers to st7735.o(.text.LcdInit) for LcdInit
    icons.o(.text.main) refers to st7735.o(.text.fillScreen) for fillScreen
    icons.o(.text.main) refers to st7735.o(.text.fillRoundRect) for fillRoundRect
    icons.o(.text.main) refers to st7735.o(.text.fillTriangle) for fillTriangle
    icons.o(.text.main) refers to st7735.o(.text.delay_ms) for delay_ms
    icons.o(.text.main) refers to icons.o(.rodata.str1.1) for .L.str
    icons.o(.text.main) refers to st7735.o(.text.drawString) for drawString
    icons.o(.ARM.exidx.text.main) refers to icons.o(.text.main) for [Anonymous Symbol]
    startup_rvmdk.o(STACK) refers (Special) to heapauxi.o(.text) for __use_two_region_memory
    startup_rvmdk.o(HEAP) refers (Special) to heapauxi.o(.text) for __use_two_region_memory
    startup_rvmdk.o(RESET) refers (Special) to heapauxi.o(.text) for __use_two_region_memory
    startup_rvmdk.o(RESET) refers to startup_rvmdk.o(STACK) for StackMem
    startup_rvmdk.o(RESET) refers to __main.o(!!!main) for __main
    startup_rvmdk.o(.text) refers (Special) to heapauxi.o(.text) for __use_two_region_memory
    startup_rvmdk.o(.text) refers to startup_rvmdk.o(HEAP) for HeapMem
    startup_rvmdk.o(.text) refers to startup_rvmdk.o(STACK) for StackMem
    gpio.o(i.GPIOIntRegister) refers to gpio.o(i._GPIOIntNumberGet) for _GPIOIntNumberGet
    gpio.o(i.GPIOIntRegister) refers to interrupt.o(i.IntRegister) for IntRegister
    gpio.o(i.GPIOIntRegister) refers to interrupt.o(i.IntEnable) for IntEnable
    gpio.o(i.GPIOIntRegisterPin) refers to gpio.o(i._GPIOIntNumberGet) for _GPIOIntNumberGet
    gpio.o(i.GPIOIntRegisterPin) refers to interrupt.o(i.IntRegister) for IntRegister
    gpio.o(i.GPIOIntRegisterPin) refers to interrupt.o(i.IntEnable) for IntEnable
    gpio.o(i.GPIOIntUnregister) refers to gpio.o(i._GPIOIntNumberGet) for _GPIOIntNumberGet
    gpio.o(i.GPIOIntUnregister) refers to interrupt.o(i.IntDisable) for IntDisable
    gpio.o(i.GPIOIntUnregister) refers to interrupt.o(i.IntUnregister) for IntUnregister
    gpio.o(i.GPIOIntUnregisterPin) refers to gpio.o(i._GPIOIntNumberGet) for _GPIOIntNumberGet
    gpio.o(i.GPIOIntUnregisterPin) refers to interrupt.o(i.IntDisable) for IntDisable
    gpio.o(i.GPIOIntUnregisterPin) refers to interrupt.o(i.IntUnregister) for IntUnregister
    gpio.o(i.GPIOPinConfigure) refers to gpio.o(.constdata) for .constdata
    gpio.o(i.GPIOPinTypeADC) refers to gpio.o(i.GPIODirModeSet) for GPIODirModeSet
    gpio.o(i.GPIOPinTypeADC) refers to gpio.o(i.GPIOPadConfigSet) for GPIOPadConfigSet
    gpio.o(i.GPIOPinTypeCAN) refers to gpio.o(i.GPIODirModeSet) for GPIODirModeSet
    gpio.o(i.GPIOPinTypeCAN) refers to gpio.o(i.GPIOPadConfigSet) for GPIOPadConfigSet
    gpio.o(i.GPIOPinTypeComparator) refers to gpio.o(i.GPIODirModeSet) for GPIODirModeSet
    gpio.o(i.GPIOPinTypeComparator) refers to gpio.o(i.GPIOPadConfigSet) for GPIOPadConfigSet
    gpio.o(i.GPIOPinTypeComparatorOutput) refers to gpio.o(i.GPIODirModeSet) for GPIODirModeSet
    gpio.o(i.GPIOPinTypeComparatorOutput) refers to gpio.o(i.GPIOPadConfigSet) for GPIOPadConfigSet
    gpio.o(i.GPIOPinTypeDIVSCLK) refers to gpio.o(i.GPIODirModeSet) for GPIODirModeSet
    gpio.o(i.GPIOPinTypeDIVSCLK) refers to gpio.o(i.GPIOPadConfigSet) for GPIOPadConfigSet
    gpio.o(i.GPIOPinTypeEPI) refers to gpio.o(i.GPIODirModeSet) for GPIODirModeSet
    gpio.o(i.GPIOPinTypeEPI) refers to gpio.o(i.GPIOPadConfigSet) for GPIOPadConfigSet
    gpio.o(i.GPIOPinTypeEthernetLED) refers to gpio.o(i.GPIODirModeSet) for GPIODirModeSet
    gpio.o(i.GPIOPinTypeEthernetLED) refers to gpio.o(i.GPIOPadConfigSet) for GPIOPadConfigSet
    gpio.o(i.GPIOPinTypeEthernetMII) refers to gpio.o(i.GPIODirModeSet) for GPIODirModeSet
    gpio.o(i.GPIOPinTypeEthernetMII) refers to gpio.o(i.GPIOPadConfigSet) for GPIOPadConfigSet
    gpio.o(i.GPIOPinTypeGPIOInput) refers to gpio.o(i.GPIODirModeSet) for GPIODirModeSet
    gpio.o(i.GPIOPinTypeGPIOInput) refers to gpio.o(i.GPIOPadConfigSet) for GPIOPadConfigSet
    gpio.o(i.GPIOPinTypeGPIOOutput) refers to gpio.o(i.GPIOPadConfigSet) for GPIOPadConfigSet
    gpio.o(i.GPIOPinTypeGPIOOutput) refers to gpio.o(i.GPIODirModeSet) for GPIODirModeSet
    gpio.o(i.GPIOPinTypeGPIOOutputOD) refers to gpio.o(i.GPIOPadConfigSet) for GPIOPadConfigSet
    gpio.o(i.GPIOPinTypeGPIOOutputOD) refers to gpio.o(i.GPIODirModeSet) for GPIODirModeSet
    gpio.o(i.GPIOPinTypeHibernateRTCCLK) refers to gpio.o(i.GPIODirModeSet) for GPIODirModeSet
    gpio.o(i.GPIOPinTypeHibernateRTCCLK) refers to gpio.o(i.GPIOPadConfigSet) for GPIOPadConfigSet
    gpio.o(i.GPIOPinTypeI2C) refers to gpio.o(i.GPIODirModeSet) for GPIODirModeSet
    gpio.o(i.GPIOPinTypeI2C) refers to gpio.o(i.GPIOPadConfigSet) for GPIOPadConfigSet
    gpio.o(i.GPIOPinTypeI2CSCL) refers to gpio.o(i.GPIODirModeSet) for GPIODirModeSet
    gpio.o(i.GPIOPinTypeI2CSCL) refers to gpio.o(i.GPIOPadConfigSet) for GPIOPadConfigSet
    gpio.o(i.GPIOPinTypeLCD) refers to gpio.o(i.GPIODirModeSet) for GPIODirModeSet
    gpio.o(i.GPIOPinTypeLCD) refers to gpio.o(i.GPIOPadConfigSet) for GPIOPadConfigSet
    gpio.o(i.GPIOPinTypeOneWire) refers to gpio.o(i.GPIODirModeSet) for GPIODirModeSet
    gpio.o(i.GPIOPinTypeOneWire) refers to gpio.o(i.GPIOPadConfigSet) for GPIOPadConfigSet
    gpio.o(i.GPIOPinTypePWM) refers to gpio.o(i.GPIODirModeSet) for GPIODirModeSet
    gpio.o(i.GPIOPinTypePWM) refers to gpio.o(i.GPIOPadConfigSet) for GPIOPadConfigSet
    gpio.o(i.GPIOPinTypeQEI) refers to gpio.o(i.GPIODirModeSet) for GPIODirModeSet
    gpio.o(i.GPIOPinTypeQEI) refers to gpio.o(i.GPIOPadConfigSet) for GPIOPadConfigSet
    gpio.o(i.GPIOPinTypeSSI) refers to gpio.o(i.GPIODirModeSet) for GPIODirModeSet
    gpio.o(i.GPIOPinTypeSSI) refers to gpio.o(i.GPIOPadConfigSet) for GPIOPadConfigSet
    gpio.o(i.GPIOPinTypeTimer) refers to gpio.o(i.GPIODirModeSet) for GPIODirModeSet
    gpio.o(i.GPIOPinTypeTimer) refers to gpio.o(i.GPIOPadConfigSet) for GPIOPadConfigSet
    gpio.o(i.GPIOPinTypeTrace) refers to gpio.o(i.GPIODirModeSet) for GPIODirModeSet
    gpio.o(i.GPIOPinTypeTrace) refers to gpio.o(i.GPIOPadConfigSet) for GPIOPadConfigSet
    gpio.o(i.GPIOPinTypeUART) refers to gpio.o(i.GPIODirModeSet) for GPIODirModeSet
    gpio.o(i.GPIOPinTypeUART) refers to gpio.o(i.GPIOPadConfigSet) for GPIOPadConfigSet
    gpio.o(i.GPIOPinTypeUSBAnalog) refers to gpio.o(i.GPIODirModeSet) for GPIODirModeSet
    gpio.o(i.GPIOPinTypeUSBAnalog) refers to gpio.o(i.GPIOPadConfigSet) for GPIOPadConfigSet
    gpio.o(i.GPIOPinTypeUSBDigital) refers to gpio.o(i.GPIODirModeSet) for GPIODirModeSet
    gpio.o(i.GPIOPinTypeUSBDigital) refers to gpio.o(i.GPIOPadConfigSet) for GPIOPadConfigSet
    gpio.o(i.GPIOPinTypeWakeHigh) refers to gpio.o(i.GPIODirModeSet) for GPIODirModeSet
    gpio.o(i.GPIOPinTypeWakeHigh) refers to gpio.o(i.GPIOPadConfigSet) for GPIOPadConfigSet
    gpio.o(i.GPIOPinTypeWakeLow) refers to gpio.o(i.GPIODirModeSet) for GPIODirModeSet
    gpio.o(i.GPIOPinTypeWakeLow) refers to gpio.o(i.GPIOPadConfigSet) for GPIOPadConfigSet
    gpio.o(i._GPIOIntNumberGet) refers to gpio.o(.constdata) for .constdata
    ssi.o(i.SSIIntRegister) refers to interrupt.o(i.IntRegister) for IntRegister
    ssi.o(i.SSIIntRegister) refers to interrupt.o(i.IntEnable) for IntEnable
    ssi.o(i.SSIIntRegister) refers to ssi.o(.constdata) for .constdata
    ssi.o(i.SSIIntUnregister) refers to interrupt.o(i.IntDisable) for IntDisable
    ssi.o(i.SSIIntUnregister) refers to interrupt.o(i.IntUnregister) for IntUnregister
    ssi.o(i.SSIIntUnregister) refers to ssi.o(.constdata) for .constdata
    sysctl.o(i.SysCtlClockFreqSet) refers to sysctl.o(.constdata) for .constdata
    sysctl.o(i.SysCtlClockGet) refers to sysctl.o(.constdata) for .constdata
    sysctl.o(i.SysCtlClockSet) refers to sysctl.o(.emb_text) for SysCtlDelay
    sysctl.o(i.SysCtlDeepSleep) refers to cpu.o(.emb_text) for CPUwfi
    sysctl.o(i.SysCtlIntRegister) refers to interrupt.o(i.IntRegister) for IntRegister
    sysctl.o(i.SysCtlIntRegister) refers to interrupt.o(i.IntEnable) for IntEnable
    sysctl.o(i.SysCtlIntUnregister) refers to interrupt.o(i.IntDisable) for IntDisable
    sysctl.o(i.SysCtlIntUnregister) refers to interrupt.o(i.IntUnregister) for IntUnregister
    sysctl.o(i.SysCtlSleep) refers to cpu.o(.emb_text) for CPUwfi
    sysctl.o(i.SysCtlVCOGet) refers to sysctl.o(.constdata) for .constdata
    interrupt.o(i.IntDisable) refers to interrupt.o(.constdata) for .constdata
    interrupt.o(i.IntEnable) refers to interrupt.o(.constdata) for .constdata
    interrupt.o(i.IntIsEnabled) refers to interrupt.o(.constdata) for .constdata
    interrupt.o(i.IntMasterDisable) refers to cpu.o(.emb_text) for CPUcpsid
    interrupt.o(i.IntMasterEnable) refers to cpu.o(.emb_text) for CPUcpsie
    interrupt.o(i.IntPendClear) refers to interrupt.o(.constdata) for .constdata
    interrupt.o(i.IntPendSet) refers to interrupt.o(.constdata) for .constdata
    interrupt.o(i.IntPriorityGet) refers to interrupt.o(.constdata) for .constdata
    interrupt.o(i.IntPriorityGroupingGet) refers to interrupt.o(.constdata) for .constdata
    interrupt.o(i.IntPriorityGroupingSet) refers to interrupt.o(.constdata) for .constdata
    interrupt.o(i.IntPriorityMaskGet) refers to cpu.o(.emb_text) for CPUbasepriGet
    interrupt.o(i.IntPriorityMaskSet) refers to cpu.o(.emb_text) for CPUbasepriSet
    interrupt.o(i.IntPrioritySet) refers to interrupt.o(.constdata) for .constdata
    interrupt.o(i.IntRegister) refers to interrupt.o(vtable) for vtable
    interrupt.o(i.IntUnregister) refers to interrupt.o(i._IntDefaultHandler) for _IntDefaultHandler
    interrupt.o(i.IntUnregister) refers to interrupt.o(vtable) for vtable
    __main.o(!!!main) refers to __rtentry.o(.ARM.Collect$$rtentry$$00000000) for __rt_entry
    __rtentry.o(.ARM.Collect$$rtentry$$00000000) refers (Special) to __rtentry2.o(.ARM.Collect$$rtentry$$0000000A) for __rt_entry_li
    __rtentry.o(.ARM.Collect$$rtentry$$00000000) refers (Special) to __rtentry2.o(.ARM.Collect$$rtentry$$0000000D) for __rt_entry_main
    __rtentry.o(.ARM.Collect$$rtentry$$00000000) refers (Special) to __rtentry2.o(.ARM.Collect$$rtentry$$0000000C) for __rt_entry_postli_1
    __rtentry.o(.ARM.Collect$$rtentry$$00000000) refers (Special) to __rtentry2.o(.ARM.Collect$$rtentry$$00000009) for __rt_entry_postsh_1
    __rtentry.o(.ARM.Collect$$rtentry$$00000000) refers (Special) to __rtentry2.o(.ARM.Collect$$rtentry$$00000002) for __rt_entry_presh_1
    __rtentry.o(.ARM.Collect$$rtentry$$00000000) refers (Special) to __rtentry4.o(.ARM.Collect$$rtentry$$00000004) for __rt_entry_sh
    __rtentry2.o(.ARM.Collect$$rtentry$$00000008) refers to boardinit2.o(.text) for _platform_post_stackheap_init
    __rtentry2.o(.ARM.Collect$$rtentry$$0000000A) refers to libinit.o(.ARM.Collect$$libinit$$00000000) for __rt_lib_init
    __rtentry2.o(.ARM.Collect$$rtentry$$0000000B) refers to boardinit3.o(.text) for _platform_post_lib_init
    __rtentry2.o(.ARM.Collect$$rtentry$$0000000D) refers to icons.o(.text.main) for main
    __rtentry2.o(.ARM.Collect$$rtentry$$0000000D) refers to exit.o(.text) for exit
    __rtentry2.o(.ARM.exidx) refers to __rtentry2.o(.ARM.Collect$$rtentry$$00000001) for .ARM.Collect$$rtentry$$00000001
    __rtentry2.o(.ARM.exidx) refers to __rtentry2.o(.ARM.Collect$$rtentry$$00000008) for .ARM.Collect$$rtentry$$00000008
    __rtentry2.o(.ARM.exidx) refers to __rtentry2.o(.ARM.Collect$$rtentry$$0000000A) for .ARM.Collect$$rtentry$$0000000A
    __rtentry2.o(.ARM.exidx) refers to __rtentry2.o(.ARM.Collect$$rtentry$$0000000B) for .ARM.Collect$$rtentry$$0000000B
    __rtentry2.o(.ARM.exidx) refers to __rtentry2.o(.ARM.Collect$$rtentry$$0000000D) for .ARM.Collect$$rtentry$$0000000D
    __rtentry4.o(.ARM.Collect$$rtentry$$00000004) refers to sys_stackheap_outer.o(.text) for __user_setup_stackheap
    __rtentry4.o(.ARM.exidx) refers to __rtentry4.o(.ARM.Collect$$rtentry$$00000004) for .ARM.Collect$$rtentry$$00000004
    sys_stackheap_outer.o(.text) refers to libspace.o(.text) for __user_perproc_libspace
    sys_stackheap_outer.o(.text) refers to startup_rvmdk.o(.text) for __user_initial_stackheap
    exit.o(.text) refers to rtexit.o(.ARM.Collect$$rtexit$$00000000) for __rt_exit
    libinit.o(.ARM.Collect$$libinit$$00000000) refers (Special) to libinit2.o(.ARM.Collect$$libinit$$00000030) for __rt_lib_init_alloca_1
    libinit.o(.ARM.Collect$$libinit$$00000000) refers (Special) to libinit2.o(.ARM.Collect$$libinit$$0000002E) for __rt_lib_init_argv_1
    libinit.o(.ARM.Collect$$libinit$$00000000) refers (Special) to libinit2.o(.ARM.Collect$$libinit$$0000001D) for __rt_lib_init_atexit_1
    libinit.o(.ARM.Collect$$libinit$$00000000) refers (Special) to libinit2.o(.ARM.Collect$$libinit$$00000023) for __rt_lib_init_clock_1
    libinit.o(.ARM.Collect$$libinit$$00000000) refers (Special) to libinit2.o(.ARM.Collect$$libinit$$00000034) for __rt_lib_init_cpp_1
    libinit.o(.ARM.Collect$$libinit$$00000000) refers (Special) to libinit2.o(.ARM.Collect$$libinit$$00000032) for __rt_lib_init_exceptions_1
    libinit.o(.ARM.Collect$$libinit$$00000000) refers (Special) to libinit2.o(.ARM.Collect$$libinit$$00000001) for __rt_lib_init_fp_1
    libinit.o(.ARM.Collect$$libinit$$00000000) refers (Special) to libinit2.o(.ARM.Collect$$libinit$$00000021) for __rt_lib_init_fp_trap_1
    libinit.o(.ARM.Collect$$libinit$$00000000) refers (Special) to libinit2.o(.ARM.Collect$$libinit$$00000025) for __rt_lib_init_getenv_1
    libinit.o(.ARM.Collect$$libinit$$00000000) refers (Special) to libinit2.o(.ARM.Collect$$libinit$$0000000C) for __rt_lib_init_heap_1
    libinit.o(.ARM.Collect$$libinit$$00000000) refers (Special) to libinit2.o(.ARM.Collect$$libinit$$00000013) for __rt_lib_init_lc_collate_1
    libinit.o(.ARM.Collect$$libinit$$00000000) refers (Special) to libinit2.o(.ARM.Collect$$libinit$$00000015) for __rt_lib_init_lc_ctype_1
    libinit.o(.ARM.Collect$$libinit$$00000000) refers (Special) to libinit2.o(.ARM.Collect$$libinit$$00000017) for __rt_lib_init_lc_monetary_1
    libinit.o(.ARM.Collect$$libinit$$00000000) refers (Special) to libinit2.o(.ARM.Collect$$libinit$$00000019) for __rt_lib_init_lc_numeric_1
    libinit.o(.ARM.Collect$$libinit$$00000000) refers (Special) to libinit2.o(.ARM.Collect$$libinit$$0000001B) for __rt_lib_init_lc_time_1
    libinit.o(.ARM.Collect$$libinit$$00000000) refers (Special) to libinit2.o(.ARM.Collect$$libinit$$00000006) for __rt_lib_init_preinit_1
    libinit.o(.ARM.Collect$$libinit$$00000000) refers (Special) to libinit2.o(.ARM.Collect$$libinit$$00000010) for __rt_lib_init_rand_1
    libinit.o(.ARM.Collect$$libinit$$00000000) refers (Special) to libinit2.o(.ARM.Collect$$libinit$$00000004) for __rt_lib_init_relocate_pie_1
    libinit.o(.ARM.Collect$$libinit$$00000000) refers (Special) to libinit2.o(.ARM.Collect$$libinit$$00000035) for __rt_lib_init_return
    libinit.o(.ARM.Collect$$libinit$$00000000) refers (Special) to libinit2.o(.ARM.Collect$$libinit$$0000001F) for __rt_lib_init_signal_1
    libinit.o(.ARM.Collect$$libinit$$00000000) refers (Special) to libinit2.o(.ARM.Collect$$libinit$$00000027) for __rt_lib_init_stdio_1
    libinit.o(.ARM.Collect$$libinit$$00000000) refers (Special) to libinit2.o(.ARM.Collect$$libinit$$0000000E) for __rt_lib_init_user_alloc_1
    libspace.o(.text) refers to libspace.o(.bss) for __libspace_start
    rtexit.o(.ARM.Collect$$rtexit$$00000000) refers (Special) to rtexit2.o(.ARM.Collect$$rtexit$$00000004) for __rt_exit_exit
    rtexit.o(.ARM.Collect$$rtexit$$00000000) refers (Special) to rtexit2.o(.ARM.Collect$$rtexit$$00000003) for __rt_exit_ls
    rtexit.o(.ARM.Collect$$rtexit$$00000000) refers (Special) to rtexit2.o(.ARM.Collect$$rtexit$$00000002) for __rt_exit_prels_1
    rtexit.o(.ARM.exidx) refers (Special) to rtexit2.o(.ARM.Collect$$rtexit$$00000004) for __rt_exit_exit
    rtexit.o(.ARM.exidx) refers (Special) to rtexit2.o(.ARM.Collect$$rtexit$$00000003) for __rt_exit_ls
    rtexit.o(.ARM.exidx) refers (Special) to rtexit2.o(.ARM.Collect$$rtexit$$00000002) for __rt_exit_prels_1
    rtexit.o(.ARM.exidx) refers to rtexit.o(.ARM.Collect$$rtexit$$00000000) for .ARM.Collect$$rtexit$$00000000
    libinit2.o(.ARM.Collect$$libinit$$00000001) refers to fpinit.o(x$fpl$fpinit) for _fp_init
    libinit2.o(.ARM.Collect$$libinit$$00000012) refers to libinit2.o(.ARM.Collect$$libinit$$00000011) for .ARM.Collect$$libinit$$00000011
    libinit2.o(.ARM.Collect$$libinit$$00000014) refers to libinit2.o(.ARM.Collect$$libinit$$00000011) for .ARM.Collect$$libinit$$00000011
    libinit2.o(.ARM.Collect$$libinit$$00000016) refers to libinit2.o(.ARM.Collect$$libinit$$00000011) for .ARM.Collect$$libinit$$00000011
    libinit2.o(.ARM.Collect$$libinit$$00000018) refers to libinit2.o(.ARM.Collect$$libinit$$00000011) for .ARM.Collect$$libinit$$00000011
    libinit2.o(.ARM.Collect$$libinit$$0000001A) refers to libinit2.o(.ARM.Collect$$libinit$$00000011) for .ARM.Collect$$libinit$$00000011
    libinit2.o(.ARM.Collect$$libinit$$00000028) refers to argv_veneer.o(.emb_text) for __ARM_argv_veneer
    libinit2.o(.ARM.Collect$$libinit$$00000029) refers to argv_veneer.o(.emb_text) for __ARM_argv_veneer
    rtexit2.o(.ARM.Collect$$rtexit$$00000003) refers to libshutdown.o(.ARM.Collect$$libshutdown$$00000000) for __rt_lib_shutdown
    rtexit2.o(.ARM.Collect$$rtexit$$00000004) refers to sys_exit.o(.text) for _sys_exit
    rtexit2.o(.ARM.exidx) refers to rtexit2.o(.ARM.Collect$$rtexit$$00000001) for .ARM.Collect$$rtexit$$00000001
    rtexit2.o(.ARM.exidx) refers to rtexit2.o(.ARM.Collect$$rtexit$$00000003) for .ARM.Collect$$rtexit$$00000003
    rtexit2.o(.ARM.exidx) refers to rtexit2.o(.ARM.Collect$$rtexit$$00000004) for .ARM.Collect$$rtexit$$00000004
    argv_veneer.o(.emb_text) refers to no_argv.o(.text) for __ARM_get_argv
    sys_exit.o(.text) refers (Special) to use_no_semi.o(.text) for __I$use$semihosting
    sys_exit.o(.text) refers (Special) to indicate_semi.o(.text) for __semihosting_library_function
    sys_exit_hlt.o(.text) refers (Special) to use_no_semi.o(.text) for __I$use$semihosting
    sys_exit_hlt.o(.text) refers (Special) to indicate_semi.o(.text) for __semihosting_library_function
    _get_argv_nomalloc.o(.text) refers (Special) to hrguard.o(.text) for __heap_region$guard
    _get_argv_nomalloc.o(.text) refers to defsig_rtmem_outer.o(.text) for __rt_SIGRTMEM
    _get_argv_nomalloc.o(.text) refers to sys_command.o(.text) for _sys_command_string
    libshutdown.o(.ARM.Collect$$libshutdown$$00000000) refers (Special) to libshutdown2.o(.ARM.Collect$$libshutdown$$00000002) for __rt_lib_shutdown_cpp_1
    libshutdown.o(.ARM.Collect$$libshutdown$$00000000) refers (Special) to libshutdown2.o(.ARM.Collect$$libshutdown$$00000007) for __rt_lib_shutdown_fp_trap_1
    libshutdown.o(.ARM.Collect$$libshutdown$$00000000) refers (Special) to libshutdown2.o(.ARM.Collect$$libshutdown$$0000000F) for __rt_lib_shutdown_heap_1
    libshutdown.o(.ARM.Collect$$libshutdown$$00000000) refers (Special) to libshutdown2.o(.ARM.Collect$$libshutdown$$00000010) for __rt_lib_shutdown_return
    libshutdown.o(.ARM.Collect$$libshutdown$$00000000) refers (Special) to libshutdown2.o(.ARM.Collect$$libshutdown$$0000000A) for __rt_lib_shutdown_signal_1
    libshutdown.o(.ARM.Collect$$libshutdown$$00000000) refers (Special) to libshutdown2.o(.ARM.Collect$$libshutdown$$00000004) for __rt_lib_shutdown_stdio_1
    libshutdown.o(.ARM.Collect$$libshutdown$$00000000) refers (Special) to libshutdown2.o(.ARM.Collect$$libshutdown$$0000000C) for __rt_lib_shutdown_user_alloc_1
    sys_command.o(.text) refers (Special) to use_no_semi.o(.text) for __I$use$semihosting
    sys_command.o(.text) refers (Special) to indicate_semi.o(.text) for __semihosting_library_function
    sys_command_hlt.o(.text) refers (Special) to use_no_semi.o(.text) for __I$use$semihosting
    sys_command_hlt.o(.text) refers (Special) to indicate_semi.o(.text) for __semihosting_library_function
    defsig_rtmem_outer.o(.text) refers to defsig_rtmem_inner.o(.text) for __rt_SIGRTMEM_inner
    defsig_rtmem_outer.o(.text) refers to defsig_exit.o(.text) for __sig_exit
    defsig_rtmem_formal.o(.text) refers to rt_raise.o(.text) for __rt_raise
    rt_raise.o(.text) refers to __raise.o(.text) for __raise
    rt_raise.o(.text) refers to sys_exit.o(.text) for _sys_exit
    defsig_exit.o(.text) refers to sys_exit.o(.text) for _sys_exit
    defsig_rtmem_inner.o(.text) refers to defsig_general.o(.text) for __default_signal_display
    __raise.o(.text) refers to defsig.o(CL$$defsig) for __default_signal_handler
    defsig_general.o(.text) refers to sys_wrch.o(.text) for _ttywrch
    sys_wrch.o(.text) refers (Special) to use_no_semi.o(.text) for __I$use$semihosting
    sys_wrch.o(.text) refers (Special) to indicate_semi.o(.text) for __semihosting_library_function
    sys_wrch_hlt.o(.text) refers (Special) to use_no_semi.o(.text) for __I$use$semihosting
    sys_wrch_hlt.o(.text) refers (Special) to indicate_semi.o(.text) for __semihosting_library_function
    defsig.o(CL$$defsig) refers to defsig_rtmem_inner.o(.text) for __rt_SIGRTMEM_inner
    defsig_abrt_inner.o(.text) refers to defsig_general.o(.text) for __default_signal_display
    defsig_fpe_inner.o(.text) refers to defsig_general.o(.text) for __default_signal_display
    defsig_rtred_inner.o(.text) refers to defsig_general.o(.text) for __default_signal_display
    defsig_stak_inner.o(.text) refers to defsig_general.o(.text) for __default_signal_display
    defsig_pvfn_inner.o(.text) refers to defsig_general.o(.text) for __default_signal_display
    defsig_cppl_inner.o(.text) refers to defsig_general.o(.text) for __default_signal_display
    defsig_segv_inner.o(.text) refers to defsig_general.o(.text) for __default_signal_display
    defsig_other.o(.text) refers to defsig_general.o(.text) for __default_signal_display


==============================================================================

Removing Unused input sections from the image.

    Removing st7735.o(.text), (0 bytes).
    Removing st7735.o(.ARM.exidx.text.SysTick_Delay), (8 bytes).
    Removing st7735.o(.ARM.exidx.text.delay_ms), (8 bytes).
    Removing st7735.o(.ARM.exidx.text.spiWrite), (8 bytes).
    Removing st7735.o(.ARM.exidx.text.writeCommand), (8 bytes).
    Removing st7735.o(.ARM.exidx.text.writeData), (8 bytes).
    Removing st7735.o(.ARM.exidx.text.commandList), (8 bytes).
    Removing st7735.o(.ARM.exidx.text.LcdInit), (8 bytes).
    Removing st7735.o(.text.swapColour), (28 bytes).
    Removing st7735.o(.ARM.exidx.text.swapColour), (8 bytes).
    Removing st7735.o(.ARM.exidx.text.setAddrWindow), (8 bytes).
    Removing st7735.o(.ARM.exidx.text.pushColour), (8 bytes).
    Removing st7735.o(.ARM.exidx.text.drawPixel), (8 bytes).
    Removing st7735.o(.ARM.exidx.text.drawFastVLine), (8 bytes).
    Removing st7735.o(.ARM.exidx.text.drawFastHLine), (8 bytes).
    Removing st7735.o(.ARM.exidx.text.fillScreen), (8 bytes).
    Removing st7735.o(.ARM.exidx.text.fillRect), (8 bytes).
    Removing st7735.o(.text.Colour565), (48 bytes).
    Removing st7735.o(.ARM.exidx.text.Colour565), (8 bytes).
    Removing st7735.o(.text.setRotation), (186 bytes).
    Removing st7735.o(.ARM.exidx.text.setRotation), (8 bytes).
    Removing st7735.o(.text.invertDisplay), (28 bytes).
    Removing st7735.o(.ARM.exidx.text.invertDisplay), (8 bytes).
    Removing st7735.o(.text.drawCircle), (520 bytes).
    Removing st7735.o(.ARM.exidx.text.drawCircle), (8 bytes).
    Removing st7735.o(.text.drawCircleHelper), (486 bytes).
    Removing st7735.o(.ARM.exidx.text.drawCircleHelper), (8 bytes).
    Removing st7735.o(.text.fillCircle), (88 bytes).
    Removing st7735.o(.ARM.exidx.text.fillCircle), (8 bytes).
    Removing st7735.o(.ARM.exidx.text.fillCircleHelper), (8 bytes).
    Removing st7735.o(.text.drawLine), (442 bytes).
    Removing st7735.o(.ARM.exidx.text.drawLine), (8 bytes).
    Removing st7735.o(.text.drawRect), (132 bytes).
    Removing st7735.o(.ARM.exidx.text.drawRect), (8 bytes).
    Removing st7735.o(.text.drawRoundRect), (370 bytes).
    Removing st7735.o(.ARM.exidx.text.drawRoundRect), (8 bytes).
    Removing st7735.o(.ARM.exidx.text.fillRoundRect), (8 bytes).
    Removing st7735.o(.text.drawTriangle), (138 bytes).
    Removing st7735.o(.ARM.exidx.text.drawTriangle), (8 bytes).
    Removing st7735.o(.ARM.exidx.text.fillTriangle), (8 bytes).
    Removing st7735.o(.text.drawBitmap), (244 bytes).
    Removing st7735.o(.ARM.exidx.text.drawBitmap), (8 bytes).
    Removing st7735.o(.text.drawXBitmap), (200 bytes).
    Removing st7735.o(.ARM.exidx.text.drawXBitmap), (8 bytes).
    Removing st7735.o(.ARM.exidx.text.drawString), (8 bytes).
    Removing st7735.o(.ARM.exidx.text.drawChar), (8 bytes).
    Removing st7735.o(.text.setCursor), (42 bytes).
    Removing st7735.o(.ARM.exidx.text.setCursor), (8 bytes).
    Removing st7735.o(.text.setTextSize), (46 bytes).
    Removing st7735.o(.ARM.exidx.text.setTextSize), (8 bytes).
    Removing st7735.o(.text.setTextColour), (42 bytes).
    Removing st7735.o(.ARM.exidx.text.setTextColour), (8 bytes).
    Removing st7735.o(.text.setTextWrap), (24 bytes).
    Removing st7735.o(.ARM.exidx.text.setTextWrap), (8 bytes).
    Removing st7735.o(.bss.rotation), (1 bytes).
    Removing icons.o(.text), (0 bytes).
    Removing icons.o(.ARM.exidx.text.main), (8 bytes).
    Removing icons.o(.ARM.use_no_argv), (4 bytes).
    Removing gpio.o(i.GPIOADCTriggerDisable), (14 bytes).
    Removing gpio.o(i.GPIOADCTriggerEnable), (12 bytes).
    Removing gpio.o(i.GPIODMATriggerDisable), (14 bytes).
    Removing gpio.o(i.GPIODMATriggerEnable), (12 bytes).
    Removing gpio.o(i.GPIODirModeGet), (34 bytes).
    Removing gpio.o(i.GPIOIntClear), (6 bytes).
    Removing gpio.o(i.GPIOIntDisable), (14 bytes).
    Removing gpio.o(i.GPIOIntEnable), (12 bytes).
    Removing gpio.o(i.GPIOIntRegister), (26 bytes).
    Removing gpio.o(i.GPIOIntRegisterPin), (30 bytes).
    Removing gpio.o(i.GPIOIntStatus), (14 bytes).
    Removing gpio.o(i.GPIOIntTypeGet), (70 bytes).
    Removing gpio.o(i.GPIOIntTypeSet), (80 bytes).
    Removing gpio.o(i.GPIOIntUnregister), (22 bytes).
    Removing gpio.o(i.GPIOIntUnregisterPin), (26 bytes).
    Removing gpio.o(i.GPIOPadConfigGet), (248 bytes).
    Removing gpio.o(i.GPIOPinRead), (6 bytes).
    Removing gpio.o(i.GPIOPinTypeADC), (28 bytes).
    Removing gpio.o(i.GPIOPinTypeCAN), (28 bytes).
    Removing gpio.o(i.GPIOPinTypeComparator), (28 bytes).
    Removing gpio.o(i.GPIOPinTypeComparatorOutput), (28 bytes).
    Removing gpio.o(i.GPIOPinTypeDIVSCLK), (28 bytes).
    Removing gpio.o(i.GPIOPinTypeEPI), (28 bytes).
    Removing gpio.o(i.GPIOPinTypeEthernetLED), (28 bytes).
    Removing gpio.o(i.GPIOPinTypeEthernetMII), (28 bytes).
    Removing gpio.o(i.GPIOPinTypeGPIOInput), (28 bytes).
    Removing gpio.o(i.GPIOPinTypeGPIOOutputOD), (28 bytes).
    Removing gpio.o(i.GPIOPinTypeHibernateRTCCLK), (28 bytes).
    Removing gpio.o(i.GPIOPinTypeI2C), (28 bytes).
    Removing gpio.o(i.GPIOPinTypeI2CSCL), (28 bytes).
    Removing gpio.o(i.GPIOPinTypeLCD), (28 bytes).
    Removing gpio.o(i.GPIOPinTypeOneWire), (28 bytes).
    Removing gpio.o(i.GPIOPinTypePWM), (28 bytes).
    Removing gpio.o(i.GPIOPinTypeQEI), (28 bytes).
    Removing gpio.o(i.GPIOPinTypeTimer), (28 bytes).
    Removing gpio.o(i.GPIOPinTypeTrace), (28 bytes).
    Removing gpio.o(i.GPIOPinTypeUART), (28 bytes).
    Removing gpio.o(i.GPIOPinTypeUSBAnalog), (28 bytes).
    Removing gpio.o(i.GPIOPinTypeUSBDigital), (28 bytes).
    Removing gpio.o(i.GPIOPinTypeWakeHigh), (30 bytes).
    Removing gpio.o(i.GPIOPinTypeWakeLow), (30 bytes).
    Removing gpio.o(i.GPIOPinWakeStatus), (6 bytes).
    Removing gpio.o(i.GPIOUnlockPin), (24 bytes).
    Removing gpio.o(i._GPIOIntNumberGet), (80 bytes).
    Removing ssi.o(i.SSIAdvDataPutFrameEnd), (20 bytes).
    Removing ssi.o(i.SSIAdvDataPutFrameEndNonBlocking), (26 bytes).
    Removing ssi.o(i.SSIAdvFrameHoldDisable), (10 bytes).
    Removing ssi.o(i.SSIAdvFrameHoldEnable), (10 bytes).
    Removing ssi.o(i.SSIAdvModeSet), (12 bytes).
    Removing ssi.o(i.SSIClockSourceGet), (6 bytes).
    Removing ssi.o(i.SSIClockSourceSet), (6 bytes).
    Removing ssi.o(i.SSIDMADisable), (10 bytes).
    Removing ssi.o(i.SSIDMAEnable), (8 bytes).
    Removing ssi.o(i.SSIDataGet), (14 bytes).
    Removing ssi.o(i.SSIDataGetNonBlocking), (20 bytes).
    Removing ssi.o(i.SSIDataPutNonBlocking), (16 bytes).
    Removing ssi.o(i.SSIDisable), (10 bytes).
    Removing ssi.o(i.SSIIntClear), (4 bytes).
    Removing ssi.o(i.SSIIntDisable), (10 bytes).
    Removing ssi.o(i.SSIIntEnable), (8 bytes).
    Removing ssi.o(i.SSIIntRegister), (88 bytes).
    Removing ssi.o(i.SSIIntStatus), (10 bytes).
    Removing ssi.o(i.SSIIntUnregister), (88 bytes).
    Removing ssi.o(i.SSILoopbackDisable), (10 bytes).
    Removing ssi.o(i.SSILoopbackEnable), (10 bytes).
    Removing ssi.o(.constdata), (64 bytes).
    Removing sysctl.o(i.SysCtlAltClkConfig), (12 bytes).
    Removing sysctl.o(i.SysCtlClockFreqSet), (740 bytes).
    Removing sysctl.o(i.SysCtlClockOutConfig), (20 bytes).
    Removing sysctl.o(i.SysCtlDeepSleep), (32 bytes).
    Removing sysctl.o(i.SysCtlDeepSleepClockConfigSet), (112 bytes).
    Removing sysctl.o(i.SysCtlDeepSleepClockSet), (12 bytes).
    Removing sysctl.o(i.SysCtlDeepSleepPowerSet), (12 bytes).
    Removing sysctl.o(i.SysCtlFlashSectorSizeGet), (56 bytes).
    Removing sysctl.o(i.SysCtlFlashSizeGet), (56 bytes).
    Removing sysctl.o(i.SysCtlGPIOAHBDisable), (28 bytes).
    Removing sysctl.o(i.SysCtlGPIOAHBEnable), (24 bytes).
    Removing sysctl.o(i.SysCtlIntClear), (12 bytes).
    Removing sysctl.o(i.SysCtlIntDisable), (16 bytes).
    Removing sysctl.o(i.SysCtlIntEnable), (16 bytes).
    Removing sysctl.o(i.SysCtlIntRegister), (20 bytes).
    Removing sysctl.o(i.SysCtlIntStatus), (16 bytes).
    Removing sysctl.o(i.SysCtlIntUnregister), (18 bytes).
    Removing sysctl.o(i.SysCtlLDODeepSleepGet), (12 bytes).
    Removing sysctl.o(i.SysCtlLDODeepSleepSet), (12 bytes).
    Removing sysctl.o(i.SysCtlLDOSleepGet), (12 bytes).
    Removing sysctl.o(i.SysCtlLDOSleepSet), (12 bytes).
    Removing sysctl.o(i.SysCtlMOSCConfigSet), (12 bytes).
    Removing sysctl.o(i.SysCtlNMIClear), (16 bytes).
    Removing sysctl.o(i.SysCtlNMIStatus), (12 bytes).
    Removing sysctl.o(i.SysCtlPIOSCCalibrate), (76 bytes).
    Removing sysctl.o(i.SysCtlPWMClockGet), (24 bytes).
    Removing sysctl.o(i.SysCtlPWMClockSet), (20 bytes).
    Removing sysctl.o(i.SysCtlPeripheralClockGating), (68 bytes).
    Removing sysctl.o(i.SysCtlPeripheralDeepSleepDisable), (40 bytes).
    Removing sysctl.o(i.SysCtlPeripheralDeepSleepEnable), (40 bytes).
    Removing sysctl.o(i.SysCtlPeripheralDisable), (40 bytes).
    Removing sysctl.o(i.SysCtlPeripheralPowerOff), (40 bytes).
    Removing sysctl.o(i.SysCtlPeripheralPowerOn), (40 bytes).
    Removing sysctl.o(i.SysCtlPeripheralPresent), (44 bytes).
    Removing sysctl.o(i.SysCtlPeripheralReady), (44 bytes).
    Removing sysctl.o(i.SysCtlPeripheralReset), (60 bytes).
    Removing sysctl.o(i.SysCtlPeripheralSleepDisable), (40 bytes).
    Removing sysctl.o(i.SysCtlPeripheralSleepEnable), (40 bytes).
    Removing sysctl.o(i.SysCtlReset), (16 bytes).
    Removing sysctl.o(i.SysCtlResetBehaviorGet), (12 bytes).
    Removing sysctl.o(i.SysCtlResetBehaviorSet), (12 bytes).
    Removing sysctl.o(i.SysCtlResetCauseClear), (16 bytes).
    Removing sysctl.o(i.SysCtlResetCauseGet), (12 bytes).
    Removing sysctl.o(i.SysCtlSRAMSizeGet), (16 bytes).
    Removing sysctl.o(i.SysCtlSleep), (4 bytes).
    Removing sysctl.o(i.SysCtlSleepPowerSet), (12 bytes).
    Removing sysctl.o(i.SysCtlUSBPLLDisable), (16 bytes).
    Removing sysctl.o(i.SysCtlUSBPLLEnable), (16 bytes).
    Removing sysctl.o(i.SysCtlVCOGet), (120 bytes).
    Removing sysctl.o(i.SysCtlVoltageEventClear), (16 bytes).
    Removing sysctl.o(i.SysCtlVoltageEventConfig), (12 bytes).
    Removing sysctl.o(i.SysCtlVoltageEventStatus), (12 bytes).
    Removing cpu.o(.emb_text), (38 bytes).
    Removing interrupt.o(i.IntDisable), (100 bytes).
    Removing interrupt.o(i.IntEnable), (100 bytes).
    Removing interrupt.o(i.IntIsEnabled), (96 bytes).
    Removing interrupt.o(i.IntMasterDisable), (14 bytes).
    Removing interrupt.o(i.IntMasterEnable), (14 bytes).
    Removing interrupt.o(i.IntPendClear), (68 bytes).
    Removing interrupt.o(i.IntPendSet), (84 bytes).
    Removing interrupt.o(i.IntPriorityGet), (28 bytes).
    Removing interrupt.o(i.IntPriorityGroupingGet), (36 bytes).
    Removing interrupt.o(i.IntPriorityGroupingSet), (28 bytes).
    Removing interrupt.o(i.IntPriorityMaskGet), (4 bytes).
    Removing interrupt.o(i.IntPriorityMaskSet), (4 bytes).
    Removing interrupt.o(i.IntPrioritySet), (40 bytes).
    Removing interrupt.o(i.IntRegister), (52 bytes).
    Removing interrupt.o(i.IntTrigger), (12 bytes).
    Removing interrupt.o(i.IntUnregister), (20 bytes).
    Removing interrupt.o(i._IntDefaultHandler), (2 bytes).
    Removing interrupt.o(.constdata), (268 bytes).
    Removing interrupt.o(vtable), (620 bytes).

196 unused section(s) (total 9077 bytes) removed from the image.

==============================================================================

Image Symbol Table

    Local Symbols

    Symbol Name                              Value     Ov Type        Size  Object(Section)

    ../clib/angel/boardlib.s                 0x00000000   Number         0  boardinit1.o ABSOLUTE
    ../clib/angel/boardlib.s                 0x00000000   Number         0  boardinit2.o ABSOLUTE
    ../clib/angel/boardlib.s                 0x00000000   Number         0  boardinit3.o ABSOLUTE
    ../clib/angel/boardlib.s                 0x00000000   Number         0  boardshut.o ABSOLUTE
    ../clib/angel/handlers.s                 0x00000000   Number         0  __scatter_zi.o ABSOLUTE
    ../clib/angel/kernel.s                   0x00000000   Number         0  __rtentry.o ABSOLUTE
    ../clib/angel/kernel.s                   0x00000000   Number         0  __rtentry2.o ABSOLUTE
    ../clib/angel/kernel.s                   0x00000000   Number         0  __rtentry4.o ABSOLUTE
    ../clib/angel/kernel.s                   0x00000000   Number         0  rtexit.o ABSOLUTE
    ../clib/angel/kernel.s                   0x00000000   Number         0  rtexit2.o ABSOLUTE
    ../clib/angel/rt.s                       0x00000000   Number         0  rt_raise.o ABSOLUTE
    ../clib/angel/scatter.s                  0x00000000   Number         0  __scatter.o ABSOLUTE
    ../clib/angel/startup.s                  0x00000000   Number         0  __main.o ABSOLUTE
    ../clib/angel/sys.s                      0x00000000   Number         0  sys_stackheap_outer.o ABSOLUTE
    ../clib/angel/sys.s                      0x00000000   Number         0  libspace.o ABSOLUTE
    ../clib/angel/sys.s                      0x00000000   Number         0  use_no_semi.o ABSOLUTE
    ../clib/angel/sys.s                      0x00000000   Number         0  indicate_semi.o ABSOLUTE
    ../clib/angel/sysapp.c                   0x00000000   Number         0  sys_exit.o ABSOLUTE
    ../clib/angel/sysapp.c                   0x00000000   Number         0  sys_exit_hlt.o ABSOLUTE
    ../clib/angel/sysapp.c                   0x00000000   Number         0  sys_command.o ABSOLUTE
    ../clib/angel/sysapp.c                   0x00000000   Number         0  sys_command_hlt.o ABSOLUTE
    ../clib/angel/sysapp.c                   0x00000000   Number         0  sys_wrch.o ABSOLUTE
    ../clib/angel/sysapp.c                   0x00000000   Number         0  sys_wrch_hlt.o ABSOLUTE
    ../clib/armsys.c                         0x00000000   Number         0  argv_veneer.o ABSOLUTE
    ../clib/armsys.c                         0x00000000   Number         0  argv_veneer.o ABSOLUTE
    ../clib/armsys.c                         0x00000000   Number         0  _get_argv_nomalloc.o ABSOLUTE
    ../clib/armsys.c                         0x00000000   Number         0  no_argv.o ABSOLUTE
    ../clib/heapalloc.c                      0x00000000   Number         0  hrguard.o ABSOLUTE
    ../clib/heapaux.c                        0x00000000   Number         0  heapauxi.o ABSOLUTE
    ../clib/libinit.s                        0x00000000   Number         0  libinit.o ABSOLUTE
    ../clib/libinit.s                        0x00000000   Number         0  libinit2.o ABSOLUTE
    ../clib/libinit.s                        0x00000000   Number         0  libshutdown.o ABSOLUTE
    ../clib/libinit.s                        0x00000000   Number         0  libshutdown2.o ABSOLUTE
    ../clib/signal.c                         0x00000000   Number         0  defsig_rtmem_outer.o ABSOLUTE
    ../clib/signal.c                         0x00000000   Number         0  defsig_rtmem_formal.o ABSOLUTE
    ../clib/signal.c                         0x00000000   Number         0  defsig_exit.o ABSOLUTE
    ../clib/signal.c                         0x00000000   Number         0  defsig_rtmem_inner.o ABSOLUTE
    ../clib/signal.c                         0x00000000   Number         0  __raise.o ABSOLUTE
    ../clib/signal.c                         0x00000000   Number         0  defsig_general.o ABSOLUTE
    ../clib/signal.c                         0x00000000   Number         0  defsig_abrt_inner.o ABSOLUTE
    ../clib/signal.c                         0x00000000   Number         0  defsig_fpe_inner.o ABSOLUTE
    ../clib/signal.c                         0x00000000   Number         0  defsig_rtred_inner.o ABSOLUTE
    ../clib/signal.c                         0x00000000   Number         0  defsig_stak_inner.o ABSOLUTE
    ../clib/signal.c                         0x00000000   Number         0  defsig_pvfn_inner.o ABSOLUTE
    ../clib/signal.c                         0x00000000   Number         0  defsig_cppl_inner.o ABSOLUTE
    ../clib/signal.c                         0x00000000   Number         0  defsig_segv_inner.o ABSOLUTE
    ../clib/signal.c                         0x00000000   Number         0  defsig_other.o ABSOLUTE
    ../clib/signal.s                         0x00000000   Number         0  defsig.o ABSOLUTE
    ../clib/stdlib.c                         0x00000000   Number         0  exit.o ABSOLUTE
    ../fplib/fpinit.s                        0x00000000   Number         0  fpinit.o ABSOLUTE
    ST7735.c                                 0x00000000   Number         0  st7735.o ABSOLUTE
    TivaWare_C_Series-2.2.0.295\examples\project\startup_rvmdk.S 0x00000000   Number         0  startup_rvmdk.o ABSOLUTE
    cpu.c                                    0x00000000   Number         0  cpu.o ABSOLUTE
    cpu.c                                    0x00000000   Number         0  cpu.o ABSOLUTE
    dc.s                                     0x00000000   Number         0  dc.o ABSOLUTE
    gpio.c                                   0x00000000   Number         0  gpio.o ABSOLUTE
    icons.c                                  0x00000000   Number         0  icons.o ABSOLUTE
    interrupt.c                              0x00000000   Number         0  interrupt.o ABSOLUTE
    ssi.c                                    0x00000000   Number         0  ssi.o ABSOLUTE
    sysctl.c                                 0x00000000   Number         0  sysctl.o ABSOLUTE
    sysctl.c                                 0x00000000   Number         0  sysctl.o ABSOLUTE
    RESET                                    0x00000000   Section      648  startup_rvmdk.o(RESET)
    $v0                                      0x0000026c   Number         0  startup_rvmdk.o(RESET)
    NmiSR                                    0x00000281   Thumb Code     0  startup_rvmdk.o(RESET)
    FaultISR                                 0x00000283   Thumb Code     0  startup_rvmdk.o(RESET)
    IntDefaultHandler                        0x00000285   Thumb Code     0  startup_rvmdk.o(RESET)
    !!!main                                  0x00000288   Section        8  __main.o(!!!main)
    !!!scatter                               0x00000290   Section       92  __scatter.o(!!!scatter)
    !!handler_null                           0x000002ec   Section        2  __scatter.o(!!handler_null)
    !!handler_zi                             0x000002f0   Section       28  __scatter_zi.o(!!handler_zi)
    .ARM.Collect$$libinit$$00000000          0x0000030c   Section        2  libinit.o(.ARM.Collect$$libinit$$00000000)
    .ARM.Collect$$libinit$$00000001          0x0000030e   Section        4  libinit2.o(.ARM.Collect$$libinit$$00000001)
    .ARM.Collect$$libinit$$00000004          0x00000312   Section        0  libinit2.o(.ARM.Collect$$libinit$$00000004)
    .ARM.Collect$$libinit$$00000006          0x00000312   Section        0  libinit2.o(.ARM.Collect$$libinit$$00000006)
    .ARM.Collect$$libinit$$0000000C          0x00000312   Section        0  libinit2.o(.ARM.Collect$$libinit$$0000000C)
    .ARM.Collect$$libinit$$0000000E          0x00000312   Section        0  libinit2.o(.ARM.Collect$$libinit$$0000000E)
    .ARM.Collect$$libinit$$00000010          0x00000312   Section        0  libinit2.o(.ARM.Collect$$libinit$$00000010)
    .ARM.Collect$$libinit$$00000013          0x00000312   Section        0  libinit2.o(.ARM.Collect$$libinit$$00000013)
    .ARM.Collect$$libinit$$00000015          0x00000312   Section        0  libinit2.o(.ARM.Collect$$libinit$$00000015)
    .ARM.Collect$$libinit$$00000017          0x00000312   Section        0  libinit2.o(.ARM.Collect$$libinit$$00000017)
    .ARM.Collect$$libinit$$00000019          0x00000312   Section        0  libinit2.o(.ARM.Collect$$libinit$$00000019)
    .ARM.Collect$$libinit$$0000001B          0x00000312   Section        0  libinit2.o(.ARM.Collect$$libinit$$0000001B)
    .ARM.Collect$$libinit$$0000001D          0x00000312   Section        0  libinit2.o(.ARM.Collect$$libinit$$0000001D)
    .ARM.Collect$$libinit$$0000001F          0x00000312   Section        0  libinit2.o(.ARM.Collect$$libinit$$0000001F)
    .ARM.Collect$$libinit$$00000021          0x00000312   Section        0  libinit2.o(.ARM.Collect$$libinit$$00000021)
    .ARM.Collect$$libinit$$00000023          0x00000312   Section        0  libinit2.o(.ARM.Collect$$libinit$$00000023)
    .ARM.Collect$$libinit$$00000025          0x00000312   Section        0  libinit2.o(.ARM.Collect$$libinit$$00000025)
    .ARM.Collect$$libinit$$00000027          0x00000312   Section        0  libinit2.o(.ARM.Collect$$libinit$$00000027)
    .ARM.Collect$$libinit$$0000002E          0x00000312   Section        0  libinit2.o(.ARM.Collect$$libinit$$0000002E)
    .ARM.Collect$$libinit$$00000030          0x00000312   Section        0  libinit2.o(.ARM.Collect$$libinit$$00000030)
    .ARM.Collect$$libinit$$00000032          0x00000312   Section        0  libinit2.o(.ARM.Collect$$libinit$$00000032)
    .ARM.Collect$$libinit$$00000034          0x00000312   Section        0  libinit2.o(.ARM.Collect$$libinit$$00000034)
    .ARM.Collect$$libinit$$00000035          0x00000312   Section        2  libinit2.o(.ARM.Collect$$libinit$$00000035)
    .ARM.Collect$$libshutdown$$00000000      0x00000314   Section        2  libshutdown.o(.ARM.Collect$$libshutdown$$00000000)
    .ARM.Collect$$libshutdown$$00000002      0x00000316   Section        0  libshutdown2.o(.ARM.Collect$$libshutdown$$00000002)
    .ARM.Collect$$libshutdown$$00000004      0x00000316   Section        0  libshutdown2.o(.ARM.Collect$$libshutdown$$00000004)
    .ARM.Collect$$libshutdown$$00000007      0x00000316   Section        0  libshutdown2.o(.ARM.Collect$$libshutdown$$00000007)
    .ARM.Collect$$libshutdown$$0000000A      0x00000316   Section        0  libshutdown2.o(.ARM.Collect$$libshutdown$$0000000A)
    .ARM.Collect$$libshutdown$$0000000C      0x00000316   Section        0  libshutdown2.o(.ARM.Collect$$libshutdown$$0000000C)
    .ARM.Collect$$libshutdown$$0000000F      0x00000316   Section        0  libshutdown2.o(.ARM.Collect$$libshutdown$$0000000F)
    .ARM.Collect$$libshutdown$$00000010      0x00000316   Section        2  libshutdown2.o(.ARM.Collect$$libshutdown$$00000010)
    .ARM.Collect$$rtentry$$00000000          0x00000318   Section        0  __rtentry.o(.ARM.Collect$$rtentry$$00000000)
    .ARM.Collect$$rtentry$$00000002          0x00000318   Section        0  __rtentry2.o(.ARM.Collect$$rtentry$$00000002)
    .ARM.Collect$$rtentry$$00000004          0x00000318   Section        6  __rtentry4.o(.ARM.Collect$$rtentry$$00000004)
    .ARM.Collect$$rtentry$$00000009          0x0000031e   Section        0  __rtentry2.o(.ARM.Collect$$rtentry$$00000009)
    .ARM.Collect$$rtentry$$0000000A          0x0000031e   Section        4  __rtentry2.o(.ARM.Collect$$rtentry$$0000000A)
    .ARM.Collect$$rtentry$$0000000C          0x00000322   Section        0  __rtentry2.o(.ARM.Collect$$rtentry$$0000000C)
    .ARM.Collect$$rtentry$$0000000D          0x00000322   Section        8  __rtentry2.o(.ARM.Collect$$rtentry$$0000000D)
    .ARM.Collect$$rtexit$$00000000           0x0000032a   Section        2  rtexit.o(.ARM.Collect$$rtexit$$00000000)
    .ARM.Collect$$rtexit$$00000002           0x0000032c   Section        0  rtexit2.o(.ARM.Collect$$rtexit$$00000002)
    .ARM.Collect$$rtexit$$00000003           0x0000032c   Section        4  rtexit2.o(.ARM.Collect$$rtexit$$00000003)
    .ARM.Collect$$rtexit$$00000004           0x00000330   Section        6  rtexit2.o(.ARM.Collect$$rtexit$$00000004)
    $v0                                      0x00000338   Number         0  sysctl.o(.emb_text)
    .emb_text                                0x00000338   Section        6  sysctl.o(.emb_text)
    $v0                                      0x00000340   Number         0  startup_rvmdk.o(.text)
    .text                                    0x00000340   Section       24  startup_rvmdk.o(.text)
    .text                                    0x00000358   Section        0  heapauxi.o(.text)
    .text                                    0x0000035e   Section       74  sys_stackheap_outer.o(.text)
    .text                                    0x000003a8   Section        0  exit.o(.text)
    .text                                    0x000003bc   Section        8  libspace.o(.text)
    .text                                    0x000003c4   Section        0  sys_exit.o(.text)
    .text                                    0x000003d0   Section        2  use_no_semi.o(.text)
    .text                                    0x000003d2   Section        0  indicate_semi.o(.text)
    [Anonymous Symbol]                       0x000003d4   Section        0  st7735.o(.text.LcdInit)
    [Anonymous Symbol]                       0x00000510   Section        0  st7735.o(.text.SysTick_Delay)
    [Anonymous Symbol]                       0x00000548   Section        0  st7735.o(.text.commandList)
    [Anonymous Symbol]                       0x000005f4   Section        0  st7735.o(.text.delay_ms)
    [Anonymous Symbol]                       0x00000620   Section        0  st7735.o(.text.drawChar)
    [Anonymous Symbol]                       0x000007f8   Section        0  st7735.o(.text.drawFastHLine)
    [Anonymous Symbol]                       0x000008c4   Section        0  st7735.o(.text.drawFastVLine)
    [Anonymous Symbol]                       0x00000990   Section        0  st7735.o(.text.drawPixel)
    [Anonymous Symbol]                       0x00000a04   Section        0  st7735.o(.text.drawString)
    [Anonymous Symbol]                       0x00000b9c   Section        0  st7735.o(.text.fillCircleHelper)
    [Anonymous Symbol]                       0x00000d20   Section        0  st7735.o(.text.fillRect)
    [Anonymous Symbol]                       0x00000e64   Section        0  st7735.o(.text.fillRoundRect)
    [Anonymous Symbol]                       0x00000f28   Section        0  st7735.o(.text.fillScreen)
    [Anonymous Symbol]                       0x00000f5c   Section        0  st7735.o(.text.fillTriangle)
    [Anonymous Symbol]                       0x000012c8   Section        0  icons.o(.text.main)
    [Anonymous Symbol]                       0x00001474   Section        0  st7735.o(.text.pushColour)
    [Anonymous Symbol]                       0x0000149c   Section        0  st7735.o(.text.setAddrWindow)
    [Anonymous Symbol]                       0x00001530   Section        0  st7735.o(.text.spiWrite)
    [Anonymous Symbol]                       0x00001578   Section        0  st7735.o(.text.writeCommand)
    [Anonymous Symbol]                       0x00001598   Section        0  st7735.o(.text.writeData)
    i.GPIODirModeSet                         0x000015b8   Section        0  gpio.o(i.GPIODirModeSet)
    i.GPIOPadConfigSet                       0x000015e0   Section        0  gpio.o(i.GPIOPadConfigSet)
    i.GPIOPinConfigure                       0x00001750   Section        0  gpio.o(i.GPIOPinConfigure)
    i.GPIOPinTypeGPIOOutput                  0x00001794   Section        0  gpio.o(i.GPIOPinTypeGPIOOutput)
    i.GPIOPinTypeSSI                         0x000017b0   Section        0  gpio.o(i.GPIOPinTypeSSI)
    i.GPIOPinWrite                           0x000017cc   Section        0  gpio.o(i.GPIOPinWrite)
    i.SSIBusy                                0x000017d2   Section        0  ssi.o(i.SSIBusy)
    i.SSIConfigSetExpClk                     0x000017da   Section        0  ssi.o(i.SSIConfigSetExpClk)
    i.SSIDataPut                             0x00001814   Section        0  ssi.o(i.SSIDataPut)
    i.SSIEnable                              0x00001820   Section        0  ssi.o(i.SSIEnable)
    i.SysCtlClockGet                         0x0000182c   Section        0  sysctl.o(i.SysCtlClockGet)
    i.SysCtlClockSet                         0x00001980   Section        0  sysctl.o(i.SysCtlClockSet)
    i.SysCtlPeripheralEnable                 0x00001aa0   Section        0  sysctl.o(i.SysCtlPeripheralEnable)
    $v0                                      0x00001ac8   Number         0  fpinit.o(x$fpl$fpinit)
    x$fpl$fpinit                             0x00001ac8   Section       26  fpinit.o(x$fpl$fpinit)
    g_ppui32GPIOIntMapBlizzard               0x00001ae4   Data         192  gpio.o(.constdata)
    .constdata                               0x00001ae4   Section      552  gpio.o(.constdata)
    g_ppui32GPIOIntMapSnowflake              0x00001ba4   Data         216  gpio.o(.constdata)
    g_pui32GPIOBaseAddrs                     0x00001c7c   Data         144  gpio.o(.constdata)
    g_pui32VCOFrequencies                    0x00001d0c   Data           8  sysctl.o(.constdata)
    .constdata                               0x00001d0c   Section      596  sysctl.o(.constdata)
    g_pui32Xtals                             0x00001d14   Data         108  sysctl.o(.constdata)
    g_pppui32XTALtoVCO                       0x00001d80   Data         432  sysctl.o(.constdata)
    g_sXTALtoMEMTIM                          0x00001f30   Data          48  sysctl.o(.constdata)
    font                                     0x00001f60   Data        1275  st7735.o(.rodata.font)
    [Anonymous Symbol]                       0x00001f60   Section        0  st7735.o(.rodata.font)
    initCommands                             0x0000245b   Data          55  st7735.o(.rodata.initCommands)
    [Anonymous Symbol]                       0x0000245b   Section        0  st7735.o(.rodata.initCommands)
    .L.str                                   0x00002492   Data           8  icons.o(.rodata.str1.1)
    [Anonymous Symbol]                       0x00002492   Section        0  icons.o(.rodata.str1.1)
    .L.str.1                                 0x0000249a   Data           8  icons.o(.rodata.str1.1)
    .bss                                     0x20000000   Section       96  libspace.o(.bss)
    HeapMem                                  0x20000080   Data           0  startup_rvmdk.o(HEAP)
    StackMem                                 0x20000080   Data           0  startup_rvmdk.o(STACK)
    HEAP                                     0x20000080   Section        0  startup_rvmdk.o(HEAP)
    STACK                                    0x20000080   Section      256  startup_rvmdk.o(STACK)

    Global Symbols

    Symbol Name                              Value     Ov Type        Size  Object(Section)

    BuildAttributes$$THM_ISAv4$E$P$D$K$B$S$7EM$VFPi3$EXTD16$VFPS$VFMA$PE$A:L22UL41UL21$X:L11$S22US41US21$IEEE1$IW$~IW$USESV6$~STKCKD$USESV7$~SHL$OTIME$ROPI$EBA8$UX$STANDARDLIB$REQ8$PRES8$EABIv2 0x00000000   Number         0  anon$$obj.o ABSOLUTE
    __Vectors                                0x00000000   Data           0  startup_rvmdk.o(RESET)
    __ARM_exceptions_init                     - Undefined Weak Reference
    __alloca_initialize                       - Undefined Weak Reference
    __arm_preinit_                            - Undefined Weak Reference
    __arm_relocate_pie_                       - Undefined Weak Reference
    __cpp_initialize__aeabi_                  - Undefined Weak Reference
    __cxa_finalize                            - Undefined Weak Reference
    __rt_locale                               - Undefined Weak Reference
    __sigvec_lookup                           - Undefined Weak Reference
    _atexit_init                              - Undefined Weak Reference
    _call_atexit_fns                          - Undefined Weak Reference
    _clock_init                               - Undefined Weak Reference
    _fp_trap_init                             - Undefined Weak Reference
    _fp_trap_shutdown                         - Undefined Weak Reference
    _get_lc_collate                           - Undefined Weak Reference
    _get_lc_ctype                             - Undefined Weak Reference
    _get_lc_monetary                          - Undefined Weak Reference
    _get_lc_numeric                           - Undefined Weak Reference
    _get_lc_time                              - Undefined Weak Reference
    _getenv_init                              - Undefined Weak Reference
    _handle_redirection                       - Undefined Weak Reference
    _init_alloc                               - Undefined Weak Reference
    _init_user_alloc                          - Undefined Weak Reference
    _initio                                   - Undefined Weak Reference
    _rand_init                                - Undefined Weak Reference
    _signal_finish                            - Undefined Weak Reference
    _signal_init                              - Undefined Weak Reference
    _terminate_alloc                          - Undefined Weak Reference
    _terminate_user_alloc                     - Undefined Weak Reference
    _terminateio                              - Undefined Weak Reference
    Reset_Handler                            0x0000026d   Thumb Code     0  startup_rvmdk.o(RESET)
    __main                                   0x00000289   Thumb Code     8  __main.o(!!!main)
    __scatterload                            0x00000291   Thumb Code     0  __scatter.o(!!!scatter)
    __scatterload_rt2                        0x00000291   Thumb Code    84  __scatter.o(!!!scatter)
    __scatterload_rt2_thumb_only             0x00000291   Thumb Code     0  __scatter.o(!!!scatter)
    __scatterload_loop                       0x0000029b   Thumb Code     0  __scatter.o(!!!scatter)
    __scatterload_null                       0x000002ed   Thumb Code     2  __scatter.o(!!handler_null)
    __scatterload_zeroinit                   0x000002f1   Thumb Code    28  __scatter_zi.o(!!handler_zi)
    __rt_lib_init                            0x0000030d   Thumb Code     0  libinit.o(.ARM.Collect$$libinit$$00000000)
    __rt_lib_init_fp_1                       0x0000030f   Thumb Code     0  libinit2.o(.ARM.Collect$$libinit$$00000001)
    __rt_lib_init_alloca_1                   0x00000313   Thumb Code     0  libinit2.o(.ARM.Collect$$libinit$$00000030)
    __rt_lib_init_argv_1                     0x00000313   Thumb Code     0  libinit2.o(.ARM.Collect$$libinit$$0000002E)
    __rt_lib_init_atexit_1                   0x00000313   Thumb Code     0  libinit2.o(.ARM.Collect$$libinit$$0000001D)
    __rt_lib_init_clock_1                    0x00000313   Thumb Code     0  libinit2.o(.ARM.Collect$$libinit$$00000023)
    __rt_lib_init_cpp_1                      0x00000313   Thumb Code     0  libinit2.o(.ARM.Collect$$libinit$$00000034)
    __rt_lib_init_exceptions_1               0x00000313   Thumb Code     0  libinit2.o(.ARM.Collect$$libinit$$00000032)
    __rt_lib_init_fp_trap_1                  0x00000313   Thumb Code     0  libinit2.o(.ARM.Collect$$libinit$$00000021)
    __rt_lib_init_getenv_1                   0x00000313   Thumb Code     0  libinit2.o(.ARM.Collect$$libinit$$00000025)
    __rt_lib_init_heap_1                     0x00000313   Thumb Code     0  libinit2.o(.ARM.Collect$$libinit$$0000000C)
    __rt_lib_init_lc_collate_1               0x00000313   Thumb Code     0  libinit2.o(.ARM.Collect$$libinit$$00000013)
    __rt_lib_init_lc_ctype_1                 0x00000313   Thumb Code     0  libinit2.o(.ARM.Collect$$libinit$$00000015)
    __rt_lib_init_lc_monetary_1              0x00000313   Thumb Code     0  libinit2.o(.ARM.Collect$$libinit$$00000017)
    __rt_lib_init_lc_numeric_1               0x00000313   Thumb Code     0  libinit2.o(.ARM.Collect$$libinit$$00000019)
    __rt_lib_init_lc_time_1                  0x00000313   Thumb Code     0  libinit2.o(.ARM.Collect$$libinit$$0000001B)
    __rt_lib_init_preinit_1                  0x00000313   Thumb Code     0  libinit2.o(.ARM.Collect$$libinit$$00000006)
    __rt_lib_init_rand_1                     0x00000313   Thumb Code     0  libinit2.o(.ARM.Collect$$libinit$$00000010)
    __rt_lib_init_relocate_pie_1             0x00000313   Thumb Code     0  libinit2.o(.ARM.Collect$$libinit$$00000004)
    __rt_lib_init_return                     0x00000313   Thumb Code     0  libinit2.o(.ARM.Collect$$libinit$$00000035)
    __rt_lib_init_signal_1                   0x00000313   Thumb Code     0  libinit2.o(.ARM.Collect$$libinit$$0000001F)
    __rt_lib_init_stdio_1                    0x00000313   Thumb Code     0  libinit2.o(.ARM.Collect$$libinit$$00000027)
    __rt_lib_init_user_alloc_1               0x00000313   Thumb Code     0  libinit2.o(.ARM.Collect$$libinit$$0000000E)
    __rt_lib_shutdown                        0x00000315   Thumb Code     0  libshutdown.o(.ARM.Collect$$libshutdown$$00000000)
    __rt_lib_shutdown_cpp_1                  0x00000317   Thumb Code     0  libshutdown2.o(.ARM.Collect$$libshutdown$$00000002)
    __rt_lib_shutdown_fp_trap_1              0x00000317   Thumb Code     0  libshutdown2.o(.ARM.Collect$$libshutdown$$00000007)
    __rt_lib_shutdown_heap_1                 0x00000317   Thumb Code     0  libshutdown2.o(.ARM.Collect$$libshutdown$$0000000F)
    __rt_lib_shutdown_return                 0x00000317   Thumb Code     0  libshutdown2.o(.ARM.Collect$$libshutdown$$00000010)
    __rt_lib_shutdown_signal_1               0x00000317   Thumb Code     0  libshutdown2.o(.ARM.Collect$$libshutdown$$0000000A)
    __rt_lib_shutdown_stdio_1                0x00000317   Thumb Code     0  libshutdown2.o(.ARM.Collect$$libshutdown$$00000004)
    __rt_lib_shutdown_user_alloc_1           0x00000317   Thumb Code     0  libshutdown2.o(.ARM.Collect$$libshutdown$$0000000C)
    __rt_entry                               0x00000319   Thumb Code     0  __rtentry.o(.ARM.Collect$$rtentry$$00000000)
    __rt_entry_presh_1                       0x00000319   Thumb Code     0  __rtentry2.o(.ARM.Collect$$rtentry$$00000002)
    __rt_entry_sh                            0x00000319   Thumb Code     0  __rtentry4.o(.ARM.Collect$$rtentry$$00000004)
    __rt_entry_li                            0x0000031f   Thumb Code     0  __rtentry2.o(.ARM.Collect$$rtentry$$0000000A)
    __rt_entry_postsh_1                      0x0000031f   Thumb Code     0  __rtentry2.o(.ARM.Collect$$rtentry$$00000009)
    __rt_entry_main                          0x00000323   Thumb Code     0  __rtentry2.o(.ARM.Collect$$rtentry$$0000000D)
    __rt_entry_postli_1                      0x00000323   Thumb Code     0  __rtentry2.o(.ARM.Collect$$rtentry$$0000000C)
    __rt_exit                                0x0000032b   Thumb Code     0  rtexit.o(.ARM.Collect$$rtexit$$00000000)
    __rt_exit_ls                             0x0000032d   Thumb Code     0  rtexit2.o(.ARM.Collect$$rtexit$$00000003)
    __rt_exit_prels_1                        0x0000032d   Thumb Code     0  rtexit2.o(.ARM.Collect$$rtexit$$00000002)
    __rt_exit_exit                           0x00000331   Thumb Code     0  rtexit2.o(.ARM.Collect$$rtexit$$00000004)
    SysCtlDelay                              0x00000339   Thumb Code     6  sysctl.o(.emb_text)
    __user_initial_stackheap                 0x00000341   Thumb Code     0  startup_rvmdk.o(.text)
    __use_two_region_memory                  0x00000359   Thumb Code     2  heapauxi.o(.text)
    __rt_heap_escrow$2region                 0x0000035b   Thumb Code     2  heapauxi.o(.text)
    __rt_heap_expand$2region                 0x0000035d   Thumb Code     2  heapauxi.o(.text)
    __user_setup_stackheap                   0x0000035f   Thumb Code    74  sys_stackheap_outer.o(.text)
    exit                                     0x000003a9   Thumb Code    18  exit.o(.text)
    __user_libspace                          0x000003bd   Thumb Code     8  libspace.o(.text)
    __user_perproc_libspace                  0x000003bd   Thumb Code     0  libspace.o(.text)
    __user_perthread_libspace                0x000003bd   Thumb Code     0  libspace.o(.text)
    _sys_exit                                0x000003c5   Thumb Code     8  sys_exit.o(.text)
    __I$use$semihosting                      0x000003d1   Thumb Code     0  use_no_semi.o(.text)
    __use_no_semihosting_swi                 0x000003d1   Thumb Code     2  use_no_semi.o(.text)
    __semihosting_library_function           0x000003d3   Thumb Code     0  indicate_semi.o(.text)
    LcdInit                                  0x000003d5   Thumb Code   314  st7735.o(.text.LcdInit)
    SysTick_Delay                            0x00000511   Thumb Code    56  st7735.o(.text.SysTick_Delay)
    commandList                              0x00000549   Thumb Code   170  st7735.o(.text.commandList)
    delay_ms                                 0x000005f5   Thumb Code    44  st7735.o(.text.delay_ms)
    drawChar                                 0x00000621   Thumb Code   470  st7735.o(.text.drawChar)
    drawFastHLine                            0x000007f9   Thumb Code   204  st7735.o(.text.drawFastHLine)
    drawFastVLine                            0x000008c5   Thumb Code   204  st7735.o(.text.drawFastVLine)
    drawPixel                                0x00000991   Thumb Code   116  st7735.o(.text.drawPixel)
    drawString                               0x00000a05   Thumb Code   408  st7735.o(.text.drawString)
    fillCircleHelper                         0x00000b9d   Thumb Code   386  st7735.o(.text.fillCircleHelper)
    fillRect                                 0x00000d21   Thumb Code   322  st7735.o(.text.fillRect)
    fillRoundRect                            0x00000e65   Thumb Code   196  st7735.o(.text.fillRoundRect)
    fillScreen                               0x00000f29   Thumb Code    52  st7735.o(.text.fillScreen)
    fillTriangle                             0x00000f5d   Thumb Code   876  st7735.o(.text.fillTriangle)
    main                                     0x000012c9   Thumb Code   426  icons.o(.text.main)
    pushColour                               0x00001475   Thumb Code    40  st7735.o(.text.pushColour)
    setAddrWindow                            0x0000149d   Thumb Code   148  st7735.o(.text.setAddrWindow)
    spiWrite                                 0x00001531   Thumb Code    72  st7735.o(.text.spiWrite)
    writeCommand                             0x00001579   Thumb Code    32  st7735.o(.text.writeCommand)
    writeData                                0x00001599   Thumb Code    32  st7735.o(.text.writeData)
    GPIODirModeSet                           0x000015b9   Thumb Code    40  gpio.o(i.GPIODirModeSet)
    GPIOPadConfigSet                         0x000015e1   Thumb Code   354  gpio.o(i.GPIOPadConfigSet)
    GPIOPinConfigure                         0x00001751   Thumb Code    60  gpio.o(i.GPIOPinConfigure)
    GPIOPinTypeGPIOOutput                    0x00001795   Thumb Code    28  gpio.o(i.GPIOPinTypeGPIOOutput)
    GPIOPinTypeSSI                           0x000017b1   Thumb Code    28  gpio.o(i.GPIOPinTypeSSI)
    GPIOPinWrite                             0x000017cd   Thumb Code     6  gpio.o(i.GPIOPinWrite)
    SSIBusy                                  0x000017d3   Thumb Code     8  ssi.o(i.SSIBusy)
    SSIConfigSetExpClk                       0x000017db   Thumb Code    58  ssi.o(i.SSIConfigSetExpClk)
    SSIDataPut                               0x00001815   Thumb Code    12  ssi.o(i.SSIDataPut)
    SSIEnable                                0x00001821   Thumb Code    10  ssi.o(i.SSIEnable)
    SysCtlClockGet                           0x0000182d   Thumb Code   304  sysctl.o(i.SysCtlClockGet)
    SysCtlClockSet                           0x00001981   Thumb Code   270  sysctl.o(i.SysCtlClockSet)
    SysCtlPeripheralEnable                   0x00001aa1   Thumb Code    36  sysctl.o(i.SysCtlPeripheralEnable)
    _fp_init                                 0x00001ac9   Thumb Code    26  fpinit.o(x$fpl$fpinit)
    __fplib_config_fpu_vfp                   0x00001ae1   Thumb Code     0  fpinit.o(x$fpl$fpinit)
    __fplib_config_pureend_doubles           0x00001ae1   Thumb Code     0  fpinit.o(x$fpl$fpinit)
    Region$$Table$$Base                      0x000024a4   Number         0  anon$$obj.o(Region$$Table)
    Region$$Table$$Limit                     0x000024b4   Number         0  anon$$obj.o(Region$$Table)
    __libspace_start                         0x20000000   Data          96  libspace.o(.bss)
    __temporary_stack_top$libspace           0x20000060   Data           0  libspace.o(.bss)
    colstart                                 0x20000060   Data           1  st7735.o(.bss.colstart)
    cursor_x                                 0x20000062   Data           2  st7735.o(.bss.cursor_x)
    cursor_y                                 0x20000064   Data           2  st7735.o(.bss.cursor_y)
    height                                   0x20000068   Data           4  st7735.o(.bss.height)
    rowstart                                 0x2000006c   Data           1  st7735.o(.bss.rowstart)
    textbgcolour                             0x2000006e   Data           2  st7735.o(.bss.textbgcolour)
    textcolour                               0x20000070   Data           2  st7735.o(.bss.textcolour)
    textsize                                 0x20000072   Data           1  st7735.o(.bss.textsize)
    width                                    0x20000074   Data           4  st7735.o(.bss.width)
    wrap                                     0x20000078   Data           2  st7735.o(.bss.wrap)



==============================================================================

Memory Map of the image

  Image Entry point : 0x0000026d

  Load Region LR_IROM1 (Base: 0x00000000, Size: 0x000024b4, Max: 0x00040000, ABSOLUTE)

    Execution Region ER_IROM1 (Exec base: 0x00000000, Load base: 0x00000000, Size: 0x000024b4, Max: 0x00040000, ABSOLUTE)

    Exec Addr    Load Addr    Size         Type   Attr      Idx    E Section Name        Object

    0x00000000   0x00000000   0x00000288   Code   RO          105  * RESET               startup_rvmdk.o
    0x00000288   0x00000288   0x00000008   Code   RO         1093  * !!!main             c_w.l(__main.o)
    0x00000290   0x00000290   0x0000005c   Code   RO         1258    !!!scatter          c_w.l(__scatter.o)
    0x000002ec   0x000002ec   0x00000002   Code   RO         1259    !!handler_null      c_w.l(__scatter.o)
    0x000002ee   0x000002ee   0x00000002   PAD
    0x000002f0   0x000002f0   0x0000001c   Code   RO         1262    !!handler_zi        c_w.l(__scatter_zi.o)
    0x0000030c   0x0000030c   0x00000002   Code   RO         1120    .ARM.Collect$$libinit$$00000000  c_w.l(libinit.o)
    0x0000030e   0x0000030e   0x00000004   Code   RO         1126    .ARM.Collect$$libinit$$00000001  c_w.l(libinit2.o)
    0x00000312   0x00000312   0x00000000   Code   RO         1129    .ARM.Collect$$libinit$$00000004  c_w.l(libinit2.o)
    0x00000312   0x00000312   0x00000000   Code   RO         1131    .ARM.Collect$$libinit$$00000006  c_w.l(libinit2.o)
    0x00000312   0x00000312   0x00000000   Code   RO         1134    .ARM.Collect$$libinit$$0000000C  c_w.l(libinit2.o)
    0x00000312   0x00000312   0x00000000   Code   RO         1136    .ARM.Collect$$libinit$$0000000E  c_w.l(libinit2.o)
    0x00000312   0x00000312   0x00000000   Code   RO         1138    .ARM.Collect$$libinit$$00000010  c_w.l(libinit2.o)
    0x00000312   0x00000312   0x00000000   Code   RO         1141    .ARM.Collect$$libinit$$00000013  c_w.l(libinit2.o)
    0x00000312   0x00000312   0x00000000   Code   RO         1143    .ARM.Collect$$libinit$$00000015  c_w.l(libinit2.o)
    0x00000312   0x00000312   0x00000000   Code   RO         1145    .ARM.Collect$$libinit$$00000017  c_w.l(libinit2.o)
    0x00000312   0x00000312   0x00000000   Code   RO         1147    .ARM.Collect$$libinit$$00000019  c_w.l(libinit2.o)
    0x00000312   0x00000312   0x00000000   Code   RO         1149    .ARM.Collect$$libinit$$0000001B  c_w.l(libinit2.o)
    0x00000312   0x00000312   0x00000000   Code   RO         1151    .ARM.Collect$$libinit$$0000001D  c_w.l(libinit2.o)
    0x00000312   0x00000312   0x00000000   Code   RO         1153    .ARM.Collect$$libinit$$0000001F  c_w.l(libinit2.o)
    0x00000312   0x00000312   0x00000000   Code   RO         1155    .ARM.Collect$$libinit$$00000021  c_w.l(libinit2.o)
    0x00000312   0x00000312   0x00000000   Code   RO         1157    .ARM.Collect$$libinit$$00000023  c_w.l(libinit2.o)
    0x00000312   0x00000312   0x00000000   Code   RO         1159    .ARM.Collect$$libinit$$00000025  c_w.l(libinit2.o)
    0x00000312   0x00000312   0x00000000   Code   RO         1161    .ARM.Collect$$libinit$$00000027  c_w.l(libinit2.o)
    0x00000312   0x00000312   0x00000000   Code   RO         1165    .ARM.Collect$$libinit$$0000002E  c_w.l(libinit2.o)
    0x00000312   0x00000312   0x00000000   Code   RO         1167    .ARM.Collect$$libinit$$00000030  c_w.l(libinit2.o)
    0x00000312   0x00000312   0x00000000   Code   RO         1169    .ARM.Collect$$libinit$$00000032  c_w.l(libinit2.o)
    0x00000312   0x00000312   0x00000000   Code   RO         1171    .ARM.Collect$$libinit$$00000034  c_w.l(libinit2.o)
    0x00000312   0x00000312   0x00000002   Code   RO         1172    .ARM.Collect$$libinit$$00000035  c_w.l(libinit2.o)
    0x00000314   0x00000314   0x00000002   Code   RO         1194    .ARM.Collect$$libshutdown$$00000000  c_w.l(libshutdown.o)
    0x00000316   0x00000316   0x00000000   Code   RO         1209    .ARM.Collect$$libshutdown$$00000002  c_w.l(libshutdown2.o)
    0x00000316   0x00000316   0x00000000   Code   RO         1211    .ARM.Collect$$libshutdown$$00000004  c_w.l(libshutdown2.o)
    0x00000316   0x00000316   0x00000000   Code   RO         1214    .ARM.Collect$$libshutdown$$00000007  c_w.l(libshutdown2.o)
    0x00000316   0x00000316   0x00000000   Code   RO         1217    .ARM.Collect$$libshutdown$$0000000A  c_w.l(libshutdown2.o)
    0x00000316   0x00000316   0x00000000   Code   RO         1219    .ARM.Collect$$libshutdown$$0000000C  c_w.l(libshutdown2.o)
    0x00000316   0x00000316   0x00000000   Code   RO         1222    .ARM.Collect$$libshutdown$$0000000F  c_w.l(libshutdown2.o)
    0x00000316   0x00000316   0x00000002   Code   RO         1223    .ARM.Collect$$libshutdown$$00000010  c_w.l(libshutdown2.o)
    0x00000318   0x00000318   0x00000000   Code   RO         1095    .ARM.Collect$$rtentry$$00000000  c_w.l(__rtentry.o)
    0x00000318   0x00000318   0x00000000   Code   RO         1097    .ARM.Collect$$rtentry$$00000002  c_w.l(__rtentry2.o)
    0x00000318   0x00000318   0x00000006   Code   RO         1109    .ARM.Collect$$rtentry$$00000004  c_w.l(__rtentry4.o)
    0x0000031e   0x0000031e   0x00000000   Code   RO         1099    .ARM.Collect$$rtentry$$00000009  c_w.l(__rtentry2.o)
    0x0000031e   0x0000031e   0x00000004   Code   RO         1100    .ARM.Collect$$rtentry$$0000000A  c_w.l(__rtentry2.o)
    0x00000322   0x00000322   0x00000000   Code   RO         1102    .ARM.Collect$$rtentry$$0000000C  c_w.l(__rtentry2.o)
    0x00000322   0x00000322   0x00000008   Code   RO         1103    .ARM.Collect$$rtentry$$0000000D  c_w.l(__rtentry2.o)
    0x0000032a   0x0000032a   0x00000002   Code   RO         1124    .ARM.Collect$$rtexit$$00000000  c_w.l(rtexit.o)
    0x0000032c   0x0000032c   0x00000000   Code   RO         1174    .ARM.Collect$$rtexit$$00000002  c_w.l(rtexit2.o)
    0x0000032c   0x0000032c   0x00000004   Code   RO         1175    .ARM.Collect$$rtexit$$00000003  c_w.l(rtexit2.o)
    0x00000330   0x00000330   0x00000006   Code   RO         1176    .ARM.Collect$$rtexit$$00000004  c_w.l(rtexit2.o)
    0x00000336   0x00000336   0x00000002   PAD
    0x00000338   0x00000338   0x00000006   Code   RO          615    .emb_text           driverlib.lib(sysctl.o)
    0x0000033e   0x0000033e   0x00000002   PAD
    0x00000340   0x00000340   0x00000018   Code   RO          106    .text               startup_rvmdk.o
    0x00000358   0x00000358   0x00000006   Code   RO         1091    .text               c_w.l(heapauxi.o)
    0x0000035e   0x0000035e   0x0000004a   Code   RO         1111    .text               c_w.l(sys_stackheap_outer.o)
    0x000003a8   0x000003a8   0x00000012   Code   RO         1113    .text               c_w.l(exit.o)
    0x000003ba   0x000003ba   0x00000002   PAD
    0x000003bc   0x000003bc   0x00000008   Code   RO         1121    .text               c_w.l(libspace.o)
    0x000003c4   0x000003c4   0x0000000c   Code   RO         1184    .text               c_w.l(sys_exit.o)
    0x000003d0   0x000003d0   0x00000002   Code   RO         1199    .text               c_w.l(use_no_semi.o)
    0x000003d2   0x000003d2   0x00000000   Code   RO         1201    .text               c_w.l(indicate_semi.o)
    0x000003d2   0x000003d2   0x00000002   PAD
    0x000003d4   0x000003d4   0x0000013a   Code   RO           14    .text.LcdInit       st7735.o
    0x0000050e   0x0000050e   0x00000002   PAD
    0x00000510   0x00000510   0x00000038   Code   RO            2    .text.SysTick_Delay  st7735.o
    0x00000548   0x00000548   0x000000aa   Code   RO           12    .text.commandList   st7735.o
    0x000005f2   0x000005f2   0x00000002   PAD
    0x000005f4   0x000005f4   0x0000002c   Code   RO            4    .text.delay_ms      st7735.o
    0x00000620   0x00000620   0x000001d6   Code   RO           64    .text.drawChar      st7735.o
    0x000007f6   0x000007f6   0x00000002   PAD
    0x000007f8   0x000007f8   0x000000cc   Code   RO           26    .text.drawFastHLine  st7735.o
    0x000008c4   0x000008c4   0x000000cc   Code   RO           24    .text.drawFastVLine  st7735.o
    0x00000990   0x00000990   0x00000074   Code   RO           22    .text.drawPixel     st7735.o
    0x00000a04   0x00000a04   0x00000198   Code   RO           62    .text.drawString    st7735.o
    0x00000b9c   0x00000b9c   0x00000182   Code   RO           44    .text.fillCircleHelper  st7735.o
    0x00000d1e   0x00000d1e   0x00000002   PAD
    0x00000d20   0x00000d20   0x00000142   Code   RO           30    .text.fillRect      st7735.o
    0x00000e62   0x00000e62   0x00000002   PAD
    0x00000e64   0x00000e64   0x000000c4   Code   RO           52    .text.fillRoundRect  st7735.o
    0x00000f28   0x00000f28   0x00000034   Code   RO           28    .text.fillScreen    st7735.o
    0x00000f5c   0x00000f5c   0x0000036c   Code   RO           56    .text.fillTriangle  st7735.o
    0x000012c8   0x000012c8   0x000001aa   Code   RO           94    .text.main          icons.o
    0x00001472   0x00001472   0x00000002   PAD
    0x00001474   0x00001474   0x00000028   Code   RO           20    .text.pushColour    st7735.o
    0x0000149c   0x0000149c   0x00000094   Code   RO           18    .text.setAddrWindow  st7735.o
    0x00001530   0x00001530   0x00000048   Code   RO            6    .text.spiWrite      st7735.o
    0x00001578   0x00001578   0x00000020   Code   RO            8    .text.writeCommand  st7735.o
    0x00001598   0x00001598   0x00000020   Code   RO           10    .text.writeData     st7735.o
    0x000015b8   0x000015b8   0x00000028   Code   RO          118    i.GPIODirModeSet    driverlib.lib(gpio.o)
    0x000015e0   0x000015e0   0x00000170   Code   RO          130    i.GPIOPadConfigSet  driverlib.lib(gpio.o)
    0x00001750   0x00001750   0x00000044   Code   RO          131    i.GPIOPinConfigure  driverlib.lib(gpio.o)
    0x00001794   0x00001794   0x0000001c   Code   RO          142    i.GPIOPinTypeGPIOOutput  driverlib.lib(gpio.o)
    0x000017b0   0x000017b0   0x0000001c   Code   RO          151    i.GPIOPinTypeSSI    driverlib.lib(gpio.o)
    0x000017cc   0x000017cc   0x00000006   Code   RO          160    i.GPIOPinWrite      driverlib.lib(gpio.o)
    0x000017d2   0x000017d2   0x00000008   Code   RO          456    i.SSIBusy           driverlib.lib(ssi.o)
    0x000017da   0x000017da   0x0000003a   Code   RO          459    i.SSIConfigSetExpClk  driverlib.lib(ssi.o)
    0x00001814   0x00001814   0x0000000c   Code   RO          464    i.SSIDataPut        driverlib.lib(ssi.o)
    0x00001820   0x00001820   0x0000000a   Code   RO          467    i.SSIEnable         driverlib.lib(ssi.o)
    0x0000182a   0x0000182a   0x00000002   PAD
    0x0000182c   0x0000182c   0x00000154   Code   RO          618    i.SysCtlClockGet    driverlib.lib(sysctl.o)
    0x00001980   0x00001980   0x00000120   Code   RO          620    i.SysCtlClockSet    driverlib.lib(sysctl.o)
    0x00001aa0   0x00001aa0   0x00000028   Code   RO          649    i.SysCtlPeripheralEnable  driverlib.lib(sysctl.o)
    0x00001ac8   0x00001ac8   0x0000001a   Code   RO         1182    x$fpl$fpinit        fz_wm.l(fpinit.o)
    0x00001ae2   0x00001ae2   0x00000002   PAD
    0x00001ae4   0x00001ae4   0x00000228   Data   RO          163    .constdata          driverlib.lib(gpio.o)
    0x00001d0c   0x00001d0c   0x00000254   Data   RO          671    .constdata          driverlib.lib(sysctl.o)
    0x00001f60   0x00001f60   0x000004fb   Data   RO           86    .rodata.font        st7735.o
    0x0000245b   0x0000245b   0x00000037   Data   RO           84    .rodata.initCommands  st7735.o
    0x00002492   0x00002492   0x00000010   Data   RO           96    .rodata.str1.1      icons.o
    0x000024a2   0x000024a2   0x00000002   PAD
    0x000024a4   0x000024a4   0x00000010   Data   RO         1257    Region$$Table       anon$$obj.o


    Execution Region RW_IRAM1 (Exec base: 0x20000000, Load base: 0x000024b4, Size: 0x00000180, Max: 0x00008000, ABSOLUTE)

    Exec Addr    Load Addr    Size         Type   Attr      Idx    E Section Name        Object

    0x20000000        -       0x00000060   Zero   RW         1122    .bss                c_w.l(libspace.o)
    0x20000060        -       0x00000001   Zero   RW           74    .bss.colstart       st7735.o
    0x20000061   0x000024b4   0x00000001   PAD
    0x20000062        -       0x00000002   Zero   RW           80    .bss.cursor_x       st7735.o
    0x20000064        -       0x00000002   Zero   RW           79    .bss.cursor_y       st7735.o
    0x20000066   0x000024b4   0x00000002   PAD
    0x20000068        -       0x00000004   Zero   RW           77    .bss.height         st7735.o
    0x2000006c        -       0x00000001   Zero   RW           75    .bss.rowstart       st7735.o
    0x2000006d   0x000024b4   0x00000001   PAD
    0x2000006e        -       0x00000002   Zero   RW           83    .bss.textbgcolour   st7735.o
    0x20000070        -       0x00000002   Zero   RW           82    .bss.textcolour     st7735.o
    0x20000072        -       0x00000001   Zero   RW           81    .bss.textsize       st7735.o
    0x20000073   0x000024b4   0x00000001   PAD
    0x20000074        -       0x00000004   Zero   RW           76    .bss.width          st7735.o
    0x20000078        -       0x00000002   Zero   RW           78    .bss.wrap           st7735.o
    0x2000007a   0x000024b4   0x00000006   PAD
    0x20000080        -       0x00000000   Zero   RW          104    HEAP                startup_rvmdk.o
    0x20000080        -       0x00000100   Zero   RW          103    STACK               startup_rvmdk.o


==============================================================================

Image component sizes


      Code (inc. data)   RO Data    RW Data    ZI Data      Debug   Object Name

       426          0         16          0          0        532   icons.o
      4142          0       1330          0         21      11898   st7735.o
       672        636          0          0        256        676   startup_rvmdk.o

    ----------------------------------------------------------------------
      5252        636       1364          0        288      13106   Object Totals
         0          0         16          0          0          0   (incl. Generated)
        12          0          2          0         11          0   (incl. Padding)

    ----------------------------------------------------------------------

      Code (inc. data)   RO Data    RW Data    ZI Data      Debug   Library Member Name

         8          0          0          0          0         68   __main.o
         0          0          0          0          0          0   __rtentry.o
        12          0          0          0          0          0   __rtentry2.o
         6          0          0          0          0          0   __rtentry4.o
        94          8          0          0          0          0   __scatter.o
        28          0          0          0          0          0   __scatter_zi.o
        18          0          0          0          0         80   exit.o
         6          0          0          0          0        152   heapauxi.o
         0          0          0          0          0          0   indicate_semi.o
         2          0          0          0          0          0   libinit.o
         6          0          0          0          0          0   libinit2.o
         2          0          0          0          0          0   libshutdown.o
         2          0          0          0          0          0   libshutdown2.o
         8          4          0          0         96         68   libspace.o
         2          0          0          0          0          0   rtexit.o
        10          0          0          0          0          0   rtexit2.o
        12          4          0          0          0         68   sys_exit.o
        74          0          0          0          0         80   sys_stackheap_outer.o
         2          0          0          0          0         68   use_no_semi.o
       538         22        552          0          0       9119   gpio.o
        88          0          0          0          0       2180   ssi.o
       674         58        596          0          0       4395   sysctl.o
        26          0          0          0          0        116   fpinit.o

    ----------------------------------------------------------------------
      1632         96       1148          0         96      16394   Library Totals
        14          0          0          0          0          0   (incl. Padding)

    ----------------------------------------------------------------------

      Code (inc. data)   RO Data    RW Data    ZI Data      Debug   Library Name

       292         16          0          0         96        584   c_w.l
      1300         80       1148          0          0      15694   driverlib.lib
        26          0          0          0          0        116   fz_wm.l

    ----------------------------------------------------------------------
      1632         96       1148          0         96      16394   Library Totals

    ----------------------------------------------------------------------

==============================================================================


      Code (inc. data)   RO Data    RW Data    ZI Data      Debug   

      6884        732       2512          0        384      28624   Grand Totals
      6884        732       2512          0        384      28624   ELF Image Totals
      6884        732       2512          0          0          0   ROM Totals

==============================================================================

    Total RO  Size (Code + RO Data)                 9396 (   9.18kB)
    Total RW  Size (RW Data + ZI Data)               384 (   0.38kB)
    Total ROM Size (Code + RO Data + RW Data)       9396 (   9.18kB)

==============================================================================

