Component: Arm Compiler for Embedded 6.21 Tool: armlink [5ec1fa00]

==============================================================================

Section Cross References

    eeprom_program.o(.ARM.exidx.text.init_EEPROM) refers to eeprom_program.o(.text.init_EEPROM) for [Anonymous Symbol]
    eeprom_program.o(.ARM.exidx.text.write_EEPROM) refers to eeprom_program.o(.text.write_EEPROM) for [Anonymous Symbol]
    eeprom_program.o(.ARM.exidx.text.read_EEPROM) refers to eeprom_program.o(.text.read_EEPROM) for [Anonymous Symbol]
    eeprom_program.o(.text.write_Array_EEPROM) refers to eeprom_program.o(.text.write_EEPROM) for write_EEPROM
    eeprom_program.o(.ARM.exidx.text.write_Array_EEPROM) refers to eeprom_program.o(.text.write_Array_EEPROM) for [Anonymous Symbol]
    eeprom_program.o(.text.read_Array_EEPROM) refers to eeprom_program.o(.text.read_EEPROM) for read_EEPROM
    eeprom_program.o(.ARM.exidx.text.read_Array_EEPROM) refers to eeprom_program.o(.text.read_Array_EEPROM) for [Anonymous Symbol]
    gpio_program.o(.ARM.exidx.text.GPIO_voidInit_port_F) refers to gpio_program.o(.text.GPIO_voidInit_port_F) for [Anonymous Symbol]
    gpio_program.o(.ARM.exidx.text.GPIO_voidInit_port_A) refers to gpio_program.o(.text.GPIO_voidInit_port_A) for [Anonymous Symbol]
    gpio_program.o(.ARM.exidx.text.GPIO_u8Get_Switch) refers to gpio_program.o(.text.GPIO_u8Get_Switch) for [Anonymous Symbol]
    gpio_program.o(.ARM.exidx.text.GPIO_u8Set_Switch) refers to gpio_program.o(.text.GPIO_u8Set_Switch) for [Anonymous Symbol]
    gpio_program.o(.ARM.exidx.text.Led_controlled) refers to gpio_program.o(.text.Led_controlled) for [Anonymous Symbol]
    gpio_program.o(.ARM.exidx.text.GPIO_voidRGB_LED) refers to gpio_program.o(.text.GPIO_voidRGB_LED) for [Anonymous Symbol]
    gpio_program.o(.ARM.exidx.text.GPIO_voidSet_Pin_value) refers to gpio_program.o(.text.GPIO_voidSet_Pin_value) for [Anonymous Symbol]
    gpio_program.o(.ARM.exidx.text.GPIO_voidToggle_pin) refers to gpio_program.o(.text.GPIO_voidToggle_pin) for [Anonymous Symbol]
    gpio_program.o(.ARM.exidx.text.GPIO_voidGet_Pin_Value) refers to gpio_program.o(.text.GPIO_voidGet_Pin_Value) for [Anonymous Symbol]
    uart_program.o(.ARM.exidx.text.UART_u8Init) refers to uart_program.o(.text.UART_u8Init) for [Anonymous Symbol]
    uart_program.o(.ARM.exidx.text.UART_u8SendByte) refers to uart_program.o(.text.UART_u8SendByte) for [Anonymous Symbol]
    uart_program.o(.ARM.exidx.text.UART_u8ReceiveByte) refers to uart_program.o(.text.UART_u8ReceiveByte) for [Anonymous Symbol]
    uart_program.o(.text.UART_u8SendString) refers to uart_program.o(.text.UART_u8SendByte) for UART_u8SendByte
    uart_program.o(.ARM.exidx.text.UART_u8SendString) refers to uart_program.o(.text.UART_u8SendString) for [Anonymous Symbol]
    uart_program.o(.text.UART_u8ReceiveString) refers to uart_program.o(.text.UART_u8ReceiveByte) for UART_u8ReceiveByte
    uart_program.o(.ARM.exidx.text.UART_u8ReceiveString) refers to uart_program.o(.text.UART_u8ReceiveString) for [Anonymous Symbol]
    main.o(.text.main) refers to uart_program.o(.text.UART_u8Init) for UART_u8Init
    main.o(.text.main) refers to gpio_program.o(.text.GPIO_voidInit_port_A) for GPIO_voidInit_port_A
    main.o(.text.main) refers to gpio_program.o(.text.GPIO_voidInit_port_F) for GPIO_voidInit_port_F
    main.o(.text.main) refers to sys_tick.o(.text.SysTick_Init) for SysTick_Init
    main.o(.text.main) refers to sysctr.o(.text.SysCtr_init) for SysCtr_init
    main.o(.text.main) refers to port.o(.text.PORT_init) for PORT_init
    main.o(.text.main) refers to ssi.o(.text.SSI_INIT) for SSI_INIT
    main.o(.text.main) refers to st7735.o(.text.ST7735_Init) for ST7735_Init
    main.o(.text.main) refers to main.o(.bss.j) for j
    main.o(.text.main) refers to main.o(.bss.Total_Coordinates) for Total_Coordinates
    main.o(.text.main) refers to uart_program.o(.text.UART_u8ReceiveByte) for UART_u8ReceiveByte
    main.o(.text.main) refers to main.o(.bss.k) for k
    main.o(.text.main) refers to main.o(.bss.Read_latitude) for Read_latitude
    main.o(.text.main) refers to main.o(.bss.Read_longitude) for Read_longitude
    main.o(.text.main) refers to eeprom_program.o(.text.write_Array_EEPROM) for write_Array_EEPROM
    main.o(.text.main) refers to ftos.o(.text.ftos) for ftos
    main.o(.text.main) refers to uart_program.o(.text.UART_u8SendString) for UART_u8SendString
    main.o(.text.main) refers to gpio_program.o(.text.GPIO_u8Set_Switch) for GPIO_u8Set_Switch
    main.o(.text.main) refers to main.o(.bss.button1) for button1
    main.o(.text.main) refers to main.o(.bss.button2) for button2
    main.o(.text.main) refers to main.o(.bss.walkedDistance) for walkedDistance
    main.o(.text.main) refers to gps_program.o(.text.GPS_Read) for GPS_Read
    main.o(.text.main) refers to sys_tick.o(.text.SysTick_Delay10ms) for SysTick_Delay10ms
    main.o(.text.main) refers to gpio_program.o(.text.GPIO_voidRGB_LED) for GPIO_voidRGB_LED
    main.o(.text.main) refers to main.o(.rodata.str1.1) for .L.str
    main.o(.text.main) refers to strcmp.o(.text) for strcmp
    main.o(.text.main) refers to atof.o(i.__hardfp_atof) for __hardfp_atof
    main.o(.text.main) refers to gps_program.o(.text.todegree) for todegree
    main.o(.text.main) refers to d2f.o(.text) for __aeabi_d2f
    main.o(.text.main) refers to main.o(.bss.currentLatitude) for currentLatitude
    main.o(.text.main) refers to main.o(.bss.latitude_array) for latitude_array
    main.o(.text.main) refers to main.o(.bss.currentLongitude) for currentLongitude
    main.o(.text.main) refers to main.o(.bss.longitude_array) for longitude_array
    main.o(.text.main) refers to gps_program.o(.text.calcDistance) for calcDistance
    main.o(.text.main) refers to main.o(.bss.deltaDistance) for deltaDistance
    main.o(.text.main) refers to main.o(.bss.Int_walkedDistance) for Int_walkedDistance
    main.o(.text.main) refers to main.o(.bss.String_walkedDistance) for String_walkedDistance
    main.o(.text.main) refers to iota.o(.text.itoa) for itoa
    main.o(.text.main) refers to st7735.o(.text.ST7735_drawString) for ST7735_drawString
    main.o(.text.main) refers to main.o(.bss.text) for text
    main.o(.text.main) refers to f2d.o(.text) for __aeabi_f2d
    main.o(.text.main) refers to printfa.o(i.__0sprintf) for sprintf
    main.o(.ARM.exidx.text.main) refers to main.o(.text.main) for [Anonymous Symbol]
    fonts.o(.data.Font_7x10) refers to fonts.o(.rodata.Font7x10) for [Anonymous Symbol]
    fonts.o(.data.Font_11x18) refers to fonts.o(.rodata.Font11x18) for [Anonymous Symbol]
    fonts.o(.data.Font_16x26) refers to fonts.o(.rodata.Font16x26) for [Anonymous Symbol]
    sys_tick.o(.ARM.exidx.text.MCAL_STK_SetReloadValue) refers to sys_tick.o(.text.MCAL_STK_SetReloadValue) for [Anonymous Symbol]
    sys_tick.o(.text.SysTick_Delay10ms) refers to sys_tick.o(.text.SysTick_Delay) for SysTick_Delay
    sys_tick.o(.ARM.exidx.text.SysTick_Delay10ms) refers to sys_tick.o(.text.SysTick_Delay10ms) for [Anonymous Symbol]
    sys_tick.o(.ARM.exidx.text.SysTick_Delay) refers to sys_tick.o(.text.SysTick_Delay) for [Anonymous Symbol]
    sys_tick.o(.ARM.exidx.text.get_SysTick_Ticks) refers to sys_tick.o(.text.get_SysTick_Ticks) for [Anonymous Symbol]
    sys_tick.o(.ARM.exidx.text.SysTick_Init) refers to sys_tick.o(.text.SysTick_Init) for [Anonymous Symbol]
    gps_program.o(.text.GPS_Read) refers to uart_.o(.text.UART1_getChar) for UART1_getChar
    gps_program.o(.text.GPS_Read) refers to gps_program.o(.rodata.str1.1) for .L.str
    gps_program.o(.text.GPS_Read) refers to st7735.o(.text.ST7735_drawString) for ST7735_drawString
    gps_program.o(.text.GPS_Read) refers to strcpy.o(.text) for strcpy
    gps_program.o(.text.GPS_Read) refers to gps_program.o(.bss.GPS_Counter) for GPS_Counter
    gps_program.o(.text.GPS_Read) refers to strtok.o(.text) for strtok
    gps_program.o(.text.GPS_Read) refers to strcmp.o(.text) for strcmp
    gps_program.o(.text.GPS_Read) refers to atof.o(i.__hardfp_atof) for __hardfp_atof
    gps_program.o(.text.GPS_Read) refers to d2f.o(.text) for __aeabi_d2f
    gps_program.o(.text.GPS_Read) refers to gps_program.o(.bss.currentLat) for currentLat
    gps_program.o(.text.GPS_Read) refers to gps_program.o(.bss.currentLong) for currentLong
    gps_program.o(.ARM.exidx.text.GPS_Read) refers to gps_program.o(.text.GPS_Read) for [Anonymous Symbol]
    gps_program.o(.text.todegree) refers to ddiv.o(.text) for __aeabi_ddiv
    gps_program.o(.text.todegree) refers to dfixi.o(.text) for __aeabi_d2iz
    gps_program.o(.text.todegree) refers to dflti.o(.text) for __aeabi_i2d
    gps_program.o(.text.todegree) refers to dmul.o(.text) for __aeabi_dmul
    gps_program.o(.text.todegree) refers to dadd.o(.text) for __aeabi_dsub
    gps_program.o(.ARM.exidx.text.todegree) refers to gps_program.o(.text.todegree) for [Anonymous Symbol]
    gps_program.o(.text.torad) refers to dmul.o(.text) for __aeabi_dmul
    gps_program.o(.text.torad) refers to ddiv.o(.text) for __aeabi_ddiv
    gps_program.o(.ARM.exidx.text.torad) refers to gps_program.o(.text.torad) for [Anonymous Symbol]
    gps_program.o(.text.calcDistance) refers to f2d.o(.text) for __aeabi_f2d
    gps_program.o(.text.calcDistance) refers to gps_program.o(.text.todegree) for todegree
    gps_program.o(.text.calcDistance) refers to gps_program.o(.text.torad) for torad
    gps_program.o(.text.calcDistance) refers to d2f.o(.text) for __aeabi_d2f
    gps_program.o(.text.calcDistance) refers to ddiv.o(.text) for __aeabi_ddiv
    gps_program.o(.text.calcDistance) refers to sin.o(i.__hardfp_sin) for __hardfp_sin
    gps_program.o(.text.calcDistance) refers to pow.o(i.__hardfp_pow) for __hardfp_pow
    gps_program.o(.text.calcDistance) refers to cos.o(i.__hardfp_cos) for __hardfp_cos
    gps_program.o(.text.calcDistance) refers to dmul.o(.text) for __aeabi_dmul
    gps_program.o(.text.calcDistance) refers to dadd.o(.text) for __aeabi_dadd
    gps_program.o(.text.calcDistance) refers to sqrt.o(i.__hardfp_sqrt) for __hardfp_sqrt
    gps_program.o(.text.calcDistance) refers to atan2.o(i.__hardfp_atan2) for __hardfp_atan2
    gps_program.o(.text.calcDistance) refers to gps_program.o(.bss.distance) for distance
    gps_program.o(.ARM.exidx.text.calcDistance) refers to gps_program.o(.text.calcDistance) for [Anonymous Symbol]
    ssi.o(.text.SSI_INIT) refers to ssi_lcfg.o(.rodata.str_SSI_Config) for str_SSI_Config
    ssi.o(.ARM.exidx.text.SSI_INIT) refers to ssi.o(.text.SSI_INIT) for [Anonymous Symbol]
    ssi.o(.ARM.exidx.text.SSI_SEND_BYTE) refers to ssi.o(.text.SSI_SEND_BYTE) for [Anonymous Symbol]
    ssi.o(.ARM.exidx.text.SSI_Disable_Transfer) refers to ssi.o(.text.SSI_Disable_Transfer) for [Anonymous Symbol]
    ssi.o(.text.SSI_SEND_ARRAY_OF_BYTES) refers to ssi.o(.text.SSI_SEND_BYTE) for SSI_SEND_BYTE
    ssi.o(.ARM.exidx.text.SSI_SEND_ARRAY_OF_BYTES) refers to ssi.o(.text.SSI_SEND_ARRAY_OF_BYTES) for [Anonymous Symbol]
    ssi.o(.ARM.exidx.text.SSI_RECEIVE_BYTE) refers to ssi.o(.text.SSI_RECEIVE_BYTE) for [Anonymous Symbol]
    dio.o(.text.Dio_ReadChannel) refers to mcu_hw.o(.data.Array_of_pntr_to_GPIO_APB_GPI0_APB_BaseAddrArr) for Array_of_pntr_to_GPIO_APB_GPI0_APB_BaseAddrArr
    dio.o(.ARM.exidx.text.Dio_ReadChannel) refers to dio.o(.text.Dio_ReadChannel) for [Anonymous Symbol]
    dio.o(.text.Dio_WriteChannel) refers to mcu_hw.o(.data.Array_of_pntr_to_GPIO_APB_GPI0_APB_BaseAddrArr) for Array_of_pntr_to_GPIO_APB_GPI0_APB_BaseAddrArr
    dio.o(.ARM.exidx.text.Dio_WriteChannel) refers to dio.o(.text.Dio_WriteChannel) for [Anonymous Symbol]
    dio.o(.text.Dio_ReadPort) refers to mcu_hw.o(.data.Array_of_pntr_to_GPIO_APB_GPI0_APB_BaseAddrArr) for Array_of_pntr_to_GPIO_APB_GPI0_APB_BaseAddrArr
    dio.o(.ARM.exidx.text.Dio_ReadPort) refers to dio.o(.text.Dio_ReadPort) for [Anonymous Symbol]
    dio.o(.text.Dio_WritePort) refers to mcu_hw.o(.data.Array_of_pntr_to_GPIO_APB_GPI0_APB_BaseAddrArr) for Array_of_pntr_to_GPIO_APB_GPI0_APB_BaseAddrArr
    dio.o(.ARM.exidx.text.Dio_WritePort) refers to dio.o(.text.Dio_WritePort) for [Anonymous Symbol]
    dio.o(.text.Dio_FlipChannel) refers to mcu_hw.o(.data.Array_of_pntr_to_GPIO_APB_GPI0_APB_BaseAddrArr) for Array_of_pntr_to_GPIO_APB_GPI0_APB_BaseAddrArr
    dio.o(.ARM.exidx.text.Dio_FlipChannel) refers to dio.o(.text.Dio_FlipChannel) for [Anonymous Symbol]
    dio.o(.ARM.exidx.text.Dio_FlipPort) refers to dio.o(.text.Dio_FlipPort) for [Anonymous Symbol]
    nvic.o(.text.NVIC_init) refers to processor.o(.text.PROCESSOR_switchMode) for PROCESSOR_switchMode
    nvic.o(.text.NVIC_init) refers to nvic_lcfg.o(.rodata.NVIC_CfgArr) for NVIC_CfgArr
    nvic.o(.ARM.exidx.text.NVIC_init) refers to nvic.o(.text.NVIC_init) for [Anonymous Symbol]
    port.o(.text.PORT_init) refers to mcu_hw.o(.data.Array_of_pntr_to_GPIO_APB_GPI0_APB_BaseAddrArr) for Array_of_pntr_to_GPIO_APB_GPI0_APB_BaseAddrArr
    port.o(.text.PORT_init) refers to port_lcfg.o(.data.PortCfgArr) for PortCfgArr
    port.o(.ARM.exidx.text.PORT_init) refers to port.o(.text.PORT_init) for [Anonymous Symbol]
    sysctr.o(.text.SysCtr_init) refers to sysctr_cfg.o(.rodata.gSysCtr_cfg) for gSysCtr_cfg
    sysctr.o(.text.SysCtr_init) refers to mcu_hw.o(.data.au8_RCG_INDEX) for au8_RCG_INDEX
    sysctr.o(.ARM.exidx.text.SysCtr_init) refers to sysctr.o(.text.SysCtr_init) for [Anonymous Symbol]
    sysctr.o(.text.SysCtr_getSysClockFreq) refers to sysctr_cfg.o(.rodata.gSysCtr_cfg) for gSysCtr_cfg
    sysctr.o(.ARM.exidx.text.SysCtr_getSysClockFreq) refers to sysctr.o(.text.SysCtr_getSysClockFreq) for [Anonymous Symbol]
    st7735.o(.text.writeCommand) refers to dio.o(.text.Dio_WriteChannel) for Dio_WriteChannel
    st7735.o(.text.writeCommand) refers to ssi.o(.text.SSI_SEND_BYTE) for SSI_SEND_BYTE
    st7735.o(.ARM.exidx.text.writeCommand) refers to st7735.o(.text.writeCommand) for [Anonymous Symbol]
    st7735.o(.text.ST7735_Init) refers to dio.o(.text.Dio_WriteChannel) for Dio_WriteChannel
    st7735.o(.text.ST7735_Init) refers to delay_ms.o(.text.delay_ms) for delay_ms
    st7735.o(.text.ST7735_Init) refers to st7735.o(.text.writeCommand) for writeCommand
    st7735.o(.text.ST7735_Init) refers to st7735.o(.text.writeData) for writeData
    st7735.o(.text.ST7735_Init) refers to st7735.o(.data.GMCTRP1_arr) for GMCTRP1_arr
    st7735.o(.text.ST7735_Init) refers to st7735.o(.text.write_Array_Of_Data) for write_Array_Of_Data
    st7735.o(.text.ST7735_Init) refers to st7735.o(.data.GMCTRN1_arr) for GMCTRN1_arr
    st7735.o(.ARM.exidx.text.ST7735_Init) refers to st7735.o(.text.ST7735_Init) for [Anonymous Symbol]
    st7735.o(.text.writeData) refers to dio.o(.text.Dio_WriteChannel) for Dio_WriteChannel
    st7735.o(.text.writeData) refers to ssi.o(.text.SSI_SEND_BYTE) for SSI_SEND_BYTE
    st7735.o(.ARM.exidx.text.writeData) refers to st7735.o(.text.writeData) for [Anonymous Symbol]
    st7735.o(.text.write_Array_Of_Data) refers to dio.o(.text.Dio_WriteChannel) for Dio_WriteChannel
    st7735.o(.text.write_Array_Of_Data) refers to ssi.o(.text.SSI_SEND_ARRAY_OF_BYTES) for SSI_SEND_ARRAY_OF_BYTES
    st7735.o(.ARM.exidx.text.write_Array_Of_Data) refers to st7735.o(.text.write_Array_Of_Data) for [Anonymous Symbol]
    st7735.o(.text.Define_Window) refers to st7735.o(.text.writeCommand) for writeCommand
    st7735.o(.text.Define_Window) refers to st7735.o(.text.writeData) for writeData
    st7735.o(.ARM.exidx.text.Define_Window) refers to st7735.o(.text.Define_Window) for [Anonymous Symbol]
    st7735.o(.text.pushColour) refers to st7735.o(.text.writeData) for writeData
    st7735.o(.ARM.exidx.text.pushColour) refers to st7735.o(.text.pushColour) for [Anonymous Symbol]
    st7735.o(.text.ST7735_drawPixel) refers to st7735.o(.text.Define_Window) for Define_Window
    st7735.o(.text.ST7735_drawPixel) refers to st7735.o(.text.pushColour) for pushColour
    st7735.o(.ARM.exidx.text.ST7735_drawPixel) refers to st7735.o(.text.ST7735_drawPixel) for [Anonymous Symbol]
    st7735.o(.text.ST7735_fillRect) refers to st7735.o(.text.Define_Window) for Define_Window
    st7735.o(.text.ST7735_fillRect) refers to st7735.o(.text.pushColour) for pushColour
    st7735.o(.ARM.exidx.text.ST7735_fillRect) refers to st7735.o(.text.ST7735_fillRect) for [Anonymous Symbol]
    st7735.o(.text.ST7735_Draw_image) refers to st7735.o(.text.Define_Window) for Define_Window
    st7735.o(.text.ST7735_Draw_image) refers to st7735.o(.text.writeData) for writeData
    st7735.o(.ARM.exidx.text.ST7735_Draw_image) refers to st7735.o(.text.ST7735_Draw_image) for [Anonymous Symbol]
    st7735.o(.text.ST7735_drawChar) refers to st7735.o(.rodata.font) for font
    st7735.o(.text.ST7735_drawChar) refers to st7735.o(.text.ST7735_drawPixel) for ST7735_drawPixel
    st7735.o(.text.ST7735_drawChar) refers to st7735.o(.text.ST7735_fillRect) for ST7735_fillRect
    st7735.o(.ARM.exidx.text.ST7735_drawChar) refers to st7735.o(.text.ST7735_drawChar) for [Anonymous Symbol]
    st7735.o(.text.ST7735_drawString) refers to st7735.o(.text.ST7735_drawChar) for ST7735_drawChar
    st7735.o(.ARM.exidx.text.ST7735_drawString) refers to st7735.o(.text.ST7735_drawString) for [Anonymous Symbol]
    processor.o(.text.PROCESSOR_enableGlobalInt) refers to processor.o(.text.PROCESSOR_switchMode) for PROCESSOR_switchMode
    processor.o(.ARM.exidx.text.PROCESSOR_enableGlobalInt) refers to processor.o(.text.PROCESSOR_enableGlobalInt) for [Anonymous Symbol]
    processor.o(.text.PROCESSOR_switchMode) refers to processor.o(.bss.gPROCESSOR_ModeType_Mode_Buffer) for gPROCESSOR_ModeType_Mode_Buffer
    processor.o(.ARM.exidx.text.PROCESSOR_switchMode) refers to processor.o(.text.PROCESSOR_switchMode) for [Anonymous Symbol]
    processor.o(.text.PROCESSOR_disableGlobalInt) refers to processor.o(.text.PROCESSOR_switchMode) for PROCESSOR_switchMode
    processor.o(.ARM.exidx.text.PROCESSOR_disableGlobalInt) refers to processor.o(.text.PROCESSOR_disableGlobalInt) for [Anonymous Symbol]
    processor.o(.text.PROCESSOR_SvcHandler) refers to processor.o(.bss.gPROCESSOR_ModeType_Mode_Buffer) for gPROCESSOR_ModeType_Mode_Buffer
    processor.o(.ARM.exidx.text.PROCESSOR_SvcHandler) refers to processor.o(.text.PROCESSOR_SvcHandler) for [Anonymous Symbol]
    delay_ms.o(.ARM.exidx.text.delay_ms) refers to delay_ms.o(.text.delay_ms) for [Anonymous Symbol]
    sysctr_cfg.o(.rodata.gSysCtr_cfg) refers to sysctr_cfg.o(.data.au8_Opened_gates_for_peripherals) for au8_Opened_gates_for_peripherals
    uart_.o(.ARM.exidx.text.UART0_Init) refers to uart_.o(.text.UART0_Init) for [Anonymous Symbol]
    uart_.o(.ARM.exidx.text.UART0_getChar) refers to uart_.o(.text.UART0_getChar) for [Anonymous Symbol]
    uart_.o(.ARM.exidx.text.UART0_OutChar) refers to uart_.o(.text.UART0_OutChar) for [Anonymous Symbol]
    uart_.o(.text.UART0_OutString) refers to uart_.o(.text.UART0_OutChar) for UART0_OutChar
    uart_.o(.ARM.exidx.text.UART0_OutString) refers to uart_.o(.text.UART0_OutString) for [Anonymous Symbol]
    uart_.o(.text.GetCommand_UART0) refers to uart_.o(.text.UART0_getChar) for UART0_getChar
    uart_.o(.text.GetCommand_UART0) refers to uart_.o(.text.UART0_OutChar) for UART0_OutChar
    uart_.o(.ARM.exidx.text.GetCommand_UART0) refers to uart_.o(.text.GetCommand_UART0) for [Anonymous Symbol]
    uart_.o(.ARM.exidx.text.UART1_Init) refers to uart_.o(.text.UART1_Init) for [Anonymous Symbol]
    uart_.o(.ARM.exidx.text.UART1_getChar) refers to uart_.o(.text.UART1_getChar) for [Anonymous Symbol]
    uart_.o(.ARM.exidx.text.UART1_OutChar) refers to uart_.o(.text.UART1_OutChar) for [Anonymous Symbol]
    uart_.o(.text.UART1_OutString) refers to uart_.o(.text.UART1_OutChar) for UART1_OutChar
    uart_.o(.ARM.exidx.text.UART1_OutString) refers to uart_.o(.text.UART1_OutString) for [Anonymous Symbol]
    uart_.o(.text.GetCommand_UART1) refers to uart_.o(.text.UART1_getChar) for UART1_getChar
    uart_.o(.ARM.exidx.text.GetCommand_UART1) refers to uart_.o(.text.GetCommand_UART1) for [Anonymous Symbol]
    uart_.o(.text.GetCommand_UART1_Modified) refers to uart_.o(.text.UART1_getChar) for UART1_getChar
    uart_.o(.ARM.exidx.text.GetCommand_UART1_Modified) refers to uart_.o(.text.GetCommand_UART1_Modified) for [Anonymous Symbol]
    ftos.o(.text.ftos) refers to ftos.o(.bss.s) for s
    ftos.o(.text.ftos) refers to f2d.o(.text) for __aeabi_f2d
    ftos.o(.text.ftos) refers to ftos.o(.bss.temp) for temp
    ftos.o(.text.ftos) refers to ftos.o(.rodata.str1.1) for .L.str
    ftos.o(.text.ftos) refers to printfa.o(i.__0sprintf) for sprintf
    ftos.o(.text.ftos) refers to strcat.o(.text) for strcat
    ftos.o(.ARM.exidx.text.ftos) refers to ftos.o(.text.ftos) for [Anonymous Symbol]
    iota.o(.ARM.exidx.text.reverse) refers to iota.o(.text.reverse) for [Anonymous Symbol]
    iota.o(.text.itoa) refers to iota.o(.text.reverse) for reverse
    iota.o(.ARM.exidx.text.itoa) refers to iota.o(.text.itoa) for [Anonymous Symbol]
    startup_tm4c123.o(RESET) refers to startup_tm4c123.o(STACK) for __initial_sp
    startup_tm4c123.o(RESET) refers to startup_tm4c123.o(.text) for Reset_Handler
    startup_tm4c123.o(.text) refers to system_tm4c123.o(.text.SystemInit) for SystemInit
    startup_tm4c123.o(.text) refers to entry.o(.ARM.Collect$$$$00000000) for __main
    system_tm4c123.o(.text.SystemCoreClockUpdate) refers to system_tm4c123.o(.text.getOscClk) for getOscClk
    system_tm4c123.o(.text.SystemCoreClockUpdate) refers to system_tm4c123.o(.data.SystemCoreClock) for SystemCoreClock
    system_tm4c123.o(.ARM.exidx.text.SystemCoreClockUpdate) refers to system_tm4c123.o(.text.SystemCoreClockUpdate) for [Anonymous Symbol]
    system_tm4c123.o(.ARM.exidx.text.getOscClk) refers to system_tm4c123.o(.text.getOscClk) for [Anonymous Symbol]
    system_tm4c123.o(.ARM.exidx.text.SystemInit) refers to system_tm4c123.o(.text.SystemInit) for [Anonymous Symbol]
    atan2.o(i.__hardfp_atan2) refers (Special) to iusefp.o(.text) for __I$use$fp
    atan2.o(i.__hardfp_atan2) refers to dunder.o(i.__mathlib_dbl_infnan2) for __mathlib_dbl_infnan2
    atan2.o(i.__hardfp_atan2) refers to atan.o(i.atan) for atan
    atan2.o(i.__hardfp_atan2) refers to ddiv.o(.text) for __aeabi_ddiv
    atan2.o(i.__hardfp_atan2) refers to fabs.o(i.fabs) for fabs
    atan2.o(i.__hardfp_atan2) refers to dadd.o(.text) for __aeabi_dsub
    atan2.o(i.__hardfp_atan2) refers to cdcmple.o(.text) for __aeabi_cdcmpeq
    atan2.o(i.__hardfp_atan2) refers to errno.o(i.__set_errno) for __set_errno
    atan2.o(i.__hardfp_atan2) refers to qnan.o(.constdata) for __mathlib_zero
    atan2.o(i.__softfp_atan2) refers (Special) to iusefp.o(.text) for __I$use$fp
    atan2.o(i.__softfp_atan2) refers to atan2.o(i.__hardfp_atan2) for __hardfp_atan2
    atan2.o(i.atan2) refers (Special) to iusefp.o(.text) for __I$use$fp
    atan2.o(i.atan2) refers to atan2.o(i.__hardfp_atan2) for __hardfp_atan2
    atof.o(i.__hardfp_atof) refers (Special) to iusefp.o(.text) for __I$use$fp
    atof.o(i.__hardfp_atof) refers to errno.o(i.__read_errno) for __read_errno
    atof.o(i.__hardfp_atof) refers to strtod.o(.text) for __strtod_int
    atof.o(i.__hardfp_atof) refers to errno.o(i.__set_errno) for __set_errno
    atof.o(i.__softfp_atof) refers (Special) to iusefp.o(.text) for __I$use$fp
    atof.o(i.__softfp_atof) refers to errno.o(i.__read_errno) for __read_errno
    atof.o(i.__softfp_atof) refers to strtod.o(.text) for __strtod_int
    atof.o(i.__softfp_atof) refers to errno.o(i.__set_errno) for __set_errno
    atof.o(i.atof) refers (Special) to iusefp.o(.text) for __I$use$fp
    atof.o(i.atof) refers to errno.o(i.__read_errno) for __read_errno
    atof.o(i.atof) refers to strtod.o(.text) for __strtod_int
    atof.o(i.atof) refers to errno.o(i.__set_errno) for __set_errno
    cos.o(i.__hardfp_cos) refers (Special) to iusefp.o(.text) for __I$use$fp
    cos.o(i.__hardfp_cos) refers to errno.o(i.__set_errno) for __set_errno
    cos.o(i.__hardfp_cos) refers to dunder.o(i.__mathlib_dbl_invalid) for __mathlib_dbl_invalid
    cos.o(i.__hardfp_cos) refers to dunder.o(i.__mathlib_dbl_infnan) for __mathlib_dbl_infnan
    cos.o(i.__hardfp_cos) refers to rred.o(i.__ieee754_rem_pio2) for __ieee754_rem_pio2
    cos.o(i.__hardfp_cos) refers to sin_i.o(i.__kernel_sin) for __kernel_sin
    cos.o(i.__hardfp_cos) refers to cos_i.o(i.__kernel_cos) for __kernel_cos
    cos.o(i.__softfp_cos) refers (Special) to iusefp.o(.text) for __I$use$fp
    cos.o(i.__softfp_cos) refers to cos.o(i.__hardfp_cos) for __hardfp_cos
    cos.o(i.cos) refers (Special) to iusefp.o(.text) for __I$use$fp
    cos.o(i.cos) refers to cos.o(i.__hardfp_cos) for __hardfp_cos
    pow.o(i.__hardfp_pow) refers (Special) to iusefp.o(.text) for __I$use$fp
    pow.o(i.__hardfp_pow) refers to dunder.o(i.__mathlib_dbl_infnan2) for __mathlib_dbl_infnan2
    pow.o(i.__hardfp_pow) refers to errno.o(i.__set_errno) for __set_errno
    pow.o(i.__hardfp_pow) refers to dunder.o(i.__mathlib_dbl_divzero) for __mathlib_dbl_divzero
    pow.o(i.__hardfp_pow) refers to dunder.o(i.__mathlib_dbl_overflow) for __mathlib_dbl_overflow
    pow.o(i.__hardfp_pow) refers to ddiv.o(.text) for __aeabi_ddiv
    pow.o(i.__hardfp_pow) refers to sqrt.o(i.sqrt) for sqrt
    pow.o(i.__hardfp_pow) refers to fabs.o(i.fabs) for fabs
    pow.o(i.__hardfp_pow) refers to dflti.o(.text) for __aeabi_i2d
    pow.o(i.__hardfp_pow) refers to dunder.o(i.__mathlib_dbl_invalid) for __mathlib_dbl_invalid
    pow.o(i.__hardfp_pow) refers to dmul.o(.text) for __aeabi_dmul
    pow.o(i.__hardfp_pow) refers to dunder.o(i.__mathlib_dbl_underflow) for __mathlib_dbl_underflow
    pow.o(i.__hardfp_pow) refers to dadd.o(.text) for __aeabi_dsub
    pow.o(i.__hardfp_pow) refers to qnan.o(.constdata) for __mathlib_zero
    pow.o(i.__hardfp_pow) refers to poly.o(i.__kernel_poly) for __kernel_poly
    pow.o(i.__hardfp_pow) refers to pow.o(.constdata) for .constdata
    pow.o(i.__hardfp_pow) refers to cdrcmple.o(.text) for __aeabi_cdrcmple
    pow.o(i.__hardfp_pow) refers to dscalb.o(.text) for __ARM_scalbn
    pow.o(i.__hardfp_pow) refers to fpclassify.o(i.__ARM_fpclassify) for __ARM_fpclassify
    pow.o(i.__softfp_pow) refers (Special) to iusefp.o(.text) for __I$use$fp
    pow.o(i.__softfp_pow) refers to pow.o(i.__hardfp_pow) for __hardfp_pow
    pow.o(i.pow) refers (Special) to iusefp.o(.text) for __I$use$fp
    pow.o(i.pow) refers to pow.o(i.__hardfp_pow) for __hardfp_pow
    pow.o(.constdata) refers (Special) to iusefp.o(.text) for __I$use$fp
    sin.o(i.__hardfp_sin) refers (Special) to iusefp.o(.text) for __I$use$fp
    sin.o(i.__hardfp_sin) refers to errno.o(i.__set_errno) for __set_errno
    sin.o(i.__hardfp_sin) refers to dunder.o(i.__mathlib_dbl_invalid) for __mathlib_dbl_invalid
    sin.o(i.__hardfp_sin) refers to dunder.o(i.__mathlib_dbl_infnan) for __mathlib_dbl_infnan
    sin.o(i.__hardfp_sin) refers to rred.o(i.__ieee754_rem_pio2) for __ieee754_rem_pio2
    sin.o(i.__hardfp_sin) refers to cos_i.o(i.__kernel_cos) for __kernel_cos
    sin.o(i.__hardfp_sin) refers to sin_i.o(i.__kernel_sin) for __kernel_sin
    sin.o(i.__softfp_sin) refers (Special) to iusefp.o(.text) for __I$use$fp
    sin.o(i.__softfp_sin) refers to sin.o(i.__hardfp_sin) for __hardfp_sin
    sin.o(i.sin) refers (Special) to iusefp.o(.text) for __I$use$fp
    sin.o(i.sin) refers to sin.o(i.__hardfp_sin) for __hardfp_sin
    sqrt.o(i.__hardfp_sqrt) refers (Special) to iusefp.o(.text) for __I$use$fp
    sqrt.o(i.__hardfp_sqrt) refers to dsqrt.o(.text) for _dsqrt
    sqrt.o(i.__hardfp_sqrt) refers to errno.o(i.__set_errno) for __set_errno
    sqrt.o(i.__softfp_sqrt) refers (Special) to iusefp.o(.text) for __I$use$fp
    sqrt.o(i.__softfp_sqrt) refers to dsqrt.o(.text) for _dsqrt
    sqrt.o(i.__softfp_sqrt) refers to errno.o(i.__set_errno) for __set_errno
    sqrt.o(i.sqrt) refers (Special) to iusefp.o(.text) for __I$use$fp
    sqrt.o(i.sqrt) refers to dsqrt.o(.text) for _dsqrt
    sqrt.o(i.sqrt) refers to errno.o(i.__set_errno) for __set_errno
    entry.o(.ARM.Collect$$$$00000000) refers (Special) to entry10a.o(.ARM.Collect$$$$0000000D) for __rt_final_cpp
    entry.o(.ARM.Collect$$$$00000000) refers (Special) to entry11a.o(.ARM.Collect$$$$0000000F) for __rt_final_exit
    entry.o(.ARM.Collect$$$$00000000) refers (Special) to entry7b.o(.ARM.Collect$$$$00000008) for _main_clock
    entry.o(.ARM.Collect$$$$00000000) refers (Special) to entry8b.o(.ARM.Collect$$$$0000000A) for _main_cpp_init
    entry.o(.ARM.Collect$$$$00000000) refers (Special) to entry9a.o(.ARM.Collect$$$$0000000B) for _main_init
    entry.o(.ARM.Collect$$$$00000000) refers (Special) to entry5.o(.ARM.Collect$$$$00000004) for _main_scatterload
    entry.o(.ARM.Collect$$$$00000000) refers (Special) to entry2.o(.ARM.Collect$$$$00000001) for _main_stk
    strtok.o(.text) refers to strtok.o(.data) for .data
    strtok_r.o(.text) refers to strtok_r.o(.data) for .data
    printfa.o(i.__0fprintf) refers (Special) to iusefp.o(.text) for __I$use$fp
    printfa.o(i.__0fprintf) refers to printfa.o(i._printf_core) for _printf_core
    printfa.o(i.__0fprintf) refers to fputc.o(i.fputc) for fputc
    printfa.o(i.__0printf) refers (Special) to iusefp.o(.text) for __I$use$fp
    printfa.o(i.__0printf) refers to printfa.o(i._printf_core) for _printf_core
    printfa.o(i.__0printf) refers to fputc.o(i.fputc) for fputc
    printfa.o(i.__0printf) refers to stdout.o(.data) for __stdout
    printfa.o(i.__0snprintf) refers (Special) to iusefp.o(.text) for __I$use$fp
    printfa.o(i.__0snprintf) refers to printfa.o(i._printf_core) for _printf_core
    printfa.o(i.__0snprintf) refers to printfa.o(i._snputc) for _snputc
    printfa.o(i.__0sprintf) refers (Special) to iusefp.o(.text) for __I$use$fp
    printfa.o(i.__0sprintf) refers to printfa.o(i._printf_core) for _printf_core
    printfa.o(i.__0sprintf) refers to printfa.o(i._sputc) for _sputc
    printfa.o(i.__0vfprintf) refers (Special) to iusefp.o(.text) for __I$use$fp
    printfa.o(i.__0vfprintf) refers to printfa.o(i._printf_core) for _printf_core
    printfa.o(i.__0vfprintf) refers to fputc.o(i.fputc) for fputc
    printfa.o(i.__0vprintf) refers (Special) to iusefp.o(.text) for __I$use$fp
    printfa.o(i.__0vprintf) refers to printfa.o(i._printf_core) for _printf_core
    printfa.o(i.__0vprintf) refers to fputc.o(i.fputc) for fputc
    printfa.o(i.__0vprintf) refers to stdout.o(.data) for __stdout
    printfa.o(i.__0vsnprintf) refers (Special) to iusefp.o(.text) for __I$use$fp
    printfa.o(i.__0vsnprintf) refers to printfa.o(i._printf_core) for _printf_core
    printfa.o(i.__0vsnprintf) refers to printfa.o(i._snputc) for _snputc
    printfa.o(i.__0vsprintf) refers (Special) to iusefp.o(.text) for __I$use$fp
    printfa.o(i.__0vsprintf) refers to printfa.o(i._printf_core) for _printf_core
    printfa.o(i.__0vsprintf) refers to printfa.o(i._sputc) for _sputc
    printfa.o(i._fp_digits) refers (Special) to iusefp.o(.text) for __I$use$fp
    printfa.o(i._fp_digits) refers to dmul.o(.text) for __aeabi_dmul
    printfa.o(i._fp_digits) refers to ddiv.o(.text) for __aeabi_ddiv
    printfa.o(i._fp_digits) refers to cdrcmple.o(.text) for __aeabi_cdrcmple
    printfa.o(i._fp_digits) refers to dadd.o(.text) for __aeabi_dadd
    printfa.o(i._fp_digits) refers to dfixul.o(.text) for __aeabi_d2ulz
    printfa.o(i._fp_digits) refers to uldiv.o(.text) for __aeabi_uldivmod
    printfa.o(i._printf_core) refers (Special) to iusefp.o(.text) for __I$use$fp
    printfa.o(i._printf_core) refers to printfa.o(i._printf_pre_padding) for _printf_pre_padding
    printfa.o(i._printf_core) refers to uldiv.o(.text) for __aeabi_uldivmod
    printfa.o(i._printf_core) refers to printfa.o(i._printf_post_padding) for _printf_post_padding
    printfa.o(i._printf_core) refers to printfa.o(i._fp_digits) for _fp_digits
    printfa.o(i._printf_core) refers to uidiv.o(.text) for __aeabi_uidivmod
    printfa.o(i._printf_post_padding) refers (Special) to iusefp.o(.text) for __I$use$fp
    printfa.o(i._printf_pre_padding) refers (Special) to iusefp.o(.text) for __I$use$fp
    printfa.o(i._snputc) refers (Special) to iusefp.o(.text) for __I$use$fp
    printfa.o(i._sputc) refers (Special) to iusefp.o(.text) for __I$use$fp
    dadd.o(.text) refers (Special) to iusefp.o(.text) for __I$use$fp
    dadd.o(.text) refers to llshl.o(.text) for __aeabi_llsl
    dadd.o(.text) refers to llsshr.o(.text) for __aeabi_lasr
    dadd.o(.text) refers to depilogue.o(.text) for _double_epilogue
    dmul.o(.text) refers (Special) to iusefp.o(.text) for __I$use$fp
    dmul.o(.text) refers to depilogue.o(.text) for _double_epilogue
    ddiv.o(.text) refers (Special) to iusefp.o(.text) for __I$use$fp
    ddiv.o(.text) refers to depilogue.o(.text) for _double_round
    dflti.o(.text) refers (Special) to iusefp.o(.text) for __I$use$fp
    dflti.o(.text) refers to depilogue.o(.text) for _double_epilogue
    dfixi.o(.text) refers (Special) to iusefp.o(.text) for __I$use$fp
    dfixi.o(.text) refers to llushr.o(.text) for __aeabi_llsr
    f2d.o(.text) refers (Special) to iusefp.o(.text) for __I$use$fp
    d2f.o(.text) refers (Special) to iusefp.o(.text) for __I$use$fp
    d2f.o(.text) refers to fepilogue.o(.text) for _float_round
    atan.o(i.__hardfp_atan) refers (Special) to iusefp.o(.text) for __I$use$fp
    atan.o(i.__hardfp_atan) refers to dunder.o(i.__mathlib_dbl_infnan) for __mathlib_dbl_infnan
    atan.o(i.__hardfp_atan) refers to fpclassify.o(i.__ARM_fpclassify) for __ARM_fpclassify
    atan.o(i.__hardfp_atan) refers to dunder.o(i.__mathlib_dbl_underflow) for __mathlib_dbl_underflow
    atan.o(i.__hardfp_atan) refers to fabs.o(i.fabs) for fabs
    atan.o(i.__hardfp_atan) refers to dadd.o(.text) for __aeabi_dadd
    atan.o(i.__hardfp_atan) refers to dmul.o(.text) for __aeabi_dmul
    atan.o(i.__hardfp_atan) refers to ddiv.o(.text) for __aeabi_ddiv
    atan.o(i.__hardfp_atan) refers to poly.o(i.__kernel_poly) for __kernel_poly
    atan.o(i.__hardfp_atan) refers to atan.o(.constdata) for .constdata
    atan.o(i.__softfp_atan) refers (Special) to iusefp.o(.text) for __I$use$fp
    atan.o(i.__softfp_atan) refers to atan.o(i.__hardfp_atan) for __hardfp_atan
    atan.o(i.atan) refers (Special) to iusefp.o(.text) for __I$use$fp
    atan.o(i.atan) refers to atan.o(i.__hardfp_atan) for __hardfp_atan
    atan.o(.constdata) refers (Special) to iusefp.o(.text) for __I$use$fp
    cos_i.o(i.__kernel_cos) refers (Special) to iusefp.o(.text) for __I$use$fp
    cos_i.o(i.__kernel_cos) refers to dfixi.o(.text) for __aeabi_d2iz
    cos_i.o(i.__kernel_cos) refers to dmul.o(.text) for __aeabi_dmul
    cos_i.o(i.__kernel_cos) refers to poly.o(i.__kernel_poly) for __kernel_poly
    cos_i.o(i.__kernel_cos) refers to dadd.o(.text) for __aeabi_dsub
    cos_i.o(i.__kernel_cos) refers to cos_i.o(.constdata) for .constdata
    cos_i.o(.constdata) refers (Special) to iusefp.o(.text) for __I$use$fp
    dunder.o(i.__mathlib_dbl_divzero) refers to ddiv.o(.text) for __aeabi_ddiv
    dunder.o(i.__mathlib_dbl_infnan) refers to dadd.o(.text) for __aeabi_dadd
    dunder.o(i.__mathlib_dbl_infnan2) refers to dadd.o(.text) for __aeabi_dadd
    dunder.o(i.__mathlib_dbl_invalid) refers to ddiv.o(.text) for __aeabi_ddiv
    dunder.o(i.__mathlib_dbl_overflow) refers to dmul.o(.text) for __aeabi_dmul
    dunder.o(i.__mathlib_dbl_posinfnan) refers to dmul.o(.text) for __aeabi_dmul
    dunder.o(i.__mathlib_dbl_underflow) refers to dmul.o(.text) for __aeabi_dmul
    fabs.o(i.__hardfp_fabs) refers (Special) to iusefp.o(.text) for __I$use$fp
    fabs.o(i.__softfp_fabs) refers (Special) to iusefp.o(.text) for __I$use$fp
    fabs.o(i.fabs) refers (Special) to iusefp.o(.text) for __I$use$fp
    fpclassify.o(i.__ARM_fpclassify) refers (Special) to iusefp.o(.text) for __I$use$fp
    poly.o(i.__kernel_poly) refers (Special) to iusefp.o(.text) for __I$use$fp
    poly.o(i.__kernel_poly) refers to dmul.o(.text) for __aeabi_dmul
    poly.o(i.__kernel_poly) refers to dadd.o(.text) for __aeabi_dadd
    qnan.o(.constdata) refers (Special) to iusefp.o(.text) for __I$use$fp
    rred.o(i.__ieee754_rem_pio2) refers (Special) to iusefp.o(.text) for __I$use$fp
    rred.o(i.__ieee754_rem_pio2) refers to dadd.o(.text) for __aeabi_dsub
    rred.o(i.__ieee754_rem_pio2) refers to fabs.o(i.fabs) for fabs
    rred.o(i.__ieee754_rem_pio2) refers to dmul.o(.text) for __aeabi_dmul
    rred.o(i.__ieee754_rem_pio2) refers to dfixi.o(.text) for __aeabi_d2iz
    rred.o(i.__ieee754_rem_pio2) refers to dflti.o(.text) for __aeabi_i2d
    rred.o(i.__ieee754_rem_pio2) refers to dfltui.o(.text) for __aeabi_ui2d
    rred.o(i.__ieee754_rem_pio2) refers to rred.o(.constdata) for .constdata
    rred.o(i.__use_accurate_range_reduction) refers (Special) to iusefp.o(.text) for __I$use$fp
    rred.o(.constdata) refers (Special) to iusefp.o(.text) for __I$use$fp
    sin_i.o(i.__kernel_sin) refers (Special) to iusefp.o(.text) for __I$use$fp
    sin_i.o(i.__kernel_sin) refers to fpclassify.o(i.__ARM_fpclassify) for __ARM_fpclassify
    sin_i.o(i.__kernel_sin) refers to dunder.o(i.__mathlib_dbl_underflow) for __mathlib_dbl_underflow
    sin_i.o(i.__kernel_sin) refers to dmul.o(.text) for __aeabi_dmul
    sin_i.o(i.__kernel_sin) refers to poly.o(i.__kernel_poly) for __kernel_poly
    sin_i.o(i.__kernel_sin) refers to dadd.o(.text) for __aeabi_dsub
    sin_i.o(i.__kernel_sin) refers to sin_i.o(.constdata) for .constdata
    sin_i.o(.constdata) refers (Special) to iusefp.o(.text) for __I$use$fp
    entry2.o(.ARM.Collect$$$$00000001) refers to entry2.o(.ARM.Collect$$$$00002712) for __lit__00000000
    entry2.o(.ARM.Collect$$$$00002712) refers to startup_tm4c123.o(STACK) for __initial_sp
    entry2.o(__vectab_stack_and_reset_area) refers to startup_tm4c123.o(STACK) for __initial_sp
    entry2.o(__vectab_stack_and_reset_area) refers to entry.o(.ARM.Collect$$$$00000000) for __main
    entry5.o(.ARM.Collect$$$$00000004) refers to init.o(.text) for __scatterload
    entry9a.o(.ARM.Collect$$$$0000000B) refers to main.o(.text.main) for main
    entry9b.o(.ARM.Collect$$$$0000000C) refers to main.o(.text.main) for main
    fputc.o(i.fputc) refers (Special) to iusesemip.o(.text) for __I$use$semihosting$fputc
    fputc.o(i.fputc) refers (Special) to semi.o(.text) for __semihosting_library_function
    fputc_h.o(i._fputc$hlt) refers (Special) to iusesemip.o(.text) for __I$use$semihosting$fputc
    fputc_h.o(i._fputc$hlt) refers (Special) to semi.o(.text) for __semihosting_library_function
    uldiv.o(.text) refers to llushr.o(.text) for __aeabi_llsr
    uldiv.o(.text) refers to llshl.o(.text) for __aeabi_llsl
    errno.o(i.__aeabi_errno_addr) refers to errno.o(.data) for .data
    errno.o(i.__read_errno) refers to errno.o(.data) for .data
    errno.o(i.__set_errno) refers to errno.o(.data) for .data
    strtod.o(.text) refers to scanf_fp.o(.text) for _scanf_real
    strtod.o(.text) refers to _sgetc.o(.text) for _sgetc
    strtod.o(.text) refers to isspace_c.o(.text) for isspace
    fepilogue.o(.text) refers (Special) to iusefp.o(.text) for __I$use$fp
    depilogue.o(.text) refers (Special) to iusefp.o(.text) for __I$use$fp
    depilogue.o(.text) refers to llshl.o(.text) for __aeabi_llsl
    depilogue.o(.text) refers to llushr.o(.text) for __aeabi_llsr
    dneg.o(.text) refers (Special) to iusefp.o(.text) for __I$use$fp
    dscalb.o(.text) refers (Special) to iusefp.o(.text) for __I$use$fp
    dsqrt.o(.text) refers (Special) to iusefp.o(.text) for __I$use$fp
    dsqrt.o(.text) refers to llushr.o(.text) for __aeabi_llsr
    dsqrt.o(.text) refers to depilogue.o(.text) for _double_round
    dfixul.o(.text) refers (Special) to iusefp.o(.text) for __I$use$fp
    dfixul.o(.text) refers to llushr.o(.text) for __aeabi_llsr
    dfixul.o(.text) refers to llshl.o(.text) for __aeabi_llsl
    cdcmple.o(.text) refers (Special) to iusefp.o(.text) for __I$use$fp
    cdrcmple.o(.text) refers (Special) to iusefp.o(.text) for __I$use$fp
    init.o(.text) refers to entry5.o(.ARM.Collect$$$$00000004) for __main_after_scatterload
    isspace_c.o(.text) refers to ctype_c.o(.text) for __ctype_lookup
    scanf_fp.o(.text) refers (Special) to iusefp.o(.text) for __I$use$fp
    scanf_fp.o(.text) refers to dfltul.o(.text) for __aeabi_ul2d
    scanf_fp.o(.text) refers to dmul.o(.text) for __aeabi_dmul
    scanf_fp.o(.text) refers to ddiv.o(.text) for __aeabi_ddiv
    scanf_fp.o(.text) refers to scanf_fp.o(i._is_digit) for _is_digit
    scanf_fp.o(.text) refers to d2f.o(.text) for __aeabi_d2f
    dfltui.o(.text) refers (Special) to iusefp.o(.text) for __I$use$fp
    dfltui.o(.text) refers to depilogue.o(.text) for _double_epilogue
    ctype_c.o(.text) refers to ctype_c.o(.constdata) for .constdata
    dfltul.o(.text) refers (Special) to iusefp.o(.text) for __I$use$fp
    dfltul.o(.text) refers to depilogue.o(.text) for _double_epilogue
    scanf_fp.o(i._is_digit) refers (Special) to iusefp.o(.text) for __I$use$fp


==============================================================================

Removing Unused input sections from the image.

    Removing eeprom_program.o(.text), (0 bytes).
    Removing eeprom_program.o(.text.init_EEPROM), (102 bytes).
    Removing eeprom_program.o(.ARM.exidx.text.init_EEPROM), (8 bytes).
    Removing eeprom_program.o(.ARM.exidx.text.write_EEPROM), (8 bytes).
    Removing eeprom_program.o(.text.read_EEPROM), (54 bytes).
    Removing eeprom_program.o(.ARM.exidx.text.read_EEPROM), (8 bytes).
    Removing eeprom_program.o(.ARM.exidx.text.write_Array_EEPROM), (8 bytes).
    Removing eeprom_program.o(.text.read_Array_EEPROM), (136 bytes).
    Removing eeprom_program.o(.ARM.exidx.text.read_Array_EEPROM), (8 bytes).
    Removing gpio_program.o(.text), (0 bytes).
    Removing gpio_program.o(.ARM.exidx.text.GPIO_voidInit_port_F), (8 bytes).
    Removing gpio_program.o(.ARM.exidx.text.GPIO_voidInit_port_A), (8 bytes).
    Removing gpio_program.o(.text.GPIO_u8Get_Switch), (92 bytes).
    Removing gpio_program.o(.ARM.exidx.text.GPIO_u8Get_Switch), (8 bytes).
    Removing gpio_program.o(.ARM.exidx.text.GPIO_u8Set_Switch), (8 bytes).
    Removing gpio_program.o(.text.Led_controlled), (218 bytes).
    Removing gpio_program.o(.ARM.exidx.text.Led_controlled), (8 bytes).
    Removing gpio_program.o(.ARM.exidx.text.GPIO_voidRGB_LED), (8 bytes).
    Removing gpio_program.o(.text.GPIO_voidSet_Pin_value), (490 bytes).
    Removing gpio_program.o(.ARM.exidx.text.GPIO_voidSet_Pin_value), (8 bytes).
    Removing gpio_program.o(.text.GPIO_voidToggle_pin), (196 bytes).
    Removing gpio_program.o(.ARM.exidx.text.GPIO_voidToggle_pin), (8 bytes).
    Removing gpio_program.o(.text.GPIO_voidGet_Pin_Value), (210 bytes).
    Removing gpio_program.o(.ARM.exidx.text.GPIO_voidGet_Pin_Value), (8 bytes).
    Removing uart_program.o(.text), (0 bytes).
    Removing uart_program.o(.ARM.exidx.text.UART_u8Init), (8 bytes).
    Removing uart_program.o(.ARM.exidx.text.UART_u8SendByte), (8 bytes).
    Removing uart_program.o(.ARM.exidx.text.UART_u8ReceiveByte), (8 bytes).
    Removing uart_program.o(.ARM.exidx.text.UART_u8SendString), (8 bytes).
    Removing uart_program.o(.text.UART_u8ReceiveString), (100 bytes).
    Removing uart_program.o(.ARM.exidx.text.UART_u8ReceiveString), (8 bytes).
    Removing main.o(.text), (0 bytes).
    Removing main.o(.ARM.exidx.text.main), (8 bytes).
    Removing main.o(.ARM.use_no_argv), (4 bytes).
    Removing fonts.o(.text), (0 bytes).
    Removing fonts.o(.rodata.Font7x10), (1900 bytes).
    Removing fonts.o(.data.Font_7x10), (8 bytes).
    Removing fonts.o(.data.Font_11x18), (8 bytes).
    Removing fonts.o(.data.Font_16x26), (8 bytes).
    Removing fonts.o(.rodata.Font11x18), (3420 bytes).
    Removing fonts.o(.rodata.Font16x26), (4940 bytes).
    Removing sys_tick.o(.text), (0 bytes).
    Removing sys_tick.o(.text.MCAL_STK_SetReloadValue), (20 bytes).
    Removing sys_tick.o(.ARM.exidx.text.MCAL_STK_SetReloadValue), (8 bytes).
    Removing sys_tick.o(.ARM.exidx.text.SysTick_Delay10ms), (8 bytes).
    Removing sys_tick.o(.ARM.exidx.text.SysTick_Delay), (8 bytes).
    Removing sys_tick.o(.text.get_SysTick_Ticks), (46 bytes).
    Removing sys_tick.o(.ARM.exidx.text.get_SysTick_Ticks), (8 bytes).
    Removing sys_tick.o(.ARM.exidx.text.SysTick_Init), (8 bytes).
    Removing gps_program.o(.text), (0 bytes).
    Removing gps_program.o(.ARM.exidx.text.GPS_Read), (8 bytes).
    Removing gps_program.o(.ARM.exidx.text.todegree), (8 bytes).
    Removing gps_program.o(.ARM.exidx.text.torad), (8 bytes).
    Removing gps_program.o(.ARM.exidx.text.calcDistance), (8 bytes).
    Removing ssi.o(.text), (0 bytes).
    Removing ssi.o(.ARM.exidx.text.SSI_INIT), (8 bytes).
    Removing ssi.o(.ARM.exidx.text.SSI_SEND_BYTE), (8 bytes).
    Removing ssi.o(.text.SSI_Disable_Transfer), (18 bytes).
    Removing ssi.o(.ARM.exidx.text.SSI_Disable_Transfer), (8 bytes).
    Removing ssi.o(.ARM.exidx.text.SSI_SEND_ARRAY_OF_BYTES), (8 bytes).
    Removing ssi.o(.text.SSI_RECEIVE_BYTE), (8 bytes).
    Removing ssi.o(.ARM.exidx.text.SSI_RECEIVE_BYTE), (8 bytes).
    Removing dio.o(.text), (0 bytes).
    Removing dio.o(.text.Dio_ReadChannel), (60 bytes).
    Removing dio.o(.ARM.exidx.text.Dio_ReadChannel), (8 bytes).
    Removing dio.o(.ARM.exidx.text.Dio_WriteChannel), (8 bytes).
    Removing dio.o(.text.Dio_ReadPort), (30 bytes).
    Removing dio.o(.ARM.exidx.text.Dio_ReadPort), (8 bytes).
    Removing dio.o(.text.Dio_WritePort), (36 bytes).
    Removing dio.o(.ARM.exidx.text.Dio_WritePort), (8 bytes).
    Removing dio.o(.text.Dio_FlipChannel), (64 bytes).
    Removing dio.o(.ARM.exidx.text.Dio_FlipChannel), (8 bytes).
    Removing dio.o(.text.Dio_FlipPort), (10 bytes).
    Removing dio.o(.ARM.exidx.text.Dio_FlipPort), (8 bytes).
    Removing nvic.o(.text), (0 bytes).
    Removing nvic.o(.text.NVIC_init), (190 bytes).
    Removing nvic.o(.ARM.exidx.text.NVIC_init), (8 bytes).
    Removing port.o(.text), (0 bytes).
    Removing port.o(.ARM.exidx.text.PORT_init), (8 bytes).
    Removing sysctr.o(.text), (0 bytes).
    Removing sysctr.o(.ARM.exidx.text.SysCtr_init), (8 bytes).
    Removing sysctr.o(.text.SysCtr_getSysClockFreq), (12 bytes).
    Removing sysctr.o(.ARM.exidx.text.SysCtr_getSysClockFreq), (8 bytes).
    Removing st7735.o(.text), (0 bytes).
    Removing st7735.o(.ARM.exidx.text.writeCommand), (8 bytes).
    Removing st7735.o(.ARM.exidx.text.ST7735_Init), (8 bytes).
    Removing st7735.o(.ARM.exidx.text.writeData), (8 bytes).
    Removing st7735.o(.ARM.exidx.text.write_Array_Of_Data), (8 bytes).
    Removing st7735.o(.ARM.exidx.text.Define_Window), (8 bytes).
    Removing st7735.o(.ARM.exidx.text.pushColour), (8 bytes).
    Removing st7735.o(.ARM.exidx.text.ST7735_drawPixel), (8 bytes).
    Removing st7735.o(.ARM.exidx.text.ST7735_fillRect), (8 bytes).
    Removing st7735.o(.text.ST7735_Draw_image), (60 bytes).
    Removing st7735.o(.ARM.exidx.text.ST7735_Draw_image), (8 bytes).
    Removing st7735.o(.ARM.exidx.text.ST7735_drawChar), (8 bytes).
    Removing st7735.o(.ARM.exidx.text.ST7735_drawString), (8 bytes).
    Removing processor.o(.text), (0 bytes).
    Removing processor.o(.text.PROCESSOR_enableGlobalInt), (18 bytes).
    Removing processor.o(.ARM.exidx.text.PROCESSOR_enableGlobalInt), (8 bytes).
    Removing processor.o(.text.PROCESSOR_switchMode), (26 bytes).
    Removing processor.o(.ARM.exidx.text.PROCESSOR_switchMode), (8 bytes).
    Removing processor.o(.text.PROCESSOR_disableGlobalInt), (18 bytes).
    Removing processor.o(.ARM.exidx.text.PROCESSOR_disableGlobalInt), (8 bytes).
    Removing processor.o(.text.PROCESSOR_SvcHandler), (52 bytes).
    Removing processor.o(.ARM.exidx.text.PROCESSOR_SvcHandler), (8 bytes).
    Removing processor.o(.bss.gPROCESSOR_ModeType_Mode_Buffer), (1 bytes).
    Removing delay_ms.o(.text), (0 bytes).
    Removing delay_ms.o(.ARM.exidx.text.delay_ms), (8 bytes).
    Removing mcu_hw.o(.text), (0 bytes).
    Removing nvic_lcfg.o(.text), (0 bytes).
    Removing nvic_lcfg.o(.rodata.NVIC_CfgArr), (20 bytes).
    Removing port_lcfg.o(.text), (0 bytes).
    Removing ssi_lcfg.o(.text), (0 bytes).
    Removing sysctr_cfg.o(.text), (0 bytes).
    Removing uart_.o(.text), (0 bytes).
    Removing uart_.o(.text.UART0_Init), (178 bytes).
    Removing uart_.o(.ARM.exidx.text.UART0_Init), (8 bytes).
    Removing uart_.o(.text.UART0_getChar), (36 bytes).
    Removing uart_.o(.ARM.exidx.text.UART0_getChar), (8 bytes).
    Removing uart_.o(.text.UART0_OutChar), (46 bytes).
    Removing uart_.o(.ARM.exidx.text.UART0_OutChar), (8 bytes).
    Removing uart_.o(.text.UART0_OutString), (36 bytes).
    Removing uart_.o(.ARM.exidx.text.UART0_OutString), (8 bytes).
    Removing uart_.o(.text.GetCommand_UART0), (100 bytes).
    Removing uart_.o(.ARM.exidx.text.GetCommand_UART0), (8 bytes).
    Removing uart_.o(.text.UART1_Init), (178 bytes).
    Removing uart_.o(.ARM.exidx.text.UART1_Init), (8 bytes).
    Removing uart_.o(.ARM.exidx.text.UART1_getChar), (8 bytes).
    Removing uart_.o(.text.UART1_OutChar), (46 bytes).
    Removing uart_.o(.ARM.exidx.text.UART1_OutChar), (8 bytes).
    Removing uart_.o(.text.UART1_OutString), (36 bytes).
    Removing uart_.o(.ARM.exidx.text.UART1_OutString), (8 bytes).
    Removing uart_.o(.text.GetCommand_UART1), (82 bytes).
    Removing uart_.o(.ARM.exidx.text.GetCommand_UART1), (8 bytes).
    Removing uart_.o(.text.GetCommand_UART1_Modified), (82 bytes).
    Removing uart_.o(.ARM.exidx.text.GetCommand_UART1_Modified), (8 bytes).
    Removing ftos.o(.text), (0 bytes).
    Removing ftos.o(.ARM.exidx.text.ftos), (8 bytes).
    Removing iota.o(.text), (0 bytes).
    Removing iota.o(.ARM.exidx.text.reverse), (8 bytes).
    Removing iota.o(.ARM.exidx.text.itoa), (8 bytes).
    Removing startup_tm4c123.o(HEAP), (0 bytes).
    Removing system_tm4c123.o(.text), (0 bytes).
    Removing system_tm4c123.o(.text.SystemCoreClockUpdate), (326 bytes).
    Removing system_tm4c123.o(.ARM.exidx.text.SystemCoreClockUpdate), (8 bytes).
    Removing system_tm4c123.o(.text.getOscClk), (360 bytes).
    Removing system_tm4c123.o(.ARM.exidx.text.getOscClk), (8 bytes).
    Removing system_tm4c123.o(.ARM.exidx.text.SystemInit), (8 bytes).
    Removing system_tm4c123.o(.data.SystemCoreClock), (4 bytes).
    Removing dneg.o(.text), (6 bytes).

150 unused section(s) (total 14707 bytes) removed from the image.
