Component: Arm Compiler for Embedded 6.21 Tool: armlink [5ec1fa00]

==============================================================================

Section Cross References

    eeprom_program.o(.ARM.exidx.text.init_EEPROM) refers to eeprom_program.o(.text.init_EEPROM) for [Anonymous Symbol]
    eeprom_program.o(.ARM.exidx.text.write_EEPROM) refers to eeprom_program.o(.text.write_EEPROM) for [Anonymous Symbol]
    eeprom_program.o(.ARM.exidx.text.read_EEPROM) refers to eeprom_program.o(.text.read_EEPROM) for [Anonymous Symbol]
    eeprom_program.o(.text.write_Array_EEPROM) refers to eeprom_program.o(.text.write_EEPROM) for write_EEPROM
    eeprom_program.o(.ARM.exidx.text.write_Array_EEPROM) refers to eeprom_program.o(.text.write_Array_EEPROM) for [Anonymous Symbol]
    eeprom_program.o(.text.read_Array_EEPROM) refers to eeprom_program.o(.text.read_EEPROM) for read_EEPROM
    eeprom_program.o(.ARM.exidx.text.read_Array_EEPROM) refers to eeprom_program.o(.text.read_Array_EEPROM) for [Anonymous Symbol]
    gpio_program.o(.ARM.exidx.text.GPIO_voidInit_port_F) refers to gpio_program.o(.text.GPIO_voidInit_port_F) for [Anonymous Symbol]
    gpio_program.o(.ARM.exidx.text.GPIO_voidInit_port_A) refers to gpio_program.o(.text.GPIO_voidInit_port_A) for [Anonymous Symbol]
    gpio_program.o(.ARM.exidx.text.GPIO_u8Get_Switch) refers to gpio_program.o(.text.GPIO_u8Get_Switch) for [Anonymous Symbol]
    gpio_program.o(.ARM.exidx.text.Led_controlled) refers to gpio_program.o(.text.Led_controlled) for [Anonymous Symbol]
    gpio_program.o(.ARM.exidx.text.GPIO_voidRGB_LED) refers to gpio_program.o(.text.GPIO_voidRGB_LED) for [Anonymous Symbol]
    gpio_program.o(.ARM.exidx.text.GPIO_voidSet_Pin_value) refers to gpio_program.o(.text.GPIO_voidSet_Pin_value) for [Anonymous Symbol]
    gpio_program.o(.ARM.exidx.text.GPIO_voidToggle_pin) refers to gpio_program.o(.text.GPIO_voidToggle_pin) for [Anonymous Symbol]
    gpio_program.o(.ARM.exidx.text.GPIO_voidGet_Pin_Value) refers to gpio_program.o(.text.GPIO_voidGet_Pin_Value) for [Anonymous Symbol]
    uart_program.o(.ARM.exidx.text.UART_u8Init) refers to uart_program.o(.text.UART_u8Init) for [Anonymous Symbol]
    uart_program.o(.ARM.exidx.text.UART_u8SendByte) refers to uart_program.o(.text.UART_u8SendByte) for [Anonymous Symbol]
    uart_program.o(.ARM.exidx.text.UART_u8ReceiveByte) refers to uart_program.o(.text.UART_u8ReceiveByte) for [Anonymous Symbol]
    uart_program.o(.text.UART_u8SendString) refers to uart_program.o(.text.UART_u8SendByte) for UART_u8SendByte
    uart_program.o(.ARM.exidx.text.UART_u8SendString) refers to uart_program.o(.text.UART_u8SendString) for [Anonymous Symbol]
    uart_program.o(.text.UART_u8ReceiveString) refers to uart_program.o(.text.UART_u8ReceiveByte) for UART_u8ReceiveByte
    uart_program.o(.ARM.exidx.text.UART_u8ReceiveString) refers to uart_program.o(.text.UART_u8ReceiveString) for [Anonymous Symbol]
    main.o(.ARM.exidx.text.reverse) refers to main.o(.text.reverse) for [Anonymous Symbol]
    main.o(.text.itoa) refers to main.o(.text.reverse) for reverse
    main.o(.ARM.exidx.text.itoa) refers to main.o(.text.itoa) for [Anonymous Symbol]
    main.o(.ARM.exidx.text.UART0_Init) refers to main.o(.text.UART0_Init) for [Anonymous Symbol]
    main.o(.ARM.exidx.text.UART0_getChar) refers to main.o(.text.UART0_getChar) for [Anonymous Symbol]
    main.o(.ARM.exidx.text.UART0_OutChar) refers to main.o(.text.UART0_OutChar) for [Anonymous Symbol]
    main.o(.text.UART0_OutString) refers to main.o(.text.UART0_OutChar) for UART0_OutChar
    main.o(.ARM.exidx.text.UART0_OutString) refers to main.o(.text.UART0_OutString) for [Anonymous Symbol]
    main.o(.text.GetCommand_UART0) refers to main.o(.text.UART0_getChar) for UART0_getChar
    main.o(.text.GetCommand_UART0) refers to main.o(.text.UART0_OutChar) for UART0_OutChar
    main.o(.ARM.exidx.text.GetCommand_UART0) refers to main.o(.text.GetCommand_UART0) for [Anonymous Symbol]
    main.o(.ARM.exidx.text.UART1_Init) refers to main.o(.text.UART1_Init) for [Anonymous Symbol]
    main.o(.ARM.exidx.text.UART1_getChar) refers to main.o(.text.UART1_getChar) for [Anonymous Symbol]
    main.o(.ARM.exidx.text.UART1_OutChar) refers to main.o(.text.UART1_OutChar) for [Anonymous Symbol]
    main.o(.text.UART1_OutString) refers to main.o(.text.UART1_OutChar) for UART1_OutChar
    main.o(.ARM.exidx.text.UART1_OutString) refers to main.o(.text.UART1_OutString) for [Anonymous Symbol]
    main.o(.text.GetCommand_UART1) refers to main.o(.text.UART1_getChar) for UART1_getChar
    main.o(.ARM.exidx.text.GetCommand_UART1) refers to main.o(.text.GetCommand_UART1) for [Anonymous Symbol]
    main.o(.text.GetCommand_UART1_Modified) refers to main.o(.text.UART1_getChar) for UART1_getChar
    main.o(.ARM.exidx.text.GetCommand_UART1_Modified) refers to main.o(.text.GetCommand_UART1_Modified) for [Anonymous Symbol]
    main.o(.text.main) refers to memseta.o(.text) for __aeabi_memclr
    main.o(.text.main) refers to main.o(.text.UART0_Init) for UART0_Init
    main.o(.text.main) refers to main.o(.text.UART1_Init) for UART1_Init
    main.o(.text.main) refers to main.o(.text.GetCommand_UART1) for GetCommand_UART1
    main.o(.text.main) refers to main.o(.text.UART0_OutString) for UART0_OutString
    main.o(.ARM.exidx.text.main) refers to main.o(.text.main) for [Anonymous Symbol]
    fonts.o(.data.Font_7x10) refers to fonts.o(.rodata.Font7x10) for [Anonymous Symbol]
    fonts.o(.data.Font_11x18) refers to fonts.o(.rodata.Font11x18) for [Anonymous Symbol]
    fonts.o(.data.Font_16x26) refers to fonts.o(.rodata.Font16x26) for [Anonymous Symbol]
    sys_tick.o(.ARM.exidx.text.MCAL_STK_SetReloadValue) refers to sys_tick.o(.text.MCAL_STK_SetReloadValue) for [Anonymous Symbol]
    sys_tick.o(.text.SysTick_Delay10ms) refers to sys_tick.o(.text.SysTick_Delay) for SysTick_Delay
    sys_tick.o(.ARM.exidx.text.SysTick_Delay10ms) refers to sys_tick.o(.text.SysTick_Delay10ms) for [Anonymous Symbol]
    sys_tick.o(.ARM.exidx.text.SysTick_Delay) refers to sys_tick.o(.text.SysTick_Delay) for [Anonymous Symbol]
    sys_tick.o(.ARM.exidx.text.get_SysTick_Ticks) refers to sys_tick.o(.text.get_SysTick_Ticks) for [Anonymous Symbol]
    sys_tick.o(.ARM.exidx.text.SysTick_Init) refers to sys_tick.o(.text.SysTick_Init) for [Anonymous Symbol]
    gps_program.o(.text.GPS_Read) refers to uart_program.o(.text.UART_u8ReceiveByte) for UART_u8ReceiveByte
    gps_program.o(.text.GPS_Read) refers to gps_program.o(.rodata.str1.1) for .L.str
    gps_program.o(.text.GPS_Read) refers to st7735.o(.text.ST7735_drawString) for ST7735_drawString
    gps_program.o(.text.GPS_Read) refers to strcpy.o(.text) for strcpy
    gps_program.o(.text.GPS_Read) refers to gps_program.o(.bss.GPS_Counter) for GPS_Counter
    gps_program.o(.text.GPS_Read) refers to strtok.o(.text) for strtok
    gps_program.o(.text.GPS_Read) refers to strcmp.o(.text) for strcmp
    gps_program.o(.text.GPS_Read) refers to atof.o(i.__hardfp_atof) for __hardfp_atof
    gps_program.o(.text.GPS_Read) refers to d2f.o(.text) for __aeabi_d2f
    gps_program.o(.text.GPS_Read) refers to gps_program.o(.bss.currentLatitude) for currentLatitude
    gps_program.o(.text.GPS_Read) refers to gps_program.o(.bss.currentLongitude) for currentLongitude
    gps_program.o(.ARM.exidx.text.GPS_Read) refers to gps_program.o(.text.GPS_Read) for [Anonymous Symbol]
    gps_program.o(.text.todegree) refers to ddiv.o(.text) for __aeabi_ddiv
    gps_program.o(.text.todegree) refers to dfixi.o(.text) for __aeabi_d2iz
    gps_program.o(.text.todegree) refers to dflti.o(.text) for __aeabi_i2d
    gps_program.o(.text.todegree) refers to dmul.o(.text) for __aeabi_dmul
    gps_program.o(.text.todegree) refers to dadd.o(.text) for __aeabi_dsub
    gps_program.o(.ARM.exidx.text.todegree) refers to gps_program.o(.text.todegree) for [Anonymous Symbol]
    gps_program.o(.text.torad) refers to dmul.o(.text) for __aeabi_dmul
    gps_program.o(.text.torad) refers to ddiv.o(.text) for __aeabi_ddiv
    gps_program.o(.ARM.exidx.text.torad) refers to gps_program.o(.text.torad) for [Anonymous Symbol]
    gps_program.o(.text.calcDistance) refers to f2d.o(.text) for __aeabi_f2d
    gps_program.o(.text.calcDistance) refers to gps_program.o(.text.todegree) for todegree
    gps_program.o(.text.calcDistance) refers to gps_program.o(.text.torad) for torad
    gps_program.o(.text.calcDistance) refers to d2f.o(.text) for __aeabi_d2f
    gps_program.o(.text.calcDistance) refers to ddiv.o(.text) for __aeabi_ddiv
    gps_program.o(.text.calcDistance) refers to sin.o(i.__hardfp_sin) for __hardfp_sin
    gps_program.o(.text.calcDistance) refers to pow.o(i.__hardfp_pow) for __hardfp_pow
    gps_program.o(.text.calcDistance) refers to cos.o(i.__hardfp_cos) for __hardfp_cos
    gps_program.o(.text.calcDistance) refers to dmul.o(.text) for __aeabi_dmul
    gps_program.o(.text.calcDistance) refers to dadd.o(.text) for __aeabi_dadd
    gps_program.o(.text.calcDistance) refers to sqrt.o(i.__hardfp_sqrt) for __hardfp_sqrt
    gps_program.o(.text.calcDistance) refers to atan2.o(i.__hardfp_atan2) for __hardfp_atan2
    gps_program.o(.text.calcDistance) refers to gps_program.o(.bss.distance) for distance
    gps_program.o(.ARM.exidx.text.calcDistance) refers to gps_program.o(.text.calcDistance) for [Anonymous Symbol]
    ssi.o(.text.SSI_INIT) refers to ssi_lcfg.o(.rodata.str_SSI_Config) for str_SSI_Config
    ssi.o(.ARM.exidx.text.SSI_INIT) refers to ssi.o(.text.SSI_INIT) for [Anonymous Symbol]
    ssi.o(.ARM.exidx.text.SSI_SEND_BYTE) refers to ssi.o(.text.SSI_SEND_BYTE) for [Anonymous Symbol]
    ssi.o(.ARM.exidx.text.SSI_Disable_Transfer) refers to ssi.o(.text.SSI_Disable_Transfer) for [Anonymous Symbol]
    ssi.o(.text.SSI_SEND_ARRAY_OF_BYTES) refers to ssi.o(.text.SSI_SEND_BYTE) for SSI_SEND_BYTE
    ssi.o(.ARM.exidx.text.SSI_SEND_ARRAY_OF_BYTES) refers to ssi.o(.text.SSI_SEND_ARRAY_OF_BYTES) for [Anonymous Symbol]
    ssi.o(.ARM.exidx.text.SSI_RECEIVE_BYTE) refers to ssi.o(.text.SSI_RECEIVE_BYTE) for [Anonymous Symbol]
    dio.o(.text.Dio_ReadChannel) refers to mcu_hw.o(.data.Array_of_pntr_to_GPIO_APB_GPI0_APB_BaseAddrArr) for Array_of_pntr_to_GPIO_APB_GPI0_APB_BaseAddrArr
    dio.o(.ARM.exidx.text.Dio_ReadChannel) refers to dio.o(.text.Dio_ReadChannel) for [Anonymous Symbol]
    dio.o(.text.Dio_WriteChannel) refers to mcu_hw.o(.data.Array_of_pntr_to_GPIO_APB_GPI0_APB_BaseAddrArr) for Array_of_pntr_to_GPIO_APB_GPI0_APB_BaseAddrArr
    dio.o(.ARM.exidx.text.Dio_WriteChannel) refers to dio.o(.text.Dio_WriteChannel) for [Anonymous Symbol]
    dio.o(.text.Dio_ReadPort) refers to mcu_hw.o(.data.Array_of_pntr_to_GPIO_APB_GPI0_APB_BaseAddrArr) for Array_of_pntr_to_GPIO_APB_GPI0_APB_BaseAddrArr
    dio.o(.ARM.exidx.text.Dio_ReadPort) refers to dio.o(.text.Dio_ReadPort) for [Anonymous Symbol]
    dio.o(.text.Dio_WritePort) refers to mcu_hw.o(.data.Array_of_pntr_to_GPIO_APB_GPI0_APB_BaseAddrArr) for Array_of_pntr_to_GPIO_APB_GPI0_APB_BaseAddrArr
    dio.o(.ARM.exidx.text.Dio_WritePort) refers to dio.o(.text.Dio_WritePort) for [Anonymous Symbol]
    dio.o(.text.Dio_FlipChannel) refers to mcu_hw.o(.data.Array_of_pntr_to_GPIO_APB_GPI0_APB_BaseAddrArr) for Array_of_pntr_to_GPIO_APB_GPI0_APB_BaseAddrArr
    dio.o(.ARM.exidx.text.Dio_FlipChannel) refers to dio.o(.text.Dio_FlipChannel) for [Anonymous Symbol]
    dio.o(.ARM.exidx.text.Dio_FlipPort) refers to dio.o(.text.Dio_FlipPort) for [Anonymous Symbol]
    nvic.o(.text.NVIC_init) refers to processor.o(.text.PROCESSOR_switchMode) for PROCESSOR_switchMode
    nvic.o(.text.NVIC_init) refers to nvic_lcfg.o(.rodata.NVIC_CfgArr) for NVIC_CfgArr
    nvic.o(.ARM.exidx.text.NVIC_init) refers to nvic.o(.text.NVIC_init) for [Anonymous Symbol]
    port.o(.text.PORT_init) refers to mcu_hw.o(.data.Array_of_pntr_to_GPIO_APB_GPI0_APB_BaseAddrArr) for Array_of_pntr_to_GPIO_APB_GPI0_APB_BaseAddrArr
    port.o(.text.PORT_init) refers to port_lcfg.o(.data.PortCfgArr) for PortCfgArr
    port.o(.ARM.exidx.text.PORT_init) refers to port.o(.text.PORT_init) for [Anonymous Symbol]
    sysctr.o(.text.SysCtr_init) refers to sysctr_cfg.o(.rodata.gSysCtr_cfg) for gSysCtr_cfg
    sysctr.o(.text.SysCtr_init) refers to mcu_hw.o(.data.au8_RCG_INDEX) for au8_RCG_INDEX
    sysctr.o(.ARM.exidx.text.SysCtr_init) refers to sysctr.o(.text.SysCtr_init) for [Anonymous Symbol]
    sysctr.o(.text.SysCtr_getSysClockFreq) refers to sysctr_cfg.o(.rodata.gSysCtr_cfg) for gSysCtr_cfg
    sysctr.o(.ARM.exidx.text.SysCtr_getSysClockFreq) refers to sysctr.o(.text.SysCtr_getSysClockFreq) for [Anonymous Symbol]
    st7735.o(.text.writeCommand) refers to dio.o(.text.Dio_WriteChannel) for Dio_WriteChannel
    st7735.o(.text.writeCommand) refers to ssi.o(.text.SSI_SEND_BYTE) for SSI_SEND_BYTE
    st7735.o(.ARM.exidx.text.writeCommand) refers to st7735.o(.text.writeCommand) for [Anonymous Symbol]
    st7735.o(.text.ST7735_Init) refers to dio.o(.text.Dio_WriteChannel) for Dio_WriteChannel
    st7735.o(.text.ST7735_Init) refers to delay_ms.o(.text.delay_ms) for delay_ms
    st7735.o(.text.ST7735_Init) refers to st7735.o(.text.writeCommand) for writeCommand
    st7735.o(.text.ST7735_Init) refers to st7735.o(.text.writeData) for writeData
    st7735.o(.text.ST7735_Init) refers to st7735.o(.data.GMCTRP1_arr) for GMCTRP1_arr
    st7735.o(.text.ST7735_Init) refers to st7735.o(.text.write_Array_Of_Data) for write_Array_Of_Data
    st7735.o(.text.ST7735_Init) refers to st7735.o(.data.GMCTRN1_arr) for GMCTRN1_arr
    st7735.o(.ARM.exidx.text.ST7735_Init) refers to st7735.o(.text.ST7735_Init) for [Anonymous Symbol]
    st7735.o(.text.writeData) refers to dio.o(.text.Dio_WriteChannel) for Dio_WriteChannel
    st7735.o(.text.writeData) refers to ssi.o(.text.SSI_SEND_BYTE) for SSI_SEND_BYTE
    st7735.o(.ARM.exidx.text.writeData) refers to st7735.o(.text.writeData) for [Anonymous Symbol]
    st7735.o(.text.write_Array_Of_Data) refers to dio.o(.text.Dio_WriteChannel) for Dio_WriteChannel
    st7735.o(.text.write_Array_Of_Data) refers to ssi.o(.text.SSI_SEND_ARRAY_OF_BYTES) for SSI_SEND_ARRAY_OF_BYTES
    st7735.o(.ARM.exidx.text.write_Array_Of_Data) refers to st7735.o(.text.write_Array_Of_Data) for [Anonymous Symbol]
    st7735.o(.text.Define_Window) refers to st7735.o(.text.writeCommand) for writeCommand
    st7735.o(.text.Define_Window) refers to st7735.o(.text.writeData) for writeData
    st7735.o(.ARM.exidx.text.Define_Window) refers to st7735.o(.text.Define_Window) for [Anonymous Symbol]
    st7735.o(.text.pushColour) refers to st7735.o(.text.writeData) for writeData
    st7735.o(.ARM.exidx.text.pushColour) refers to st7735.o(.text.pushColour) for [Anonymous Symbol]
    st7735.o(.text.ST7735_drawPixel) refers to st7735.o(.text.Define_Window) for Define_Window
    st7735.o(.text.ST7735_drawPixel) refers to st7735.o(.text.pushColour) for pushColour
    st7735.o(.ARM.exidx.text.ST7735_drawPixel) refers to st7735.o(.text.ST7735_drawPixel) for [Anonymous Symbol]
    st7735.o(.text.ST7735_fillRect) refers to st7735.o(.text.Define_Window) for Define_Window
    st7735.o(.text.ST7735_fillRect) refers to st7735.o(.text.pushColour) for pushColour
    st7735.o(.ARM.exidx.text.ST7735_fillRect) refers to st7735.o(.text.ST7735_fillRect) for [Anonymous Symbol]
    st7735.o(.text.ST7735_Draw_image) refers to st7735.o(.text.Define_Window) for Define_Window
    st7735.o(.text.ST7735_Draw_image) refers to st7735.o(.text.writeData) for writeData
    st7735.o(.ARM.exidx.text.ST7735_Draw_image) refers to st7735.o(.text.ST7735_Draw_image) for [Anonymous Symbol]
    st7735.o(.text.ST7735_drawChar) refers to st7735.o(.rodata.font) for font
    st7735.o(.text.ST7735_drawChar) refers to st7735.o(.text.ST7735_drawPixel) for ST7735_drawPixel
    st7735.o(.text.ST7735_drawChar) refers to st7735.o(.text.ST7735_fillRect) for ST7735_fillRect
    st7735.o(.ARM.exidx.text.ST7735_drawChar) refers to st7735.o(.text.ST7735_drawChar) for [Anonymous Symbol]
    st7735.o(.text.ST7735_drawString) refers to st7735.o(.text.ST7735_drawChar) for ST7735_drawChar
    st7735.o(.ARM.exidx.text.ST7735_drawString) refers to st7735.o(.text.ST7735_drawString) for [Anonymous Symbol]
    processor.o(.text.PROCESSOR_enableGlobalInt) refers to processor.o(.text.PROCESSOR_switchMode) for PROCESSOR_switchMode
    processor.o(.ARM.exidx.text.PROCESSOR_enableGlobalInt) refers to processor.o(.text.PROCESSOR_enableGlobalInt) for [Anonymous Symbol]
    processor.o(.text.PROCESSOR_switchMode) refers to processor.o(.bss.gPROCESSOR_ModeType_Mode_Buffer) for gPROCESSOR_ModeType_Mode_Buffer
    processor.o(.ARM.exidx.text.PROCESSOR_switchMode) refers to processor.o(.text.PROCESSOR_switchMode) for [Anonymous Symbol]
    processor.o(.text.PROCESSOR_disableGlobalInt) refers to processor.o(.text.PROCESSOR_switchMode) for PROCESSOR_switchMode
    processor.o(.ARM.exidx.text.PROCESSOR_disableGlobalInt) refers to processor.o(.text.PROCESSOR_disableGlobalInt) for [Anonymous Symbol]
    processor.o(.text.PROCESSOR_SvcHandler) refers to processor.o(.bss.gPROCESSOR_ModeType_Mode_Buffer) for gPROCESSOR_ModeType_Mode_Buffer
    processor.o(.ARM.exidx.text.PROCESSOR_SvcHandler) refers to processor.o(.text.PROCESSOR_SvcHandler) for [Anonymous Symbol]
    delay_ms.o(.ARM.exidx.text.delay_ms) refers to delay_ms.o(.text.delay_ms) for [Anonymous Symbol]
    sysctr_cfg.o(.rodata.gSysCtr_cfg) refers to sysctr_cfg.o(.data.au8_Opened_gates_for_peripherals) for au8_Opened_gates_for_peripherals
    startup_tm4c123.o(RESET) refers to startup_tm4c123.o(STACK) for __initial_sp
    startup_tm4c123.o(RESET) refers to startup_tm4c123.o(.text) for Reset_Handler
    startup_tm4c123.o(.text) refers to system_tm4c123.o(.text.SystemInit) for SystemInit
    startup_tm4c123.o(.text) refers to entry.o(.ARM.Collect$$$$00000000) for __main
    system_tm4c123.o(.text.SystemCoreClockUpdate) refers to system_tm4c123.o(.text.getOscClk) for getOscClk
    system_tm4c123.o(.text.SystemCoreClockUpdate) refers to system_tm4c123.o(.data.SystemCoreClock) for SystemCoreClock
    system_tm4c123.o(.ARM.exidx.text.SystemCoreClockUpdate) refers to system_tm4c123.o(.text.SystemCoreClockUpdate) for [Anonymous Symbol]
    system_tm4c123.o(.ARM.exidx.text.getOscClk) refers to system_tm4c123.o(.text.getOscClk) for [Anonymous Symbol]
    system_tm4c123.o(.ARM.exidx.text.SystemInit) refers to system_tm4c123.o(.text.SystemInit) for [Anonymous Symbol]
    atan2.o(i.__hardfp_atan2) refers (Special) to iusefp.o(.text) for __I$use$fp
    atan2.o(i.__hardfp_atan2) refers to dunder.o(i.__mathlib_dbl_infnan2) for __mathlib_dbl_infnan2
    atan2.o(i.__hardfp_atan2) refers to atan.o(i.atan) for atan
    atan2.o(i.__hardfp_atan2) refers to ddiv.o(.text) for __aeabi_ddiv
    atan2.o(i.__hardfp_atan2) refers to fabs.o(i.fabs) for fabs
    atan2.o(i.__hardfp_atan2) refers to dadd.o(.text) for __aeabi_dsub
    atan2.o(i.__hardfp_atan2) refers to cdcmple.o(.text) for __aeabi_cdcmpeq
    atan2.o(i.__hardfp_atan2) refers to errno.o(i.__set_errno) for __set_errno
    atan2.o(i.__hardfp_atan2) refers to qnan.o(.constdata) for __mathlib_zero
    atan2.o(i.__softfp_atan2) refers (Special) to iusefp.o(.text) for __I$use$fp
    atan2.o(i.__softfp_atan2) refers to atan2.o(i.__hardfp_atan2) for __hardfp_atan2
    atan2.o(i.atan2) refers (Special) to iusefp.o(.text) for __I$use$fp
    atan2.o(i.atan2) refers to atan2.o(i.__hardfp_atan2) for __hardfp_atan2
    atof.o(i.__hardfp_atof) refers (Special) to iusefp.o(.text) for __I$use$fp
    atof.o(i.__hardfp_atof) refers to errno.o(i.__read_errno) for __read_errno
    atof.o(i.__hardfp_atof) refers to strtod.o(.text) for __strtod_int
    atof.o(i.__hardfp_atof) refers to errno.o(i.__set_errno) for __set_errno
    atof.o(i.__softfp_atof) refers (Special) to iusefp.o(.text) for __I$use$fp
    atof.o(i.__softfp_atof) refers to errno.o(i.__read_errno) for __read_errno
    atof.o(i.__softfp_atof) refers to strtod.o(.text) for __strtod_int
    atof.o(i.__softfp_atof) refers to errno.o(i.__set_errno) for __set_errno
    atof.o(i.atof) refers (Special) to iusefp.o(.text) for __I$use$fp
    atof.o(i.atof) refers to errno.o(i.__read_errno) for __read_errno
    atof.o(i.atof) refers to strtod.o(.text) for __strtod_int
    atof.o(i.atof) refers to errno.o(i.__set_errno) for __set_errno
    cos.o(i.__hardfp_cos) refers (Special) to iusefp.o(.text) for __I$use$fp
    cos.o(i.__hardfp_cos) refers to errno.o(i.__set_errno) for __set_errno
    cos.o(i.__hardfp_cos) refers to dunder.o(i.__mathlib_dbl_invalid) for __mathlib_dbl_invalid
    cos.o(i.__hardfp_cos) refers to dunder.o(i.__mathlib_dbl_infnan) for __mathlib_dbl_infnan
    cos.o(i.__hardfp_cos) refers to rred.o(i.__ieee754_rem_pio2) for __ieee754_rem_pio2
    cos.o(i.__hardfp_cos) refers to sin_i.o(i.__kernel_sin) for __kernel_sin
    cos.o(i.__hardfp_cos) refers to cos_i.o(i.__kernel_cos) for __kernel_cos
    cos.o(i.__softfp_cos) refers (Special) to iusefp.o(.text) for __I$use$fp
    cos.o(i.__softfp_cos) refers to cos.o(i.__hardfp_cos) for __hardfp_cos
    cos.o(i.cos) refers (Special) to iusefp.o(.text) for __I$use$fp
    cos.o(i.cos) refers to cos.o(i.__hardfp_cos) for __hardfp_cos
    pow.o(i.__hardfp_pow) refers (Special) to iusefp.o(.text) for __I$use$fp
    pow.o(i.__hardfp_pow) refers to dunder.o(i.__mathlib_dbl_infnan2) for __mathlib_dbl_infnan2
    pow.o(i.__hardfp_pow) refers to errno.o(i.__set_errno) for __set_errno
    pow.o(i.__hardfp_pow) refers to dunder.o(i.__mathlib_dbl_divzero) for __mathlib_dbl_divzero
    pow.o(i.__hardfp_pow) refers to dunder.o(i.__mathlib_dbl_overflow) for __mathlib_dbl_overflow
    pow.o(i.__hardfp_pow) refers to ddiv.o(.text) for __aeabi_ddiv
    pow.o(i.__hardfp_pow) refers to sqrt.o(i.sqrt) for sqrt
    pow.o(i.__hardfp_pow) refers to fabs.o(i.fabs) for fabs
    pow.o(i.__hardfp_pow) refers to dflti.o(.text) for __aeabi_i2d
    pow.o(i.__hardfp_pow) refers to dunder.o(i.__mathlib_dbl_invalid) for __mathlib_dbl_invalid
    pow.o(i.__hardfp_pow) refers to dmul.o(.text) for __aeabi_dmul
    pow.o(i.__hardfp_pow) refers to dunder.o(i.__mathlib_dbl_underflow) for __mathlib_dbl_underflow
    pow.o(i.__hardfp_pow) refers to dadd.o(.text) for __aeabi_dsub
    pow.o(i.__hardfp_pow) refers to qnan.o(.constdata) for __mathlib_zero
    pow.o(i.__hardfp_pow) refers to poly.o(i.__kernel_poly) for __kernel_poly
    pow.o(i.__hardfp_pow) refers to pow.o(.constdata) for .constdata
    pow.o(i.__hardfp_pow) refers to cdrcmple.o(.text) for __aeabi_cdrcmple
    pow.o(i.__hardfp_pow) refers to dscalb.o(.text) for __ARM_scalbn
    pow.o(i.__hardfp_pow) refers to fpclassify.o(i.__ARM_fpclassify) for __ARM_fpclassify
    pow.o(i.__softfp_pow) refers (Special) to iusefp.o(.text) for __I$use$fp
    pow.o(i.__softfp_pow) refers to pow.o(i.__hardfp_pow) for __hardfp_pow
    pow.o(i.pow) refers (Special) to iusefp.o(.text) for __I$use$fp
    pow.o(i.pow) refers to pow.o(i.__hardfp_pow) for __hardfp_pow
    pow.o(.constdata) refers (Special) to iusefp.o(.text) for __I$use$fp
    sin.o(i.__hardfp_sin) refers (Special) to iusefp.o(.text) for __I$use$fp
    sin.o(i.__hardfp_sin) refers to errno.o(i.__set_errno) for __set_errno
    sin.o(i.__hardfp_sin) refers to dunder.o(i.__mathlib_dbl_invalid) for __mathlib_dbl_invalid
    sin.o(i.__hardfp_sin) refers to dunder.o(i.__mathlib_dbl_infnan) for __mathlib_dbl_infnan
    sin.o(i.__hardfp_sin) refers to rred.o(i.__ieee754_rem_pio2) for __ieee754_rem_pio2
    sin.o(i.__hardfp_sin) refers to cos_i.o(i.__kernel_cos) for __kernel_cos
    sin.o(i.__hardfp_sin) refers to sin_i.o(i.__kernel_sin) for __kernel_sin
    sin.o(i.__softfp_sin) refers (Special) to iusefp.o(.text) for __I$use$fp
    sin.o(i.__softfp_sin) refers to sin.o(i.__hardfp_sin) for __hardfp_sin
    sin.o(i.sin) refers (Special) to iusefp.o(.text) for __I$use$fp
    sin.o(i.sin) refers to sin.o(i.__hardfp_sin) for __hardfp_sin
    sqrt.o(i.__hardfp_sqrt) refers (Special) to iusefp.o(.text) for __I$use$fp
    sqrt.o(i.__hardfp_sqrt) refers to dsqrt.o(.text) for _dsqrt
    sqrt.o(i.__hardfp_sqrt) refers to errno.o(i.__set_errno) for __set_errno
    sqrt.o(i.__softfp_sqrt) refers (Special) to iusefp.o(.text) for __I$use$fp
    sqrt.o(i.__softfp_sqrt) refers to dsqrt.o(.text) for _dsqrt
    sqrt.o(i.__softfp_sqrt) refers to errno.o(i.__set_errno) for __set_errno
    sqrt.o(i.sqrt) refers (Special) to iusefp.o(.text) for __I$use$fp
    sqrt.o(i.sqrt) refers to dsqrt.o(.text) for _dsqrt
    sqrt.o(i.sqrt) refers to errno.o(i.__set_errno) for __set_errno
    entry.o(.ARM.Collect$$$$00000000) refers (Special) to entry10a.o(.ARM.Collect$$$$0000000D) for __rt_final_cpp
    entry.o(.ARM.Collect$$$$00000000) refers (Special) to entry11a.o(.ARM.Collect$$$$0000000F) for __rt_final_exit
    entry.o(.ARM.Collect$$$$00000000) refers (Special) to entry7b.o(.ARM.Collect$$$$00000008) for _main_clock
    entry.o(.ARM.Collect$$$$00000000) refers (Special) to entry8b.o(.ARM.Collect$$$$0000000A) for _main_cpp_init
    entry.o(.ARM.Collect$$$$00000000) refers (Special) to entry9a.o(.ARM.Collect$$$$0000000B) for _main_init
    entry.o(.ARM.Collect$$$$00000000) refers (Special) to entry5.o(.ARM.Collect$$$$00000004) for _main_scatterload
    entry.o(.ARM.Collect$$$$00000000) refers (Special) to entry2.o(.ARM.Collect$$$$00000001) for _main_stk
    strtok.o(.text) refers to strtok.o(.data) for .data
    strtok_r.o(.text) refers to strtok_r.o(.data) for .data
    dadd.o(.text) refers (Special) to iusefp.o(.text) for __I$use$fp
    dadd.o(.text) refers to llshl.o(.text) for __aeabi_llsl
    dadd.o(.text) refers to llsshr.o(.text) for __aeabi_lasr
    dadd.o(.text) refers to depilogue.o(.text) for _double_epilogue
    dmul.o(.text) refers (Special) to iusefp.o(.text) for __I$use$fp
    dmul.o(.text) refers to depilogue.o(.text) for _double_epilogue
    ddiv.o(.text) refers (Special) to iusefp.o(.text) for __I$use$fp
    ddiv.o(.text) refers to depilogue.o(.text) for _double_round
    dflti.o(.text) refers (Special) to iusefp.o(.text) for __I$use$fp
    dflti.o(.text) refers to depilogue.o(.text) for _double_epilogue
    dfixi.o(.text) refers (Special) to iusefp.o(.text) for __I$use$fp
    dfixi.o(.text) refers to llushr.o(.text) for __aeabi_llsr
    f2d.o(.text) refers (Special) to iusefp.o(.text) for __I$use$fp
    d2f.o(.text) refers (Special) to iusefp.o(.text) for __I$use$fp
    d2f.o(.text) refers to fepilogue.o(.text) for _float_round
    atan.o(i.__hardfp_atan) refers (Special) to iusefp.o(.text) for __I$use$fp
    atan.o(i.__hardfp_atan) refers to dunder.o(i.__mathlib_dbl_infnan) for __mathlib_dbl_infnan
    atan.o(i.__hardfp_atan) refers to fpclassify.o(i.__ARM_fpclassify) for __ARM_fpclassify
    atan.o(i.__hardfp_atan) refers to dunder.o(i.__mathlib_dbl_underflow) for __mathlib_dbl_underflow
    atan.o(i.__hardfp_atan) refers to fabs.o(i.fabs) for fabs
    atan.o(i.__hardfp_atan) refers to dadd.o(.text) for __aeabi_dadd
    atan.o(i.__hardfp_atan) refers to dmul.o(.text) for __aeabi_dmul
    atan.o(i.__hardfp_atan) refers to ddiv.o(.text) for __aeabi_ddiv
    atan.o(i.__hardfp_atan) refers to poly.o(i.__kernel_poly) for __kernel_poly
    atan.o(i.__hardfp_atan) refers to atan.o(.constdata) for .constdata
    atan.o(i.__softfp_atan) refers (Special) to iusefp.o(.text) for __I$use$fp
    atan.o(i.__softfp_atan) refers to atan.o(i.__hardfp_atan) for __hardfp_atan
    atan.o(i.atan) refers (Special) to iusefp.o(.text) for __I$use$fp
    atan.o(i.atan) refers to atan.o(i.__hardfp_atan) for __hardfp_atan
    atan.o(.constdata) refers (Special) to iusefp.o(.text) for __I$use$fp
    cos_i.o(i.__kernel_cos) refers (Special) to iusefp.o(.text) for __I$use$fp
    cos_i.o(i.__kernel_cos) refers to dfixi.o(.text) for __aeabi_d2iz
    cos_i.o(i.__kernel_cos) refers to dmul.o(.text) for __aeabi_dmul
    cos_i.o(i.__kernel_cos) refers to poly.o(i.__kernel_poly) for __kernel_poly
    cos_i.o(i.__kernel_cos) refers to dadd.o(.text) for __aeabi_dsub
    cos_i.o(i.__kernel_cos) refers to cos_i.o(.constdata) for .constdata
    cos_i.o(.constdata) refers (Special) to iusefp.o(.text) for __I$use$fp
    dunder.o(i.__mathlib_dbl_divzero) refers to ddiv.o(.text) for __aeabi_ddiv
    dunder.o(i.__mathlib_dbl_infnan) refers to dadd.o(.text) for __aeabi_dadd
    dunder.o(i.__mathlib_dbl_infnan2) refers to dadd.o(.text) for __aeabi_dadd
    dunder.o(i.__mathlib_dbl_invalid) refers to ddiv.o(.text) for __aeabi_ddiv
    dunder.o(i.__mathlib_dbl_overflow) refers to dmul.o(.text) for __aeabi_dmul
    dunder.o(i.__mathlib_dbl_posinfnan) refers to dmul.o(.text) for __aeabi_dmul
    dunder.o(i.__mathlib_dbl_underflow) refers to dmul.o(.text) for __aeabi_dmul
    fabs.o(i.__hardfp_fabs) refers (Special) to iusefp.o(.text) for __I$use$fp
    fabs.o(i.__softfp_fabs) refers (Special) to iusefp.o(.text) for __I$use$fp
    fabs.o(i.fabs) refers (Special) to iusefp.o(.text) for __I$use$fp
    fpclassify.o(i.__ARM_fpclassify) refers (Special) to iusefp.o(.text) for __I$use$fp
    poly.o(i.__kernel_poly) refers (Special) to iusefp.o(.text) for __I$use$fp
    poly.o(i.__kernel_poly) refers to dmul.o(.text) for __aeabi_dmul
    poly.o(i.__kernel_poly) refers to dadd.o(.text) for __aeabi_dadd
    qnan.o(.constdata) refers (Special) to iusefp.o(.text) for __I$use$fp
    rred.o(i.__ieee754_rem_pio2) refers (Special) to iusefp.o(.text) for __I$use$fp
    rred.o(i.__ieee754_rem_pio2) refers to dadd.o(.text) for __aeabi_dsub
    rred.o(i.__ieee754_rem_pio2) refers to fabs.o(i.fabs) for fabs
    rred.o(i.__ieee754_rem_pio2) refers to dmul.o(.text) for __aeabi_dmul
    rred.o(i.__ieee754_rem_pio2) refers to dfixi.o(.text) for __aeabi_d2iz
    rred.o(i.__ieee754_rem_pio2) refers to dflti.o(.text) for __aeabi_i2d
    rred.o(i.__ieee754_rem_pio2) refers to dfltui.o(.text) for __aeabi_ui2d
    rred.o(i.__ieee754_rem_pio2) refers to rred.o(.constdata) for .constdata
    rred.o(i.__use_accurate_range_reduction) refers (Special) to iusefp.o(.text) for __I$use$fp
    rred.o(.constdata) refers (Special) to iusefp.o(.text) for __I$use$fp
    sin_i.o(i.__kernel_sin) refers (Special) to iusefp.o(.text) for __I$use$fp
    sin_i.o(i.__kernel_sin) refers to fpclassify.o(i.__ARM_fpclassify) for __ARM_fpclassify
    sin_i.o(i.__kernel_sin) refers to dunder.o(i.__mathlib_dbl_underflow) for __mathlib_dbl_underflow
    sin_i.o(i.__kernel_sin) refers to dmul.o(.text) for __aeabi_dmul
    sin_i.o(i.__kernel_sin) refers to poly.o(i.__kernel_poly) for __kernel_poly
    sin_i.o(i.__kernel_sin) refers to dadd.o(.text) for __aeabi_dsub
    sin_i.o(i.__kernel_sin) refers to sin_i.o(.constdata) for .constdata
    sin_i.o(.constdata) refers (Special) to iusefp.o(.text) for __I$use$fp
    entry2.o(.ARM.Collect$$$$00000001) refers to entry2.o(.ARM.Collect$$$$00002712) for __lit__00000000
    entry2.o(.ARM.Collect$$$$00002712) refers to startup_tm4c123.o(STACK) for __initial_sp
    entry2.o(__vectab_stack_and_reset_area) refers to startup_tm4c123.o(STACK) for __initial_sp
    entry2.o(__vectab_stack_and_reset_area) refers to entry.o(.ARM.Collect$$$$00000000) for __main
    entry5.o(.ARM.Collect$$$$00000004) refers to init.o(.text) for __scatterload
    entry9a.o(.ARM.Collect$$$$0000000B) refers to main.o(.text.main) for main
    entry9b.o(.ARM.Collect$$$$0000000C) refers to main.o(.text.main) for main
    errno.o(i.__aeabi_errno_addr) refers to errno.o(.data) for .data
    errno.o(i.__read_errno) refers to errno.o(.data) for .data
    errno.o(i.__set_errno) refers to errno.o(.data) for .data
    strtod.o(.text) refers to scanf_fp.o(.text) for _scanf_real
    strtod.o(.text) refers to _sgetc.o(.text) for _sgetc
    strtod.o(.text) refers to isspace_c.o(.text) for isspace
    fepilogue.o(.text) refers (Special) to iusefp.o(.text) for __I$use$fp
    depilogue.o(.text) refers (Special) to iusefp.o(.text) for __I$use$fp
    depilogue.o(.text) refers to llshl.o(.text) for __aeabi_llsl
    depilogue.o(.text) refers to llushr.o(.text) for __aeabi_llsr
    dneg.o(.text) refers (Special) to iusefp.o(.text) for __I$use$fp
    dscalb.o(.text) refers (Special) to iusefp.o(.text) for __I$use$fp
    dsqrt.o(.text) refers (Special) to iusefp.o(.text) for __I$use$fp
    dsqrt.o(.text) refers to llushr.o(.text) for __aeabi_llsr
    dsqrt.o(.text) refers to depilogue.o(.text) for _double_round
    cdcmple.o(.text) refers (Special) to iusefp.o(.text) for __I$use$fp
    cdrcmple.o(.text) refers (Special) to iusefp.o(.text) for __I$use$fp
    init.o(.text) refers to entry5.o(.ARM.Collect$$$$00000004) for __main_after_scatterload
    isspace_c.o(.text) refers to ctype_c.o(.text) for __ctype_lookup
    scanf_fp.o(.text) refers (Special) to iusefp.o(.text) for __I$use$fp
    scanf_fp.o(.text) refers to dfltul.o(.text) for __aeabi_ul2d
    scanf_fp.o(.text) refers to dmul.o(.text) for __aeabi_dmul
    scanf_fp.o(.text) refers to ddiv.o(.text) for __aeabi_ddiv
    scanf_fp.o(.text) refers to scanf_fp.o(i._is_digit) for _is_digit
    scanf_fp.o(.text) refers to d2f.o(.text) for __aeabi_d2f
    dfltui.o(.text) refers (Special) to iusefp.o(.text) for __I$use$fp
    dfltui.o(.text) refers to depilogue.o(.text) for _double_epilogue
    ctype_c.o(.text) refers to ctype_c.o(.constdata) for .constdata
    dfltul.o(.text) refers (Special) to iusefp.o(.text) for __I$use$fp
    dfltul.o(.text) refers to depilogue.o(.text) for _double_epilogue
    scanf_fp.o(i._is_digit) refers (Special) to iusefp.o(.text) for __I$use$fp


==============================================================================

Removing Unused input sections from the image.

    Removing eeprom_program.o(.text), (0 bytes).
    Removing eeprom_program.o(.text.init_EEPROM), (102 bytes).
    Removing eeprom_program.o(.ARM.exidx.text.init_EEPROM), (8 bytes).
    Removing eeprom_program.o(.text.write_EEPROM), (78 bytes).
    Removing eeprom_program.o(.ARM.exidx.text.write_EEPROM), (8 bytes).
    Removing eeprom_program.o(.text.read_EEPROM), (54 bytes).
    Removing eeprom_program.o(.ARM.exidx.text.read_EEPROM), (8 bytes).
    Removing eeprom_program.o(.text.write_Array_EEPROM), (136 bytes).
    Removing eeprom_program.o(.ARM.exidx.text.write_Array_EEPROM), (8 bytes).
    Removing eeprom_program.o(.text.read_Array_EEPROM), (136 bytes).
    Removing eeprom_program.o(.ARM.exidx.text.read_Array_EEPROM), (8 bytes).
    Removing gpio_program.o(.text), (0 bytes).
    Removing gpio_program.o(.text.GPIO_voidInit_port_F), (160 bytes).
    Removing gpio_program.o(.ARM.exidx.text.GPIO_voidInit_port_F), (8 bytes).
    Removing gpio_program.o(.text.GPIO_voidInit_port_A), (176 bytes).
    Removing gpio_program.o(.ARM.exidx.text.GPIO_voidInit_port_A), (8 bytes).
    Removing gpio_program.o(.text.GPIO_u8Get_Switch), (92 bytes).
    Removing gpio_program.o(.ARM.exidx.text.GPIO_u8Get_Switch), (8 bytes).
    Removing gpio_program.o(.text.Led_controlled), (218 bytes).
    Removing gpio_program.o(.ARM.exidx.text.Led_controlled), (8 bytes).
    Removing gpio_program.o(.text.GPIO_voidRGB_LED), (224 bytes).
    Removing gpio_program.o(.ARM.exidx.text.GPIO_voidRGB_LED), (8 bytes).
    Removing gpio_program.o(.text.GPIO_voidSet_Pin_value), (490 bytes).
    Removing gpio_program.o(.ARM.exidx.text.GPIO_voidSet_Pin_value), (8 bytes).
    Removing gpio_program.o(.text.GPIO_voidToggle_pin), (196 bytes).
    Removing gpio_program.o(.ARM.exidx.text.GPIO_voidToggle_pin), (8 bytes).
    Removing gpio_program.o(.text.GPIO_voidGet_Pin_Value), (210 bytes).
    Removing gpio_program.o(.ARM.exidx.text.GPIO_voidGet_Pin_Value), (8 bytes).
    Removing uart_program.o(.text), (0 bytes).
    Removing uart_program.o(.text.UART_u8Init), (1102 bytes).
    Removing uart_program.o(.ARM.exidx.text.UART_u8Init), (8 bytes).
    Removing uart_program.o(.text.UART_u8SendByte), (110 bytes).
    Removing uart_program.o(.ARM.exidx.text.UART_u8SendByte), (8 bytes).
    Removing uart_program.o(.text.UART_u8ReceiveByte), (110 bytes).
    Removing uart_program.o(.ARM.exidx.text.UART_u8ReceiveByte), (8 bytes).
    Removing uart_program.o(.text.UART_u8SendString), (56 bytes).
    Removing uart_program.o(.ARM.exidx.text.UART_u8SendString), (8 bytes).
    Removing uart_program.o(.text.UART_u8ReceiveString), (100 bytes).
    Removing uart_program.o(.ARM.exidx.text.UART_u8ReceiveString), (8 bytes).
    Removing main.o(.text), (0 bytes).
    Removing main.o(.text.reverse), (76 bytes).
    Removing main.o(.ARM.exidx.text.reverse), (8 bytes).
    Removing main.o(.text.itoa), (184 bytes).
    Removing main.o(.ARM.exidx.text.itoa), (8 bytes).
    Removing main.o(.ARM.exidx.text.UART0_Init), (8 bytes).
    Removing main.o(.text.UART0_getChar), (36 bytes).
    Removing main.o(.ARM.exidx.text.UART0_getChar), (8 bytes).
    Removing main.o(.ARM.exidx.text.UART0_OutChar), (8 bytes).
    Removing main.o(.ARM.exidx.text.UART0_OutString), (8 bytes).
    Removing main.o(.text.GetCommand_UART0), (100 bytes).
    Removing main.o(.ARM.exidx.text.GetCommand_UART0), (8 bytes).
    Removing main.o(.ARM.exidx.text.UART1_Init), (8 bytes).
    Removing main.o(.ARM.exidx.text.UART1_getChar), (8 bytes).
    Removing main.o(.text.UART1_OutChar), (46 bytes).
    Removing main.o(.ARM.exidx.text.UART1_OutChar), (8 bytes).
    Removing main.o(.text.UART1_OutString), (36 bytes).
    Removing main.o(.ARM.exidx.text.UART1_OutString), (8 bytes).
    Removing main.o(.ARM.exidx.text.GetCommand_UART1), (8 bytes).
    Removing main.o(.text.GetCommand_UART1_Modified), (82 bytes).
    Removing main.o(.ARM.exidx.text.GetCommand_UART1_Modified), (8 bytes).
    Removing main.o(.ARM.exidx.text.main), (8 bytes).
    Removing main.o(.ARM.use_no_argv), (4 bytes).
    Removing fonts.o(.text), (0 bytes).
    Removing fonts.o(.rodata.Font7x10), (1900 bytes).
    Removing fonts.o(.data.Font_7x10), (8 bytes).
    Removing fonts.o(.data.Font_11x18), (8 bytes).
    Removing fonts.o(.data.Font_16x26), (8 bytes).
    Removing fonts.o(.rodata.Font11x18), (3420 bytes).
    Removing fonts.o(.rodata.Font16x26), (4940 bytes).
    Removing sys_tick.o(.text), (0 bytes).
    Removing sys_tick.o(.text.MCAL_STK_SetReloadValue), (20 bytes).
    Removing sys_tick.o(.ARM.exidx.text.MCAL_STK_SetReloadValue), (8 bytes).
    Removing sys_tick.o(.text.SysTick_Delay10ms), (48 bytes).
    Removing sys_tick.o(.ARM.exidx.text.SysTick_Delay10ms), (8 bytes).
    Removing sys_tick.o(.text.SysTick_Delay), (56 bytes).
    Removing sys_tick.o(.ARM.exidx.text.SysTick_Delay), (8 bytes).
    Removing sys_tick.o(.text.get_SysTick_Ticks), (46 bytes).
    Removing sys_tick.o(.ARM.exidx.text.get_SysTick_Ticks), (8 bytes).
    Removing sys_tick.o(.text.SysTick_Init), (42 bytes).
    Removing sys_tick.o(.ARM.exidx.text.SysTick_Init), (8 bytes).
    Removing gps_program.o(.text), (0 bytes).
    Removing gps_program.o(.text.GPS_Read), (548 bytes).
    Removing gps_program.o(.ARM.exidx.text.GPS_Read), (8 bytes).
    Removing gps_program.o(.text.todegree), (184 bytes).
    Removing gps_program.o(.ARM.exidx.text.todegree), (8 bytes).
    Removing gps_program.o(.text.torad), (72 bytes).
    Removing gps_program.o(.ARM.exidx.text.torad), (8 bytes).
    Removing gps_program.o(.text.calcDistance), (528 bytes).
    Removing gps_program.o(.ARM.exidx.text.calcDistance), (8 bytes).
    Removing gps_program.o(.bss.GPS_Counter), (1 bytes).
    Removing gps_program.o(.rodata.str1.1), (48 bytes).
    Removing gps_program.o(.bss.currentLatitude), (4 bytes).
    Removing gps_program.o(.bss.currentLongitude), (4 bytes).
    Removing gps_program.o(.bss.distance), (8 bytes).
    Removing ssi.o(.text), (0 bytes).
    Removing ssi.o(.text.SSI_INIT), (114 bytes).
    Removing ssi.o(.ARM.exidx.text.SSI_INIT), (8 bytes).
    Removing ssi.o(.text.SSI_SEND_BYTE), (46 bytes).
    Removing ssi.o(.ARM.exidx.text.SSI_SEND_BYTE), (8 bytes).
    Removing ssi.o(.text.SSI_Disable_Transfer), (18 bytes).
    Removing ssi.o(.ARM.exidx.text.SSI_Disable_Transfer), (8 bytes).
    Removing ssi.o(.text.SSI_SEND_ARRAY_OF_BYTES), (48 bytes).
    Removing ssi.o(.ARM.exidx.text.SSI_SEND_ARRAY_OF_BYTES), (8 bytes).
    Removing ssi.o(.text.SSI_RECEIVE_BYTE), (8 bytes).
    Removing ssi.o(.ARM.exidx.text.SSI_RECEIVE_BYTE), (8 bytes).
    Removing dio.o(.text), (0 bytes).
    Removing dio.o(.text.Dio_ReadChannel), (60 bytes).
    Removing dio.o(.ARM.exidx.text.Dio_ReadChannel), (8 bytes).
    Removing dio.o(.text.Dio_WriteChannel), (126 bytes).
    Removing dio.o(.ARM.exidx.text.Dio_WriteChannel), (8 bytes).
    Removing dio.o(.text.Dio_ReadPort), (30 bytes).
    Removing dio.o(.ARM.exidx.text.Dio_ReadPort), (8 bytes).
    Removing dio.o(.text.Dio_WritePort), (36 bytes).
    Removing dio.o(.ARM.exidx.text.Dio_WritePort), (8 bytes).
    Removing dio.o(.text.Dio_FlipChannel), (64 bytes).
    Removing dio.o(.ARM.exidx.text.Dio_FlipChannel), (8 bytes).
    Removing dio.o(.text.Dio_FlipPort), (10 bytes).
    Removing dio.o(.ARM.exidx.text.Dio_FlipPort), (8 bytes).
    Removing nvic.o(.text), (0 bytes).
    Removing nvic.o(.text.NVIC_init), (190 bytes).
    Removing nvic.o(.ARM.exidx.text.NVIC_init), (8 bytes).
    Removing port.o(.text), (0 bytes).
    Removing port.o(.text.PORT_init), (734 bytes).
    Removing port.o(.ARM.exidx.text.PORT_init), (8 bytes).
    Removing sysctr.o(.text), (0 bytes).
    Removing sysctr.o(.text.SysCtr_init), (144 bytes).
    Removing sysctr.o(.ARM.exidx.text.SysCtr_init), (8 bytes).
    Removing sysctr.o(.text.SysCtr_getSysClockFreq), (12 bytes).
    Removing sysctr.o(.ARM.exidx.text.SysCtr_getSysClockFreq), (8 bytes).
    Removing st7735.o(.text), (0 bytes).
    Removing st7735.o(.text.writeCommand), (28 bytes).
    Removing st7735.o(.ARM.exidx.text.writeCommand), (8 bytes).
    Removing st7735.o(.text.ST7735_Init), (172 bytes).
    Removing st7735.o(.ARM.exidx.text.ST7735_Init), (8 bytes).
    Removing st7735.o(.text.writeData), (28 bytes).
    Removing st7735.o(.ARM.exidx.text.writeData), (8 bytes).
    Removing st7735.o(.text.write_Array_Of_Data), (32 bytes).
    Removing st7735.o(.ARM.exidx.text.write_Array_Of_Data), (8 bytes).
    Removing st7735.o(.text.Define_Window), (100 bytes).
    Removing st7735.o(.ARM.exidx.text.Define_Window), (8 bytes).
    Removing st7735.o(.text.pushColour), (28 bytes).
    Removing st7735.o(.ARM.exidx.text.pushColour), (8 bytes).
    Removing st7735.o(.text.ST7735_drawPixel), (74 bytes).
    Removing st7735.o(.ARM.exidx.text.ST7735_drawPixel), (8 bytes).
    Removing st7735.o(.text.ST7735_fillRect), (144 bytes).
    Removing st7735.o(.ARM.exidx.text.ST7735_fillRect), (8 bytes).
    Removing st7735.o(.text.ST7735_Draw_image), (60 bytes).
    Removing st7735.o(.ARM.exidx.text.ST7735_Draw_image), (8 bytes).
    Removing st7735.o(.text.ST7735_drawChar), (430 bytes).
    Removing st7735.o(.ARM.exidx.text.ST7735_drawChar), (8 bytes).
    Removing st7735.o(.text.ST7735_drawString), (206 bytes).
    Removing st7735.o(.ARM.exidx.text.ST7735_drawString), (8 bytes).
    Removing st7735.o(.data.GMCTRP1_arr), (16 bytes).
    Removing st7735.o(.data.GMCTRN1_arr), (16 bytes).
    Removing st7735.o(.rodata.font), (1275 bytes).
    Removing processor.o(.text), (0 bytes).
    Removing processor.o(.text.PROCESSOR_enableGlobalInt), (18 bytes).
    Removing processor.o(.ARM.exidx.text.PROCESSOR_enableGlobalInt), (8 bytes).
    Removing processor.o(.text.PROCESSOR_switchMode), (26 bytes).
    Removing processor.o(.ARM.exidx.text.PROCESSOR_switchMode), (8 bytes).
    Removing processor.o(.text.PROCESSOR_disableGlobalInt), (18 bytes).
    Removing processor.o(.ARM.exidx.text.PROCESSOR_disableGlobalInt), (8 bytes).
    Removing processor.o(.text.PROCESSOR_SvcHandler), (52 bytes).
    Removing processor.o(.ARM.exidx.text.PROCESSOR_SvcHandler), (8 bytes).
    Removing processor.o(.bss.gPROCESSOR_ModeType_Mode_Buffer), (1 bytes).
    Removing delay_ms.o(.text), (0 bytes).
    Removing delay_ms.o(.text.delay_ms), (114 bytes).
    Removing delay_ms.o(.ARM.exidx.text.delay_ms), (8 bytes).
    Removing mcu_hw.o(.text), (0 bytes).
    Removing mcu_hw.o(.data.au8_RCG_INDEX), (16 bytes).
    Removing mcu_hw.o(.data.Array_of_pntr_to_GPIO_APB_GPI0_APB_BaseAddrArr), (24 bytes).
    Removing nvic_lcfg.o(.text), (0 bytes).
    Removing nvic_lcfg.o(.rodata.NVIC_CfgArr), (20 bytes).
    Removing port_lcfg.o(.text), (0 bytes).
    Removing port_lcfg.o(.data.PortCfgArr), (72 bytes).
    Removing ssi_lcfg.o(.text), (0 bytes).
    Removing ssi_lcfg.o(.rodata.str_SSI_Config), (6 bytes).
    Removing sysctr_cfg.o(.text), (0 bytes).
    Removing sysctr_cfg.o(.data.au8_Opened_gates_for_peripherals), (16 bytes).
    Removing sysctr_cfg.o(.rodata.gSysCtr_cfg), (8 bytes).
    Removing startup_tm4c123.o(HEAP), (0 bytes).
    Removing system_tm4c123.o(.text), (0 bytes).
    Removing system_tm4c123.o(.text.SystemCoreClockUpdate), (326 bytes).
    Removing system_tm4c123.o(.ARM.exidx.text.SystemCoreClockUpdate), (8 bytes).
    Removing system_tm4c123.o(.text.getOscClk), (360 bytes).
    Removing system_tm4c123.o(.ARM.exidx.text.getOscClk), (8 bytes).
    Removing system_tm4c123.o(.ARM.exidx.text.SystemInit), (8 bytes).
    Removing system_tm4c123.o(.data.SystemCoreClock), (4 bytes).
    Removing dadd.o(.text), (334 bytes).
    Removing dmul.o(.text), (228 bytes).
    Removing ddiv.o(.text), (222 bytes).
    Removing dflti.o(.text), (34 bytes).
    Removing dfixi.o(.text), (62 bytes).
    Removing f2d.o(.text), (38 bytes).
    Removing d2f.o(.text), (56 bytes).
    Removing fepilogue.o(.text), (110 bytes).
    Removing depilogue.o(.text), (186 bytes).
    Removing dneg.o(.text), (6 bytes).
    Removing dscalb.o(.text), (46 bytes).
    Removing dsqrt.o(.text), (162 bytes).
    Removing cdcmple.o(.text), (48 bytes).
    Removing cdrcmple.o(.text), (48 bytes).
    Removing dfltui.o(.text), (26 bytes).
    Removing dfltul.o(.text), (24 bytes).

204 unused section(s) (total 23767 bytes) removed from the image.

==============================================================================

Image Symbol Table

    Local Symbols

    Symbol Name                              Value     Ov Type        Size  Object(Section)

    ../clib/microlib/ctype/ctype.c           0x00000000   Number         0  isspace_c.o ABSOLUTE
    ../clib/microlib/ctype/ctype.c           0x00000000   Number         0  ctype_c.o ABSOLUTE
    ../clib/microlib/errno.c                 0x00000000   Number         0  errno.o ABSOLUTE
    ../clib/microlib/init/entry.s            0x00000000   Number         0  entry.o ABSOLUTE
    ../clib/microlib/init/entry.s            0x00000000   Number         0  entry2.o ABSOLUTE
    ../clib/microlib/init/entry.s            0x00000000   Number         0  entry5.o ABSOLUTE
    ../clib/microlib/init/entry.s            0x00000000   Number         0  entry7a.o ABSOLUTE
    ../clib/microlib/init/entry.s            0x00000000   Number         0  entry7b.o ABSOLUTE
    ../clib/microlib/init/entry.s            0x00000000   Number         0  entry8a.o ABSOLUTE
    ../clib/microlib/init/entry.s            0x00000000   Number         0  entry8b.o ABSOLUTE
    ../clib/microlib/init/entry.s            0x00000000   Number         0  entry9a.o ABSOLUTE
    ../clib/microlib/init/entry.s            0x00000000   Number         0  entry9b.o ABSOLUTE
    ../clib/microlib/init/entry.s            0x00000000   Number         0  entry10a.o ABSOLUTE
    ../clib/microlib/init/entry.s            0x00000000   Number         0  entry10b.o ABSOLUTE
    ../clib/microlib/init/entry.s            0x00000000   Number         0  entry11a.o ABSOLUTE
    ../clib/microlib/init/entry.s            0x00000000   Number         0  entry11b.o ABSOLUTE
    ../clib/microlib/longlong.c              0x00000000   Number         0  llshl.o ABSOLUTE
    ../clib/microlib/longlong.c              0x00000000   Number         0  llushr.o ABSOLUTE
    ../clib/microlib/longlong.c              0x00000000   Number         0  llsshr.o ABSOLUTE
    ../clib/microlib/string/memset.c         0x00000000   Number         0  memseta.o ABSOLUTE
    ../clib/microlib/string/strcmp.c         0x00000000   Number         0  strcmp.o ABSOLUTE
    ../clib/microlib/string/strcpy.c         0x00000000   Number         0  strcpy.o ABSOLUTE
    ../clib/microlib/string/strtok.c         0x00000000   Number         0  strtok.o ABSOLUTE
    ../clib/microlib/string/strtok.c         0x00000000   Number         0  strtok_r.o ABSOLUTE
    ../clib/microlib/stubs.s                 0x00000000   Number         0  iusefp.o ABSOLUTE
    ../clib/scanf.c                          0x00000000   Number         0  strtod.o ABSOLUTE
    ../clib/scanf.c                          0x00000000   Number         0  scanf_fp.o ABSOLUTE
    ../clib/scanf.c                          0x00000000   Number         0  _sgetc.o ABSOLUTE
    ../fplib/microlib/d2f.c                  0x00000000   Number         0  d2f.o ABSOLUTE
    ../fplib/microlib/f2d.c                  0x00000000   Number         0  f2d.o ABSOLUTE
    ../fplib/microlib/fpadd.c                0x00000000   Number         0  dadd.o ABSOLUTE
    ../fplib/microlib/fpdiv.c                0x00000000   Number         0  ddiv.o ABSOLUTE
    ../fplib/microlib/fpepilogue.c           0x00000000   Number         0  fepilogue.o ABSOLUTE
    ../fplib/microlib/fpepilogue.c           0x00000000   Number         0  depilogue.o ABSOLUTE
    ../fplib/microlib/fpfix.c                0x00000000   Number         0  dfixi.o ABSOLUTE
    ../fplib/microlib/fpflt.c                0x00000000   Number         0  dflti.o ABSOLUTE
    ../fplib/microlib/fpflt.c                0x00000000   Number         0  dfltui.o ABSOLUTE
    ../fplib/microlib/fpflt.c                0x00000000   Number         0  dfltul.o ABSOLUTE
    ../fplib/microlib/fpmul.c                0x00000000   Number         0  dmul.o ABSOLUTE
    ../fplib/microlib/fpneg.c                0x00000000   Number         0  dneg.o ABSOLUTE
    ../fplib/microlib/fpscalb.c              0x00000000   Number         0  dscalb.o ABSOLUTE
    ../fplib/microlib/fpsqrt.c               0x00000000   Number         0  dsqrt.o ABSOLUTE
    ../mathlib/atan.c                        0x00000000   Number         0  atan.o ABSOLUTE
    ../mathlib/atan2.c                       0x00000000   Number         0  atan2.o ABSOLUTE
    ../mathlib/atof.c                        0x00000000   Number         0  atof.o ABSOLUTE
    ../mathlib/cos.c                         0x00000000   Number         0  cos.o ABSOLUTE
    ../mathlib/cos_i.c                       0x00000000   Number         0  cos_i.o ABSOLUTE
    ../mathlib/dunder.c                      0x00000000   Number         0  dunder.o ABSOLUTE
    ../mathlib/fabs.c                        0x00000000   Number         0  fabs.o ABSOLUTE
    ../mathlib/fpclassify.c                  0x00000000   Number         0  fpclassify.o ABSOLUTE
    ../mathlib/poly.c                        0x00000000   Number         0  poly.o ABSOLUTE
    ../mathlib/pow.c                         0x00000000   Number         0  pow.o ABSOLUTE
    ../mathlib/qnan.c                        0x00000000   Number         0  qnan.o ABSOLUTE
    ../mathlib/rred.c                        0x00000000   Number         0  rred.o ABSOLUTE
    ../mathlib/sin.c                         0x00000000   Number         0  sin.o ABSOLUTE
    ../mathlib/sin_i.c                       0x00000000   Number         0  sin_i.o ABSOLUTE
    ../mathlib/sqrt.c                        0x00000000   Number         0  sqrt.o ABSOLUTE
    Delay_ms.c                               0x00000000   Number         0  delay_ms.o ABSOLUTE
    EEPROM_Program.c                         0x00000000   Number         0  eeprom_program.o ABSOLUTE
    GPIO_Program.c                           0x00000000   Number         0  gpio_program.o ABSOLUTE
    GPS_Program.c                            0x00000000   Number         0  gps_program.o ABSOLUTE
    RTE/Device/TM4C123GH6PM/startup_TM4C123.s 0x00000000   Number         0  startup_tm4c123.o ABSOLUTE
    ST7735.c                                 0x00000000   Number         0  st7735.o ABSOLUTE
    SysCtr.c                                 0x00000000   Number         0  sysctr.o ABSOLUTE
    SysCtr_cfg.c                             0x00000000   Number         0  sysctr_cfg.o ABSOLUTE
    Sys_Tick.c                               0x00000000   Number         0  sys_tick.o ABSOLUTE
    UART_Program.c                           0x00000000   Number         0  uart_program.o ABSOLUTE
    cdcmple.s                                0x00000000   Number         0  cdcmple.o ABSOLUTE
    cdrcmple.s                               0x00000000   Number         0  cdrcmple.o ABSOLUTE
    dc.s                                     0x00000000   Number         0  dc.o ABSOLUTE
    dio.c                                    0x00000000   Number         0  dio.o ABSOLUTE
    fonts.c                                  0x00000000   Number         0  fonts.o ABSOLUTE
    handlers.s                               0x00000000   Number         0  handlers.o ABSOLUTE
    init.s                                   0x00000000   Number         0  init.o ABSOLUTE
    main.c                                   0x00000000   Number         0  main.o ABSOLUTE
    mcu_hw.c                                 0x00000000   Number         0  mcu_hw.o ABSOLUTE
    nvic.c                                   0x00000000   Number         0  nvic.o ABSOLUTE
    nvic_lcfg.c                              0x00000000   Number         0  nvic_lcfg.o ABSOLUTE
    port.c                                   0x00000000   Number         0  port.o ABSOLUTE
    port_lcfg.c                              0x00000000   Number         0  port_lcfg.o ABSOLUTE
    processor.c                              0x00000000   Number         0  processor.o ABSOLUTE
    ssi.c                                    0x00000000   Number         0  ssi.o ABSOLUTE
    ssi_lcfg.c                               0x00000000   Number         0  ssi_lcfg.o ABSOLUTE
    system_TM4C123.c                         0x00000000   Number         0  system_tm4c123.o ABSOLUTE
    RESET                                    0x00000000   Section      620  startup_tm4c123.o(RESET)
    .ARM.Collect$$$$00000000                 0x0000026c   Section        0  entry.o(.ARM.Collect$$$$00000000)
    .ARM.Collect$$$$00000001                 0x0000026c   Section        4  entry2.o(.ARM.Collect$$$$00000001)
    .ARM.Collect$$$$00000004                 0x00000270   Section        4  entry5.o(.ARM.Collect$$$$00000004)
    .ARM.Collect$$$$00000008                 0x00000274   Section        0  entry7b.o(.ARM.Collect$$$$00000008)
    .ARM.Collect$$$$0000000A                 0x00000274   Section        0  entry8b.o(.ARM.Collect$$$$0000000A)
    .ARM.Collect$$$$0000000B                 0x00000274   Section        8  entry9a.o(.ARM.Collect$$$$0000000B)
    __lit__00000000                          0x0000027c   Data           4  entry2.o(.ARM.Collect$$$$00002712)
    .ARM.Collect$$$$0000000D                 0x0000027c   Section        0  entry10a.o(.ARM.Collect$$$$0000000D)
    .ARM.Collect$$$$0000000F                 0x0000027c   Section        0  entry11a.o(.ARM.Collect$$$$0000000F)
    .ARM.Collect$$$$00002712                 0x0000027c   Section        4  entry2.o(.ARM.Collect$$$$00002712)
    $v0                                      0x00000280   Number         0  startup_tm4c123.o(.text)
    .text                                    0x00000280   Section      252  startup_tm4c123.o(.text)
    .text                                    0x0000037c   Section        0  memseta.o(.text)
    .text                                    0x000003a0   Section       48  init.o(.text)
    [Anonymous Symbol]                       0x000003d0   Section        0  main.o(.text.GetCommand_UART1)
    [Anonymous Symbol]                       0x00000424   Section        0  system_tm4c123.o(.text.SystemInit)
    [Anonymous Symbol]                       0x00000530   Section        0  main.o(.text.UART0_Init)
    [Anonymous Symbol]                       0x000005e4   Section        0  main.o(.text.UART0_OutChar)
    [Anonymous Symbol]                       0x00000614   Section        0  main.o(.text.UART0_OutString)
    [Anonymous Symbol]                       0x00000638   Section        0  main.o(.text.UART1_Init)
    [Anonymous Symbol]                       0x000006ec   Section        0  main.o(.text.UART1_getChar)
    [Anonymous Symbol]                       0x00000710   Section        0  main.o(.text.main)
    i.__scatterload_copy                     0x0000073c   Section       14  handlers.o(i.__scatterload_copy)
    i.__scatterload_null                     0x0000074a   Section        2  handlers.o(i.__scatterload_null)
    i.__scatterload_zeroinit                 0x0000074c   Section       14  handlers.o(i.__scatterload_zeroinit)
    STACK                                    0x20000000   Section      512  startup_tm4c123.o(STACK)

    Global Symbols

    Symbol Name                              Value     Ov Type        Size  Object(Section)

    BuildAttributes$$THM_ISAv4$E$P$D$K$B$S$7EM$VFPi3$EXTD16$VFPS$VFMA$PE$A:L22UL41UL21$X:L11$S22US41US21$IEEE1$IW$~IW$USESV6$~STKCKD$USESV7$~SHL$OTIME$ROPI$IEEEX$EBA8$MICROLIB$REQ8$PRES8$EABIv2 0x00000000   Number         0  anon$$obj.o ABSOLUTE
    __Vectors                                0x00000000   Data           4  startup_tm4c123.o(RESET)
    __cpp_initialize__aeabi_                  - Undefined Weak Reference
    __cxa_finalize                            - Undefined Weak Reference
    __decompress                              - Undefined Weak Reference
    _clock_init                               - Undefined Weak Reference
    _microlib_exit                            - Undefined Weak Reference
    __Vectors_End                            0x0000026c   Data           0  startup_tm4c123.o(RESET)
    __Vectors_Size                           0x0000026c   Number         0  startup_tm4c123.o ABSOLUTE
    __main                                   0x0000026d   Thumb Code     0  entry.o(.ARM.Collect$$$$00000000)
    _main_stk                                0x0000026d   Thumb Code     0  entry2.o(.ARM.Collect$$$$00000001)
    _main_scatterload                        0x00000271   Thumb Code     0  entry5.o(.ARM.Collect$$$$00000004)
    __main_after_scatterload                 0x00000275   Thumb Code     0  entry5.o(.ARM.Collect$$$$00000004)
    _main_clock                              0x00000275   Thumb Code     0  entry7b.o(.ARM.Collect$$$$00000008)
    _main_cpp_init                           0x00000275   Thumb Code     0  entry8b.o(.ARM.Collect$$$$0000000A)
    _main_init                               0x00000275   Thumb Code     0  entry9a.o(.ARM.Collect$$$$0000000B)
    __rt_final_cpp                           0x0000027d   Thumb Code     0  entry10a.o(.ARM.Collect$$$$0000000D)
    __rt_final_exit                          0x0000027d   Thumb Code     0  entry11a.o(.ARM.Collect$$$$0000000F)
    Reset_Handler                            0x00000281   Thumb Code     8  startup_tm4c123.o(.text)
    NMI_Handler                              0x00000289   Thumb Code     2  startup_tm4c123.o(.text)
    HardFault_Handler                        0x0000028b   Thumb Code     2  startup_tm4c123.o(.text)
    MemManage_Handler                        0x0000028d   Thumb Code     2  startup_tm4c123.o(.text)
    BusFault_Handler                         0x0000028f   Thumb Code     2  startup_tm4c123.o(.text)
    UsageFault_Handler                       0x00000291   Thumb Code     2  startup_tm4c123.o(.text)
    SVC_Handler                              0x00000293   Thumb Code     2  startup_tm4c123.o(.text)
    DebugMon_Handler                         0x00000295   Thumb Code     2  startup_tm4c123.o(.text)
    PendSV_Handler                           0x00000297   Thumb Code     2  startup_tm4c123.o(.text)
    SysTick_Handler                          0x00000299   Thumb Code     2  startup_tm4c123.o(.text)
    GPIOA_Handler                            0x0000029b   Thumb Code     2  startup_tm4c123.o(.text)
    GPIOB_Handler                            0x0000029d   Thumb Code     2  startup_tm4c123.o(.text)
    GPIOC_Handler                            0x0000029f   Thumb Code     2  startup_tm4c123.o(.text)
    GPIOD_Handler                            0x000002a1   Thumb Code     2  startup_tm4c123.o(.text)
    GPIOE_Handler                            0x000002a3   Thumb Code     2  startup_tm4c123.o(.text)
    UART0_Handler                            0x000002a5   Thumb Code     2  startup_tm4c123.o(.text)
    UART1_Handler                            0x000002a7   Thumb Code     2  startup_tm4c123.o(.text)
    SSI0_Handler                             0x000002a9   Thumb Code     2  startup_tm4c123.o(.text)
    I2C0_Handler                             0x000002ab   Thumb Code     2  startup_tm4c123.o(.text)
    PMW0_FAULT_Handler                       0x000002ad   Thumb Code     2  startup_tm4c123.o(.text)
    PWM0_0_Handler                           0x000002af   Thumb Code     2  startup_tm4c123.o(.text)
    PWM0_1_Handler                           0x000002b1   Thumb Code     2  startup_tm4c123.o(.text)
    PWM0_2_Handler                           0x000002b3   Thumb Code     2  startup_tm4c123.o(.text)
    QEI0_Handler                             0x000002b5   Thumb Code     2  startup_tm4c123.o(.text)
    ADC0SS0_Handler                          0x000002b7   Thumb Code     2  startup_tm4c123.o(.text)
    ADC0SS1_Handler                          0x000002b9   Thumb Code     2  startup_tm4c123.o(.text)
    ADC0SS2_Handler                          0x000002bb   Thumb Code     2  startup_tm4c123.o(.text)
    ADC0SS3_Handler                          0x000002bd   Thumb Code     2  startup_tm4c123.o(.text)
    WDT0_Handler                             0x000002bf   Thumb Code     2  startup_tm4c123.o(.text)
    TIMER0A_Handler                          0x000002c1   Thumb Code     2  startup_tm4c123.o(.text)
    TIMER0B_Handler                          0x000002c3   Thumb Code     2  startup_tm4c123.o(.text)
    TIMER1A_Handler                          0x000002c5   Thumb Code     2  startup_tm4c123.o(.text)
    TIMER1B_Handler                          0x000002c7   Thumb Code     2  startup_tm4c123.o(.text)
    TIMER2A_Handler                          0x000002c9   Thumb Code     2  startup_tm4c123.o(.text)
    TIMER2B_Handler                          0x000002cb   Thumb Code     2  startup_tm4c123.o(.text)
    COMP0_Handler                            0x000002cd   Thumb Code     2  startup_tm4c123.o(.text)
    COMP1_Handler                            0x000002cf   Thumb Code     2  startup_tm4c123.o(.text)
    COMP2_Handler                            0x000002d1   Thumb Code     2  startup_tm4c123.o(.text)
    SYSCTL_Handler                           0x000002d3   Thumb Code     2  startup_tm4c123.o(.text)
    FLASH_Handler                            0x000002d5   Thumb Code     2  startup_tm4c123.o(.text)
    GPIOF_Handler                            0x000002d7   Thumb Code     2  startup_tm4c123.o(.text)
    GPIOG_Handler                            0x000002d9   Thumb Code     2  startup_tm4c123.o(.text)
    GPIOH_Handler                            0x000002db   Thumb Code     2  startup_tm4c123.o(.text)
    UART2_Handler                            0x000002dd   Thumb Code     2  startup_tm4c123.o(.text)
    SSI1_Handler                             0x000002df   Thumb Code     2  startup_tm4c123.o(.text)
    TIMER3A_Handler                          0x000002e1   Thumb Code     2  startup_tm4c123.o(.text)
    TIMER3B_Handler                          0x000002e3   Thumb Code     2  startup_tm4c123.o(.text)
    I2C1_Handler                             0x000002e5   Thumb Code     2  startup_tm4c123.o(.text)
    QEI1_Handler                             0x000002e7   Thumb Code     2  startup_tm4c123.o(.text)
    CAN0_Handler                             0x000002e9   Thumb Code     2  startup_tm4c123.o(.text)
    CAN1_Handler                             0x000002eb   Thumb Code     2  startup_tm4c123.o(.text)
    CAN2_Handler                             0x000002ed   Thumb Code     2  startup_tm4c123.o(.text)
    HIB_Handler                              0x000002ef   Thumb Code     2  startup_tm4c123.o(.text)
    USB0_Handler                             0x000002f1   Thumb Code     2  startup_tm4c123.o(.text)
    PWM0_3_Handler                           0x000002f3   Thumb Code     2  startup_tm4c123.o(.text)
    UDMA_Handler                             0x000002f5   Thumb Code     2  startup_tm4c123.o(.text)
    UDMAERR_Handler                          0x000002f7   Thumb Code     2  startup_tm4c123.o(.text)
    ADC1SS0_Handler                          0x000002f9   Thumb Code     2  startup_tm4c123.o(.text)
    ADC1SS1_Handler                          0x000002fb   Thumb Code     2  startup_tm4c123.o(.text)
    ADC1SS2_Handler                          0x000002fd   Thumb Code     2  startup_tm4c123.o(.text)
    ADC1SS3_Handler                          0x000002ff   Thumb Code     2  startup_tm4c123.o(.text)
    GPIOJ_Handler                            0x00000301   Thumb Code     2  startup_tm4c123.o(.text)
    GPIOK_Handler                            0x00000303   Thumb Code     2  startup_tm4c123.o(.text)
    GPIOL_Handler                            0x00000305   Thumb Code     2  startup_tm4c123.o(.text)
    SSI2_Handler                             0x00000307   Thumb Code     2  startup_tm4c123.o(.text)
    SSI3_Handler                             0x00000309   Thumb Code     2  startup_tm4c123.o(.text)
    UART3_Handler                            0x0000030b   Thumb Code     2  startup_tm4c123.o(.text)
    UART4_Handler                            0x0000030d   Thumb Code     2  startup_tm4c123.o(.text)
    UART5_Handler                            0x0000030f   Thumb Code     2  startup_tm4c123.o(.text)
    UART6_Handler                            0x00000311   Thumb Code     2  startup_tm4c123.o(.text)
    UART7_Handler                            0x00000313   Thumb Code     2  startup_tm4c123.o(.text)
    I2C2_Handler                             0x00000315   Thumb Code     2  startup_tm4c123.o(.text)
    I2C3_Handler                             0x00000317   Thumb Code     2  startup_tm4c123.o(.text)
    TIMER4A_Handler                          0x00000319   Thumb Code     2  startup_tm4c123.o(.text)
    TIMER4B_Handler                          0x0000031b   Thumb Code     2  startup_tm4c123.o(.text)
    TIMER5A_Handler                          0x0000031d   Thumb Code     2  startup_tm4c123.o(.text)
    TIMER5B_Handler                          0x0000031f   Thumb Code     2  startup_tm4c123.o(.text)
    WTIMER0A_Handler                         0x00000321   Thumb Code     2  startup_tm4c123.o(.text)
    WTIMER0B_Handler                         0x00000323   Thumb Code     2  startup_tm4c123.o(.text)
    WTIMER1A_Handler                         0x00000325   Thumb Code     2  startup_tm4c123.o(.text)
    WTIMER1B_Handler                         0x00000327   Thumb Code     2  startup_tm4c123.o(.text)
    WTIMER2A_Handler                         0x00000329   Thumb Code     2  startup_tm4c123.o(.text)
    WTIMER2B_Handler                         0x0000032b   Thumb Code     2  startup_tm4c123.o(.text)
    WTIMER3A_Handler                         0x0000032d   Thumb Code     2  startup_tm4c123.o(.text)
    WTIMER3B_Handler                         0x0000032f   Thumb Code     2  startup_tm4c123.o(.text)
    WTIMER4A_Handler                         0x00000331   Thumb Code     2  startup_tm4c123.o(.text)
    WTIMER4B_Handler                         0x00000333   Thumb Code     2  startup_tm4c123.o(.text)
    WTIMER5A_Handler                         0x00000335   Thumb Code     2  startup_tm4c123.o(.text)
    WTIMER5B_Handler                         0x00000337   Thumb Code     2  startup_tm4c123.o(.text)
    FPU_Handler                              0x00000339   Thumb Code     2  startup_tm4c123.o(.text)
    I2C4_Handler                             0x0000033b   Thumb Code     2  startup_tm4c123.o(.text)
    I2C5_Handler                             0x0000033d   Thumb Code     2  startup_tm4c123.o(.text)
    GPIOM_Handler                            0x0000033f   Thumb Code     2  startup_tm4c123.o(.text)
    GPION_Handler                            0x00000341   Thumb Code     2  startup_tm4c123.o(.text)
    QEI2_Handler                             0x00000343   Thumb Code     2  startup_tm4c123.o(.text)
    GPIOP0_Handler                           0x00000345   Thumb Code     2  startup_tm4c123.o(.text)
    GPIOP1_Handler                           0x00000347   Thumb Code     2  startup_tm4c123.o(.text)
    GPIOP2_Handler                           0x00000349   Thumb Code     2  startup_tm4c123.o(.text)
    GPIOP3_Handler                           0x0000034b   Thumb Code     2  startup_tm4c123.o(.text)
    GPIOP4_Handler                           0x0000034d   Thumb Code     2  startup_tm4c123.o(.text)
    GPIOP5_Handler                           0x0000034f   Thumb Code     2  startup_tm4c123.o(.text)
    GPIOP6_Handler                           0x00000351   Thumb Code     2  startup_tm4c123.o(.text)
    GPIOP7_Handler                           0x00000353   Thumb Code     2  startup_tm4c123.o(.text)
    GPIOQ0_Handler                           0x00000355   Thumb Code     2  startup_tm4c123.o(.text)
    GPIOQ1_Handler                           0x00000357   Thumb Code     2  startup_tm4c123.o(.text)
    GPIOQ2_Handler                           0x00000359   Thumb Code     2  startup_tm4c123.o(.text)
    GPIOQ3_Handler                           0x0000035b   Thumb Code     2  startup_tm4c123.o(.text)
    GPIOQ4_Handler                           0x0000035d   Thumb Code     2  startup_tm4c123.o(.text)
    GPIOQ5_Handler                           0x0000035f   Thumb Code     2  startup_tm4c123.o(.text)
    GPIOQ6_Handler                           0x00000361   Thumb Code     2  startup_tm4c123.o(.text)
    GPIOQ7_Handler                           0x00000363   Thumb Code     2  startup_tm4c123.o(.text)
    GPIOR_Handler                            0x00000365   Thumb Code     2  startup_tm4c123.o(.text)
    GPIOS_Handler                            0x00000367   Thumb Code     2  startup_tm4c123.o(.text)
    PMW1_0_Handler                           0x00000369   Thumb Code     2  startup_tm4c123.o(.text)
    PWM1_1_Handler                           0x0000036b   Thumb Code     2  startup_tm4c123.o(.text)
    PWM1_2_Handler                           0x0000036d   Thumb Code     2  startup_tm4c123.o(.text)
    PWM1_3_Handler                           0x0000036f   Thumb Code     2  startup_tm4c123.o(.text)
    PWM1_FAULT_Handler                       0x00000371   Thumb Code     2  startup_tm4c123.o(.text)
    __aeabi_memset                           0x0000037d   Thumb Code    14  memseta.o(.text)
    __aeabi_memset4                          0x0000037d   Thumb Code     0  memseta.o(.text)
    __aeabi_memset8                          0x0000037d   Thumb Code     0  memseta.o(.text)
    __aeabi_memclr                           0x0000038b   Thumb Code     4  memseta.o(.text)
    __aeabi_memclr4                          0x0000038b   Thumb Code     0  memseta.o(.text)
    __aeabi_memclr8                          0x0000038b   Thumb Code     0  memseta.o(.text)
    _memset$wrapper                          0x0000038f   Thumb Code    18  memseta.o(.text)
    __scatterload                            0x000003a1   Thumb Code    38  init.o(.text)
    __scatterload_rt2                        0x000003a1   Thumb Code     0  init.o(.text)
    GetCommand_UART1                         0x000003d1   Thumb Code    82  main.o(.text.GetCommand_UART1)
    SystemInit                               0x00000425   Thumb Code   268  system_tm4c123.o(.text.SystemInit)
    UART0_Init                               0x00000531   Thumb Code   178  main.o(.text.UART0_Init)
    UART0_OutChar                            0x000005e5   Thumb Code    46  main.o(.text.UART0_OutChar)
    UART0_OutString                          0x00000615   Thumb Code    36  main.o(.text.UART0_OutString)
    UART1_Init                               0x00000639   Thumb Code   178  main.o(.text.UART1_Init)
    UART1_getChar                            0x000006ed   Thumb Code    36  main.o(.text.UART1_getChar)
    main                                     0x00000711   Thumb Code    44  main.o(.text.main)
    __scatterload_copy                       0x0000073d   Thumb Code    14  handlers.o(i.__scatterload_copy)
    __scatterload_null                       0x0000074b   Thumb Code     2  handlers.o(i.__scatterload_null)
    __scatterload_zeroinit                   0x0000074d   Thumb Code    14  handlers.o(i.__scatterload_zeroinit)
    Region$$Table$$Base                      0x0000075c   Number         0  anon$$obj.o(Region$$Table)
    Region$$Table$$Limit                     0x0000076c   Number         0  anon$$obj.o(Region$$Table)
    __initial_sp                             0x20000200   Data           0  startup_tm4c123.o(STACK)



==============================================================================

Memory Map of the image

  Image Entry point : 0x0000026d

  Load Region LR_IROM1 (Base: 0x00000000, Size: 0x0000076c, Max: 0x00040000, ABSOLUTE)

    Execution Region ER_IROM1 (Exec base: 0x00000000, Load base: 0x00000000, Size: 0x0000076c, Max: 0x00040000, ABSOLUTE)

    Exec Addr    Load Addr    Size         Type   Attr      Idx    E Section Name        Object

    0x00000000   0x00000000   0x0000026c   Data   RO          295    RESET               startup_tm4c123.o
    0x0000026c   0x0000026c   0x00000000   Code   RO          353  * .ARM.Collect$$$$00000000  mc_w.l(entry.o)
    0x0000026c   0x0000026c   0x00000004   Code   RO          425    .ARM.Collect$$$$00000001  mc_w.l(entry2.o)
    0x00000270   0x00000270   0x00000004   Code   RO          428    .ARM.Collect$$$$00000004  mc_w.l(entry5.o)
    0x00000274   0x00000274   0x00000000   Code   RO          430    .ARM.Collect$$$$00000008  mc_w.l(entry7b.o)
    0x00000274   0x00000274   0x00000000   Code   RO          432    .ARM.Collect$$$$0000000A  mc_w.l(entry8b.o)
    0x00000274   0x00000274   0x00000008   Code   RO          433    .ARM.Collect$$$$0000000B  mc_w.l(entry9a.o)
    0x0000027c   0x0000027c   0x00000000   Code   RO          435    .ARM.Collect$$$$0000000D  mc_w.l(entry10a.o)
    0x0000027c   0x0000027c   0x00000000   Code   RO          437    .ARM.Collect$$$$0000000F  mc_w.l(entry11a.o)
    0x0000027c   0x0000027c   0x00000004   Code   RO          426    .ARM.Collect$$$$00002712  mc_w.l(entry2.o)
    0x00000280   0x00000280   0x000000fc   Code   RO          296    .text               startup_tm4c123.o
    0x0000037c   0x0000037c   0x00000024   Code   RO          356    .text               mc_w.l(memseta.o)
    0x000003a0   0x000003a0   0x00000030   Code   RO          469    .text               mc_w.l(init.o)
    0x000003d0   0x000003d0   0x00000052   Code   RO           81    .text.GetCommand_UART1  main.o
    0x00000422   0x00000422   0x00000002   PAD
    0x00000424   0x00000424   0x0000010c   Code   RO          307    .text.SystemInit    system_tm4c123.o
    0x00000530   0x00000530   0x000000b2   Code   RO           63    .text.UART0_Init    main.o
    0x000005e2   0x000005e2   0x00000002   PAD
    0x000005e4   0x000005e4   0x0000002e   Code   RO           67    .text.UART0_OutChar  main.o
    0x00000612   0x00000612   0x00000002   PAD
    0x00000614   0x00000614   0x00000024   Code   RO           69    .text.UART0_OutString  main.o
    0x00000638   0x00000638   0x000000b2   Code   RO           73    .text.UART1_Init    main.o
    0x000006ea   0x000006ea   0x00000002   PAD
    0x000006ec   0x000006ec   0x00000024   Code   RO           75    .text.UART1_getChar  main.o
    0x00000710   0x00000710   0x0000002c   Code   RO           85    .text.main          main.o
    0x0000073c   0x0000073c   0x0000000e   Code   RO          488    i.__scatterload_copy  mc_w.l(handlers.o)
    0x0000074a   0x0000074a   0x00000002   Code   RO          489    i.__scatterload_null  mc_w.l(handlers.o)
    0x0000074c   0x0000074c   0x0000000e   Code   RO          490    i.__scatterload_zeroinit  mc_w.l(handlers.o)
    0x0000075a   0x0000075a   0x00000002   PAD
    0x0000075c   0x0000075c   0x00000010   Data   RO          487    Region$$Table       anon$$obj.o


    Execution Region RW_IRAM1 (Exec base: 0x20000000, Load base: 0x0000076c, Size: 0x00000200, Max: 0x00008000, ABSOLUTE)

    Exec Addr    Load Addr    Size         Type   Attr      Idx    E Section Name        Object

    0x20000000        -       0x00000200   Zero   RW          293    STACK               startup_tm4c123.o


==============================================================================

Image component sizes


      Code (inc. data)   RO Data    RW Data    ZI Data      Debug   Object Name

       600          0          0          0          0       3178   main.o
       252         10        620          0        512       5464   startup_tm4c123.o
       268          0          0          0          0       6799   system_tm4c123.o

    ----------------------------------------------------------------------
      1128         10        636          0        512      15441   Object Totals
         0          0         16          0          0          0   (incl. Generated)
         8          0          0          0          0          0   (incl. Padding)

    ----------------------------------------------------------------------

      Code (inc. data)   RO Data    RW Data    ZI Data      Debug   Library Member Name

         0          0          0          0          0          0   entry.o
         0          0          0          0          0          0   entry10a.o
         0          0          0          0          0          0   entry11a.o
         8          4          0          0          0          0   entry2.o
         4          0          0          0          0          0   entry5.o
         0          0          0          0          0          0   entry7b.o
         0          0          0          0          0          0   entry8b.o
         8          4          0          0          0          0   entry9a.o
        30          0          0          0          0          0   handlers.o
        48         10          0          0          0         68   init.o
        36          0          0          0          0        108   memseta.o

    ----------------------------------------------------------------------
       136         18          0          0          0        176   Library Totals
         2          0          0          0          0          0   (incl. Padding)

    ----------------------------------------------------------------------

      Code (inc. data)   RO Data    RW Data    ZI Data      Debug   Library Name

       134         18          0          0          0        176   mc_w.l

    ----------------------------------------------------------------------
       136         18          0          0          0        176   Library Totals

    ----------------------------------------------------------------------

==============================================================================


      Code (inc. data)   RO Data    RW Data    ZI Data      Debug   

      1264         28        636          0        512      15801   Grand Totals
      1264         28        636          0        512      15801   ELF Image Totals
      1264         28        636          0          0          0   ROM Totals

==============================================================================

    Total RO  Size (Code + RO Data)                 1900 (   1.86kB)
    Total RW  Size (RW Data + ZI Data)               512 (   0.50kB)
    Total ROM Size (Code + RO Data + RW Data)       1900 (   1.86kB)

==============================================================================

