Component: Arm Compiler for Embedded 6.21 Tool: armlink [5ec1fa00]

==============================================================================

Section Cross References

    eeprom_program.o(.ARM.exidx.text.init_EEPROM) refers to eeprom_program.o(.text.init_EEPROM) for [Anonymous Symbol]
    eeprom_program.o(.ARM.exidx.text.write_EEPROM) refers to eeprom_program.o(.text.write_EEPROM) for [Anonymous Symbol]
    eeprom_program.o(.ARM.exidx.text.read_EEPROM) refers to eeprom_program.o(.text.read_EEPROM) for [Anonymous Symbol]
    gpio_program.o(.ARM.exidx.text.GPIO_voidInit_port_F) refers to gpio_program.o(.text.GPIO_voidInit_port_F) for [Anonymous Symbol]
    gpio_program.o(.ARM.exidx.text.GPIO_voidInit_port_A) refers to gpio_program.o(.text.GPIO_voidInit_port_A) for [Anonymous Symbol]
    gpio_program.o(.ARM.exidx.text.GPIO_u8Get_Switch) refers to gpio_program.o(.text.GPIO_u8Get_Switch) for [Anonymous Symbol]
    gpio_program.o(.ARM.exidx.text.Led_controlled) refers to gpio_program.o(.text.Led_controlled) for [Anonymous Symbol]
    gpio_program.o(.ARM.exidx.text.GPIO_voidRGB_LED) refers to gpio_program.o(.text.GPIO_voidRGB_LED) for [Anonymous Symbol]
    gpio_program.o(.ARM.exidx.text.GPIO_voidSet_Pin_value) refers to gpio_program.o(.text.GPIO_voidSet_Pin_value) for [Anonymous Symbol]
    gpio_program.o(.ARM.exidx.text.GPIO_voidToggle_pin) refers to gpio_program.o(.text.GPIO_voidToggle_pin) for [Anonymous Symbol]
    gpio_program.o(.ARM.exidx.text.GPIO_voidGet_Pin_Value) refers to gpio_program.o(.text.GPIO_voidGet_Pin_Value) for [Anonymous Symbol]
    spi_program.o(.text.SPI_Init) refers to spi_program.o(.text.SPI_Gpio_configure) for SPI_Gpio_configure
    spi_program.o(.text.SPI_Init) refers to spi_program.o(.text.SPI_Disable) for SPI_Disable
    spi_program.o(.text.SPI_Init) refers to spi_program.o(.text.SPI_MasterSlave_Set) for SPI_MasterSlave_Set
    spi_program.o(.text.SPI_Init) refers to spi_program.o(.text.SPI_ClockSource_Set) for SPI_ClockSource_Set
    spi_program.o(.text.SPI_Init) refers to spi_program.o(.text.SPI_ClockDivider_Set) for SPI_ClockDivider_Set
    spi_program.o(.text.SPI_Init) refers to spi_program.o(.text.SPI_FrameFormat_Set) for SPI_FrameFormat_Set
    spi_program.o(.text.SPI_Init) refers to spi_program.o(.text.SPI_ClockPolarityPhase_set) for SPI_ClockPolarityPhase_set
    spi_program.o(.text.SPI_Init) refers to spi_program.o(.text.SPI_DataSize_set) for SPI_DataSize_set
    spi_program.o(.text.SPI_Init) refers to spi_program.o(.bss.spihandler) for spihandler
    spi_program.o(.text.SPI_Init) refers to spi_program.o(.text.SPI_Enable) for SPI_Enable
    spi_program.o(.ARM.exidx.text.SPI_Init) refers to spi_program.o(.text.SPI_Init) for [Anonymous Symbol]
    spi_program.o(.ARM.exidx.text.SPI_Gpio_configure) refers to spi_program.o(.text.SPI_Gpio_configure) for [Anonymous Symbol]
    spi_program.o(.ARM.exidx.text.SPI_Disable) refers to spi_program.o(.text.SPI_Disable) for [Anonymous Symbol]
    spi_program.o(.ARM.exidx.text.SPI_MasterSlave_Set) refers to spi_program.o(.text.SPI_MasterSlave_Set) for [Anonymous Symbol]
    spi_program.o(.ARM.exidx.text.SPI_ClockSource_Set) refers to spi_program.o(.text.SPI_ClockSource_Set) for [Anonymous Symbol]
    spi_program.o(.ARM.exidx.text.SPI_ClockDivider_Set) refers to spi_program.o(.text.SPI_ClockDivider_Set) for [Anonymous Symbol]
    spi_program.o(.ARM.exidx.text.SPI_FrameFormat_Set) refers to spi_program.o(.text.SPI_FrameFormat_Set) for [Anonymous Symbol]
    spi_program.o(.ARM.exidx.text.SPI_ClockPolarityPhase_set) refers to spi_program.o(.text.SPI_ClockPolarityPhase_set) for [Anonymous Symbol]
    spi_program.o(.ARM.exidx.text.SPI_DataSize_set) refers to spi_program.o(.text.SPI_DataSize_set) for [Anonymous Symbol]
    spi_program.o(.ARM.exidx.text.SPI_Enable) refers to spi_program.o(.text.SPI_Enable) for [Anonymous Symbol]
    spi_program.o(.ARM.exidx.text.SPI_Master_Transmit) refers to spi_program.o(.text.SPI_Master_Transmit) for [Anonymous Symbol]
    spi_program.o(.text.SPI_Master_Receive) refers to spi_program.o(.text.spi_delay) for spi_delay
    spi_program.o(.ARM.exidx.text.SPI_Master_Receive) refers to spi_program.o(.text.SPI_Master_Receive) for [Anonymous Symbol]
    spi_program.o(.ARM.exidx.text.spi_delay) refers to spi_program.o(.text.spi_delay) for [Anonymous Symbol]
    spi_program.o(.ARM.exidx.text.SPI_Slave_Transmit) refers to spi_program.o(.text.SPI_Slave_Transmit) for [Anonymous Symbol]
    spi_program.o(.text.SPI_Slave_Receive) refers to spi_program.o(.text.spi_delay) for spi_delay
    spi_program.o(.ARM.exidx.text.SPI_Slave_Receive) refers to spi_program.o(.text.SPI_Slave_Receive) for [Anonymous Symbol]
    spi_program.o(.text.MastersendFromInterrupt) refers to spi_program.o(.text.SPI_InterruptStatus) for SPI_InterruptStatus
    spi_program.o(.text.MastersendFromInterrupt) refers to spi_program.o(.text.SPI_InterruptMask) for SPI_InterruptMask
[...]
    .ARM.Collect$$libinit$$00000006          0x00000312   Section        0  libinit2.o(.ARM.Collect$$libinit$$00000006)
    .ARM.Collect$$libinit$$0000000C          0x00000312   Section        0  libinit2.o(.ARM.Collect$$libinit$$0000000C)
    .ARM.Collect$$libinit$$0000000E          0x00000312   Section        0  libinit2.o(.ARM.Collect$$libinit$$0000000E)
    .ARM.Collect$$libinit$$00000010          0x00000312   Section        0  libinit2.o(.ARM.Collect$$libinit$$00000010)
    .ARM.Collect$$libinit$$00000011          0x00000312   Section        6  libinit2.o(.ARM.Collect$$libinit$$00000011)
    .ARM.Collect$$libinit$$00000013          0x00000318   Section        0  libinit2.o(.ARM.Collect$$libinit$$00000013)
    .ARM.Collect$$libinit$$00000014          0x00000318   Section       12  libinit2.o(.ARM.Collect$$libinit$$00000014)
    .ARM.Collect$$libinit$$00000015          0x00000324   Section        0  libinit2.o(.ARM.Collect$$libinit$$00000015)
    .ARM.Collect$$libinit$$00000017          0x00000324   Section        0  libinit2.o(.ARM.Collect$$libinit$$00000017)
    .ARM.Collect$$libinit$$00000018          0x00000324   Section       10  libinit2.o(.ARM.Collect$$libinit$$00000018)
    .ARM.Collect$$libinit$$00000019          0x0000032e   Section        0  libinit2.o(.ARM.Collect$$libinit$$00000019)
    .ARM.Collect$$libinit$$0000001B          0x0000032e   Section        0  libinit2.o(.ARM.Collect$$libinit$$0000001B)
    .ARM.Collect$$libinit$$0000001D          0x0000032e   Section        0  libinit2.o(.ARM.Collect$$libinit$$0000001D)
    .ARM.Collect$$libinit$$0000001F          0x0000032e   Section        0  libinit2.o(.ARM.Collect$$libinit$$0000001F)
    .ARM.Collect$$libinit$$00000021          0x0000032e   Section        0  libinit2.o(.ARM.Collect$$libinit$$00000021)
    .ARM.Collect$$libinit$$00000023          0x0000032e   Section        0  libinit2.o(.ARM.Collect$$libinit$$00000023)
    .ARM.Collect$$libinit$$00000025          0x0000032e   Section        0  libinit2.o(.ARM.Collect$$libinit$$00000025)
    .ARM.Collect$$libinit$$00000027          0x0000032e   Section        0  libinit2.o(.ARM.Collect$$libinit$$00000027)
    .ARM.Collect$$libinit$$0000002E          0x0000032e   Section        0  libinit2.o(.ARM.Collect$$libinit$$0000002E)
    .ARM.Collect$$libinit$$00000030          0x0000032e   Section        0  libinit2.o(.ARM.Collect$$libinit$$00000030)
    .ARM.Collect$$libinit$$00000032          0x0000032e   Section        0  libinit2.o(.ARM.Collect$$libinit$$00000032)
    .ARM.Collect$$libinit$$00000034          0x0000032e   Section        0  libinit2.o(.ARM.Collect$$libinit$$00000034)
    .ARM.Collect$$libinit$$00000035          0x0000032e   Section        2  libinit2.o(.ARM.Collect$$libinit$$00000035)
    .ARM.Collect$$libshutdown$$00000000      0x00000330   Section        2  libshutdown.o(.ARM.Collect$$libshutdown$$00000000)
    .ARM.Collect$$libshutdown$$00000002      0x00000332   Section        0  libshutdown2.o(.ARM.Collect$$libshutdown$$00000002)
    .ARM.Collect$$libshutdown$$00000004      0x00000332   Section        0  libshutdown2.o(.ARM.Collect$$libshutdown$$00000004)
    .ARM.Collect$$libshutdown$$00000007      0x00000332   Section        0  libshutdown2.o(.ARM.Collect$$libshutdown$$00000007)
    .ARM.Collect$$libshutdown$$0000000A      0x00000332   Section        0  libshutdown2.o(.ARM.Collect$$libshutdown$$0000000A)
    .ARM.Collect$$libshutdown$$0000000C      0x00000332   Section        0  libshutdown2.o(.ARM.Collect$$libshutdown$$0000000C)
    .ARM.Collect$$libshutdown$$0000000F      0x00000332   Section        0  libshutdown2.o(.ARM.Collect$$libshutdown$$0000000F)
    .ARM.Collect$$libshutdown$$00000010      0x00000332   Section        2  libshutdown2.o(.ARM.Collect$$libshutdown$$00000010)
    .ARM.Collect$$rtentry$$00000000          0x00000334   Section        0  __rtentry.o(.ARM.Collect$$rtentry$$00000000)
    .ARM.Collect$$rtentry$$00000002          0x00000334   Section        0  __rtentry2.o(.ARM.Collect$$rtentry$$00000002)
    .ARM.Collect$$rtentry$$00000004          0x00000334   Section        6  __rtentry4.o(.ARM.Collect$$rtentry$$00000004)
    .ARM.Collect$$rtentry$$00000009          0x0000033a   Section        0  __rtentry2.o(.ARM.Collect$$rtentry$$00000009)
    .ARM.Collect$$rtentry$$0000000A          0x0000033a   Section        4  __rtentry2.o(.ARM.Collect$$rtentry$$0000000A)
    .ARM.Collect$$rtentry$$0000000C          0x0000033e   Section        0  __rtentry2.o(.ARM.Collect$$rtentry$$0000000C)
    .ARM.Collect$$rtentry$$0000000D          0x0000033e   Section        8  __rtentry2.o(.ARM.Collect$$rtentry$$0000000D)
    .ARM.Collect$$rtexit$$00000000           0x00000346   Section        2  rtexit.o(.ARM.Collect$$rtexit$$00000000)
    .ARM.Collect$$rtexit$$00000002           0x00000348   Section        0  rtexit2.o(.ARM.Collect$$rtexit$$00000002)
    .ARM.Collect$$rtexit$$00000003           0x00000348   Section        4  rtexit2.o(.ARM.Collect$$rtexit$$00000003)
    .ARM.Collect$$rtexit$$00000004           0x0000034c   Section        6  rtexit2.o(.ARM.Collect$$rtexit$$00000004)
    $v0                                      0x00000354   Number         0  startup_tm4c123.o(.text)
    .text                                    0x00000354   Section      276  startup_tm4c123.o(.text)
    .text                                    0x00000468   Section        0  strtok.o(.text)
    .text                                    0x00000474   Section        0  strcpy.o(.text)
    .text                                    0x000004c0   Section      124  strcmpv7em.o(.text)
    .text                                    0x0000053c   Section        0  heapauxi.o(.text)
    .text                                    0x00000542   Section        0  _rserrno.o(.text)
    _local_sscanf                            0x00000559   Thumb Code    68  strtod.o(.text)
    .text                                    0x00000558   Section        0  strtod.o(.text)
    .text                                    0x00000608   Section        0  strtok_int.o(.text)
    .text                                    0x0000064c   Section        8  rt_errno_addr_intlibspace.o(.text)
    .text                                    0x00000654   Section        0  isspace.o(.text)
    .text                                    0x00000666   Section        0  _sgetc.o(.text)
    .text                                    0x000006a6   Section        0  strcspn.o(.text)
    .text                                    0x000006c6   Section        0  strspn.o(.text)
    .text                                    0x000006e4   Section        8  libspace.o(.text)
    .text                                    0x000006ec   Section       74  sys_stackheap_outer.o(.text)
    .text                                    0x00000738   Section       16  rt_ctype_table.o(.text)
    _fp_value                                0x00000749   Thumb Code   588  scanf_fp.o(.text)
    .text                                    0x00000748   Section        0  scanf_fp.o(.text)
    .text                                    0x00000c40   Section        0  exit.o(.text)
    .text                                    0x00000c54   Section        8  rt_locale_intlibspace.o(.text)
    .text                                    0x00000c5c   Section       38  llshl.o(.text)
    .text                                    0x00000c84   Section        0  bigflt0.o(.text)
    .text                                    0x00000d68   Section        0  scanf_hexfp.o(.text)
    .text                                    0x00001088   Section        0  scanf_infnan.o(.text)
    .text                                    0x000011bc   Section        0  sys_exit.o(.text)
    .text                                    0x000011c8   Section        0  _chval.o(.text)
    .text                                    0x000011e4   Section        2  use_no_semi.o(.text)
    .text                                    0x000011e6   Section        0  indicate_semi.o(.text)
    [Anonymous Symbol]                       0x000011e8   Section        0  gps.o(.text.Calc_Distance)
    [Anonymous Symbol]                       0x00001460   Section        0  gpio_program.o(.text.GPIO_voidInit_port_A)
    [Anonymous Symbol]                       0x00001510   Section        0  gpio_program.o(.text.GPIO_voidInit_port_F)
    [Anonymous Symbol]                       0x000015b0   Section        0  gps.o(.text.GPS_Read)
    [Anonymous Symbol]                       0x00001670   Section        0  gps.o(.text.GPS_format)
    [Anonymous Symbol]                       0x000017d8   Section        0  spi_program.o(.text.MasterReceiveFromInterrupt)
    [Anonymous Symbol]                       0x00001958   Section        0  spi_program.o(.text.MastersendFromInterrupt)
    SPI_InterruptMask                        0x000019c5   Thumb Code    24  spi_program.o(.text.SPI_InterruptMask)
    [Anonymous Symbol]                       0x000019c4   Section        0  spi_program.o(.text.SPI_InterruptMask)
    SPI_InterruptStatus                      0x000019dd   Thumb Code    22  spi_program.o(.text.SPI_InterruptStatus)
    [Anonymous Symbol]                       0x000019dc   Section        0  spi_program.o(.text.SPI_InterruptStatus)
    [Anonymous Symbol]                       0x000019f4   Section        0  spi_program.o(.text.SSI0_Handler)
    [Anonymous Symbol]                       0x00001abc   Section        0  spi_program.o(.text.SSI1_Handler)
    [Anonymous Symbol]                       0x00001b84   Section        0  spi_program.o(.text.SSI2_Handler)
    [Anonymous Symbol]                       0x00001c4c   Section        0  spi_program.o(.text.SSI3_Handler)
    [Anonymous Symbol]                       0x00001d14   Section        0  spi_program.o(.text.SlaveReceiveFromInterrupt)
    [Anonymous Symbol]                       0x00001d8c   Section        0  spi_program.o(.text.SlaveTransmitFromInterrupt)
    [Anonymous Symbol]                       0x00001e48   Section        0  sys_tick.o(.text.SysTick_Init)
    [Anonymous Symbol]                       0x00001e74   Section        0  system_tm4c123.o(.text.SystemInit)
    [Anonymous Symbol]                       0x00001f80   Section        0  uart_program.o(.text.UART_u8Init)
    [Anonymous Symbol]                       0x00002fd8   Section        0  uart_program.o(.text.UART_u8ReceiveByte)
    [Anonymous Symbol]                       0x000033b0   Section        0  gps.o(.text.Value_to_Degree)
    [Anonymous Symbol]                       0x000033c0   Section        0  main.o(.text.itoa)
    [Anonymous Symbol]                       0x00003484   Section        0  gps.o(.text.length)
    [Anonymous Symbol]                       0x00003490   Section        0  main.o(.text.main)
    [Anonymous Symbol]                       0x000035a8   Section        0  main.o(.text.reverse)
    spi_delay                                0x000035f5   Thumb Code    56  spi_program.o(.text.spi_delay)
    [Anonymous Symbol]                       0x000035f4   Section        0  spi_program.o(.text.spi_delay)
    CL$$btod_div_common                      0x0000362c   Section      824  btod.o(CL$$btod_div_common)
    CL$$btod_e2d                             0x00003964   Section      132  btod.o(CL$$btod_e2d)
    CL$$btod_e2e                             0x000039e8   Section      220  btod.o(CL$$btod_e2e)
    CL$$btod_ediv                            0x00003ac4   Section       42  btod.o(CL$$btod_ediv)
    CL$$btod_edivd                           0x00003aee   Section       42  btod.o(CL$$btod_edivd)
    CL$$btod_emul                            0x00003b18   Section       42  btod.o(CL$$btod_emul)
    CL$$btod_emuld                           0x00003b42   Section       42  btod.o(CL$$btod_emuld)
    CL$$btod_mult_common                     0x00003b6c   Section      580  btod.o(CL$$btod_mult_common)
    i.__ARM_fpclassify                       0x00003db0   Section        0  fpclassify.o(i.__ARM_fpclassify)
    i.__hardfp___mathlib_tofloat             0x00003de0   Section        0  narrow.o(i.__hardfp___mathlib_tofloat)
    i.__hardfp_atan                          0x00003ed8   Section        0  atan.o(i.__hardfp_atan)
    i.__hardfp_atan2                         0x000041b0   Section        0  atan2.o(i.__hardfp_atan2)
    i.__hardfp_atof                          0x000043b0   Section        0  atof.o(i.__hardfp_atof)
    i.__hardfp_cos                           0x000043e8   Section        0  cos.o(i.__hardfp_cos)
    i.__hardfp_ldexp                         0x000044b0   Section        0  ldexp.o(i.__hardfp_ldexp)
    i.__hardfp_sin                           0x00004580   Section        0  sin.o(i.__hardfp_sin)
    i.__hardfp_sqrt                          0x00004648   Section        0  sqrt.o(i.__hardfp_sqrt)
    i.__ieee754_rem_pio2                     0x000046c8   Section        0  rred.o(i.__ieee754_rem_pio2)
    i.__kernel_cos                           0x00004b00   Section        0  cos_i.o(i.__kernel_cos)
    i.__kernel_poly                          0x00004c70   Section        0  poly.o(i.__kernel_poly)
    i.__kernel_sin                           0x00004d68   Section        0  sin_i.o(i.__kernel_sin)
    i.__mathlib_dbl_infnan                   0x00004e98   Section        0  dunder.o(i.__mathlib_dbl_infnan)
    i.__mathlib_dbl_infnan2                  0x00004eac   Section        0  dunder.o(i.__mathlib_dbl_infnan2)
    i.__mathlib_dbl_invalid                  0x00004ec0   Section        0  dunder.o(i.__mathlib_dbl_invalid)
    i.__mathlib_dbl_overflow                 0x00004ee0   Section        0  dunder.o(i.__mathlib_dbl_overflow)
    i.__mathlib_dbl_underflow                0x00004f00   Section        0  dunder.o(i.__mathlib_dbl_underflow)
    i.__mathlib_narrow                       0x00004f20   Section        0  narrow.o(i.__mathlib_narrow)
    i.__support_ldexp                        0x00004f32   Section        0  ldexp.o(i.__support_ldexp)
    i._is_digit                              0x00004f46   Section        0  scanf_fp.o(i._is_digit)
    i.atan                                   0x00004f54   Section        0  atan.o(i.atan)
    i.fabs                                   0x00004f64   Section        0  fabs.o(i.fabs)
    i.frexp                                  0x00004f80   Section        0  frexp.o(i.frexp)
    locale$$code                             0x0000500c   Section       44  lc_numeric_c.o(locale$$code)
    locale$$code                             0x00005038   Section       44  lc_ctype_c.o(locale$$code)
    $v0                                      0x00005064   Number         0  basic.o(x$fpl$basic)
    x$fpl$basic                              0x00005064   Section       24  basic.o(x$fpl$basic)
    $v0                                      0x0000507c   Number         0  d2f.o(x$fpl$d2f)
    x$fpl$d2f                                0x0000507c   Section       98  d2f.o(x$fpl$d2f)
    $v0                                      0x000050e0   Number         0  daddsub_clz.o(x$fpl$dadd)
    x$fpl$dadd                               0x000050e0   Section      336  daddsub_clz.o(x$fpl$dadd)
    _dadd1                                   0x000050f1   Thumb Code     0  daddsub_clz.o(x$fpl$dadd)
    $v0                                      0x00005230   Number         0  dcheck1.o(x$fpl$dcheck1)
    x$fpl$dcheck1                            0x00005230   Section       16  dcheck1.o(x$fpl$dcheck1)
    $v0                                      0x00005240   Number         0  dcmpi.o(x$fpl$dcmpinf)
    x$fpl$dcmpinf                            0x00005240   Section       24  dcmpi.o(x$fpl$dcmpinf)
    $v0                                      0x00005258   Number         0  ddiv.o(x$fpl$ddiv)
    x$fpl$ddiv                               0x00005258   Section      692  ddiv.o(x$fpl$ddiv)
    ddiv_entry                               0x0000525f   Thumb Code     0  ddiv.o(x$fpl$ddiv)
    $v0                                      0x0000550c   Number         0  deqf.o(x$fpl$deqf)
    x$fpl$deqf                               0x0000550c   Section      120  deqf.o(x$fpl$deqf)
    $v0                                      0x00005584   Number         0  dfix.o(x$fpl$dfix)
    x$fpl$dfix                               0x00005584   Section       94  dfix.o(x$fpl$dfix)
    $v0                                      0x000055e2   Number         0  dflt_clz.o(x$fpl$dflt)
    x$fpl$dflt                               0x000055e2   Section       46  dflt_clz.o(x$fpl$dflt)
    $v0                                      0x00005610   Number         0  dflt_clz.o(x$fpl$dfltu)
    x$fpl$dfltu                              0x00005610   Section       38  dflt_clz.o(x$fpl$dfltu)
    $v0                                      0x00005638   Number         0  dgeqf.o(x$fpl$dgeqf)
    x$fpl$dgeqf                              0x00005638   Section      120  dgeqf.o(x$fpl$dgeqf)
    $v0                                      0x000056b0   Number         0  dleqf.o(x$fpl$dleqf)
    x$fpl$dleqf                              0x000056b0   Section      120  dleqf.o(x$fpl$dleqf)
    $v0                                      0x00005728   Number         0  dmul.o(x$fpl$dmul)
    x$fpl$dmul                               0x00005728   Section      340  dmul.o(x$fpl$dmul)
    $v0                                      0x0000587c   Number         0  dnaninf.o(x$fpl$dnaninf)
    x$fpl$dnaninf                            0x0000587c   Section      156  dnaninf.o(x$fpl$dnaninf)
    $v0                                      0x00005918   Number         0  dretinf.o(x$fpl$dretinf)
    x$fpl$dretinf                            0x00005918   Section       12  dretinf.o(x$fpl$dretinf)
    $v0                                      0x00005924   Number         0  drleqf.o(x$fpl$drleqf)
    x$fpl$drleqf                             0x00005924   Section      108  drleqf.o(x$fpl$drleqf)
    $v0                                      0x00005990   Number         0  daddsub_clz.o(x$fpl$drsb)
    x$fpl$drsb                               0x00005990   Section       22  daddsub_clz.o(x$fpl$drsb)
    $v0                                      0x000059a8   Number         0  dsqrt_umaal.o(x$fpl$dsqrt)
    x$fpl$dsqrt                              0x000059a8   Section      408  dsqrt_umaal.o(x$fpl$dsqrt)
    $v0                                      0x00005b40   Number         0  daddsub_clz.o(x$fpl$dsub)
    x$fpl$dsub                               0x00005b40   Section      476  daddsub_clz.o(x$fpl$dsub)
    _dsub1                                   0x00005b51   Thumb Code     0  daddsub_clz.o(x$fpl$dsub)
    $v0                                      0x00005d1c   Number         0  dcmp.o(x$fpl$fcmp)
    x$fpl$fcmp                               0x00005d1c   Section       84  dcmp.o(x$fpl$fcmp)
    $v0                                      0x00005d70   Number         0  fpinit.o(x$fpl$fpinit)
    x$fpl$fpinit                             0x00005d70   Section       26  fpinit.o(x$fpl$fpinit)
    $v0                                      0x00005d8a   Number         0  fretinf.o(x$fpl$fretinf)
    x$fpl$fretinf                            0x00005d8a   Section       10  fretinf.o(x$fpl$fretinf)
    $v0                                      0x00005d94   Number         0  istatus.o(x$fpl$ieeestatus)
    x$fpl$ieeestatus                         0x00005d94   Section        6  istatus.o(x$fpl$ieeestatus)
    $v0                                      0x00005d9a   Number         0  retnan.o(x$fpl$retnan)
    x$fpl$retnan                             0x00005d9a   Section      100  retnan.o(x$fpl$retnan)
    $v0                                      0x00005dfe   Number         0  scalbn.o(x$fpl$scalbn)
    x$fpl$scalbn                             0x00005dfe   Section       92  scalbn.o(x$fpl$scalbn)
    $v0                                      0x00005e5a   Number         0  scanf1.o(x$fpl$scanf1)
    x$fpl$scanf1                             0x00005e5a   Section        4  scanf1.o(x$fpl$scanf1)
    $v0                                      0x00005e5e   Number         0  scanf2.o(x$fpl$scanf2)
    x$fpl$scanf2                             0x00005e5e   Section        8  scanf2.o(x$fpl$scanf2)
    $v0                                      0x00005e66   Number         0  trapv.o(x$fpl$trapveneer)
    x$fpl$trapveneer                         0x00005e66   Section       48  trapv.o(x$fpl$trapveneer)
    x$fpl$usenofp                            0x00005e96   Section        0  usenofp.o(x$fpl$usenofp)
    atanhi                                   0x00005e98   Data          32  atan.o(.constdata)
    .constdata                               0x00005e98   Section      152  atan.o(.constdata)
    atanlo                                   0x00005eb8   Data          32  atan.o(.constdata)
    aTodd                                    0x00005ed8   Data          40  atan.o(.constdata)
    aTeven                                   0x00005f00   Data          48  atan.o(.constdata)
    C                                        0x00005f30   Data          48  cos_i.o(.constdata)
    .constdata                               0x00005f30   Section       48  cos_i.o(.constdata)
    .constdata                               0x00005f60   Section        8  qnan.o(.constdata)
    pio2s                                    0x00005f68   Data          48  rred.o(.constdata)
    .constdata                               0x00005f68   Section      204  rred.o(.constdata)
    twooverpi                                0x00005f98   Data         156  rred.o(.constdata)
    S                                        0x00006038   Data          40  sin_i.o(.constdata)
    .constdata                               0x00006038   Section       40  sin_i.o(.constdata)
    tenpwrs_x                                0x00006060   Data          60  bigflt0.o(.constdata)
    .constdata                               0x00006060   Section      148  bigflt0.o(.constdata)
    tenpwrs_i                                0x0000609c   Data          64  bigflt0.o(.constdata)
    .L.str.1                                 0x000060f4   Data           2  gps.o(.rodata.str1.1)
    [Anonymous Symbol]                       0x000060f4   Section        0  gps.o(.rodata.str1.1)
    .L.str.2                                 0x000060f6   Data           2  gps.o(.rodata.str1.1)
    .L.str.4                                 0x000060f8   Data           2  gps.o(.rodata.str1.1)
    .L.str.3                                 0x000060fa   Data           2  gps.o(.rodata.str1.1)
    .L.str                                   0x000060fb   Data           1  gps.o(.rodata.str1.1)
    c$$dinf                                  0x0000611c   Section        8  fpconst.o(c$$dinf)
    c$$dmax                                  0x00006124   Section        8  fpconst.o(c$$dmax)
    locale$$data                             0x0000612c   Section       28  lc_numeric_c.o(locale$$data)
    __lcnum_c_name                           0x00006130   Data           2  lc_numeric_c.o(locale$$data)
    __lcnum_c_start                          0x00006138   Data           0  lc_numeric_c.o(locale$$data)
    __lcnum_c_point                          0x00006144   Data           0  lc_numeric_c.o(locale$$data)
    __lcnum_c_thousands                      0x00006146   Data           0  lc_numeric_c.o(locale$$data)
    __lcnum_c_grouping                       0x00006147   Data           0  lc_numeric_c.o(locale$$data)
    __lcnum_c_end                            0x00006148   Data           0  lc_numeric_c.o(locale$$data)
    locale$$data                             0x00006148   Section      272  lc_ctype_c.o(locale$$data)
    __lcctype_c_name                         0x0000614c   Data           2  lc_ctype_c.o(locale$$data)
    __lcctype_c_start                        0x00006154   Data           0  lc_ctype_c.o(locale$$data)
    __lcctype_c_end                          0x00006258   Data           0  lc_ctype_c.o(locale$$data)
    _strtok_saves1                           0x20000000   Data           4  strtok.o(.data)
    .data                                    0x20000000   Section        4  strtok.o(.data)
    .bss                                     0x20000010   Section       96  libspace.o(.bss)
    spihandler                               0x200001c0   Data          16  spi_program.o(.bss.spihandler)
    [Anonymous Symbol]                       0x200001c0   Section        0  spi_program.o(.bss.spihandler)
    Heap_Mem                                 0x200001d8   Data           0  startup_tm4c123.o(HEAP)
    Stack_Mem                                0x200001d8   Data         512  startup_tm4c123.o(STACK)
    HEAP                                     0x200001d8   Section        0  startup_tm4c123.o(HEAP)
    STACK                                    0x200001d8   Section      512  startup_tm4c123.o(STACK)
    __initial_sp                             0x200003d8   Data           0  startup_tm4c123.o(STACK)

    Global Symbols

    Symbol Name                              Value     Ov Type        Size  Object(Section)

    BuildAttributes$$THM_ISAv4$E$P$D$K$B$S$7EM$VFPi3$EXTD16$VFPS$VFMA$PE$A:L22UL41UL21$X:L11$S22US41US21$IEEE1$IW$~IW$USESV6$~STKCKD$USESV7$~SHL$OTIME$ROPI$IEEEX$EBA8$UX$STANDARDLIB$REQ8$PRES8$EABIv2 0x00000000   Number         0  anon$$obj.o ABSOLUTE
    __Vectors                                0x00000000   Data           4  startup_tm4c123.o(RESET)
    __ARM_exceptions_init                     - Undefined Weak Reference
    __alloca_initialize                       - Undefined Weak Reference
    __arm_preinit_                            - Undefined Weak Reference
    __arm_relocate_pie_                       - Undefined Weak Reference
    __cpp_initialize__aeabi_                  - Undefined Weak Reference
    __cxa_finalize                            - Undefined Weak Reference
    __sigvec_lookup                           - Undefined Weak Reference
    _atexit_init                              - Undefined Weak Reference
    _call_atexit_fns                          - Undefined Weak Reference
    _clock_init                               - Undefined Weak Reference
    _fp_trap_init                             - Undefined Weak Reference
    _fp_trap_shutdown                         - Undefined Weak Reference
    _get_lc_collate                           - Undefined Weak Reference
    _get_lc_monetary                          - Undefined Weak Reference
    _get_lc_time                              - Undefined Weak Reference
    _getenv_init                              - Undefined Weak Reference
    _handle_redirection                       - Undefined Weak Reference
    _init_alloc                               - Undefined Weak Reference
    _init_user_alloc                          - Undefined Weak Reference
    _initio                                   - Undefined Weak Reference
    _rand_init                                - Undefined Weak Reference
    _signal_finish                            - Undefined Weak Reference
    _signal_init                              - Undefined Weak Reference
    _terminate_alloc                          - Undefined Weak Reference
    _terminate_user_alloc                     - Undefined Weak Reference
    _terminateio                              - Undefined Weak Reference
    __Vectors_End                            0x0000026c   Data           0  startup_tm4c123.o(RESET)
    __Vectors_Size                           0x0000026c   Number         0  startup_tm4c123.o ABSOLUTE
    __main                                   0x0000026d   Thumb Code     8  __main.o(!!!main)
    __scatterload                            0x00000275   Thumb Code     0  __scatter.o(!!!scatter)
    __scatterload_rt2                        0x00000275   Thumb Code    84  __scatter.o(!!!scatter)
    __scatterload_rt2_thumb_only             0x00000275   Thumb Code     0  __scatter.o(!!!scatter)
    __scatterload_loop                       0x0000027f   Thumb Code     0  __scatter.o(!!!scatter)
    __scatterload_copy                       0x000002d1   Thumb Code    26  __scatter_copy.o(!!handler_copy)
    __scatterload_null                       0x000002ed   Thumb Code     2  __scatter.o(!!handler_null)
    __scatterload_zeroinit                   0x000002f1   Thumb Code    28  __scatter_zi.o(!!handler_zi)
    __rt_lib_init                            0x0000030d   Thumb Code     0  libinit.o(.ARM.Collect$$libinit$$00000000)
    __rt_lib_init_fp_1                       0x0000030f   Thumb Code     0  libinit2.o(.ARM.Collect$$libinit$$00000001)
    __rt_lib_init_heap_1                     0x00000313   Thumb Code     0  libinit2.o(.ARM.Collect$$libinit$$0000000C)
    __rt_lib_init_lc_common                  0x00000313   Thumb Code     0  libinit2.o(.ARM.Collect$$libinit$$00000011)
    __rt_lib_init_preinit_1                  0x00000313   Thumb Code     0  libinit2.o(.ARM.Collect$$libinit$$00000006)
    __rt_lib_init_rand_1                     0x00000313   Thumb Code     0  libinit2.o(.ARM.Collect$$libinit$$00000010)
    __rt_lib_init_relocate_pie_1             0x00000313   Thumb Code     0  libinit2.o(.ARM.Collect$$libinit$$00000004)
    __rt_lib_init_user_alloc_1               0x00000313   Thumb Code     0  libinit2.o(.ARM.Collect$$libinit$$0000000E)
    __rt_lib_init_lc_collate_1               0x00000319   Thumb Code     0  libinit2.o(.ARM.Collect$$libinit$$00000013)
    __rt_lib_init_lc_ctype_2                 0x00000319   Thumb Code     0  libinit2.o(.ARM.Collect$$libinit$$00000014)
    __rt_lib_init_lc_ctype_1                 0x00000325   Thumb Code     0  libinit2.o(.ARM.Collect$$libinit$$00000015)
    __rt_lib_init_lc_monetary_1              0x00000325   Thumb Code     0  libinit2.o(.ARM.Collect$$libinit$$00000017)
    __rt_lib_init_lc_numeric_2               0x00000325   Thumb Code     0  libinit2.o(.ARM.Collect$$libinit$$00000018)
    __rt_lib_init_alloca_1                   0x0000032f   Thumb Code     0  libinit2.o(.ARM.Collect$$libinit$$00000030)
    __rt_lib_init_argv_1                     0x0000032f   Thumb Code     0  libinit2.o(.ARM.Collect$$libinit$$0000002E)
    __rt_lib_init_atexit_1                   0x0000032f   Thumb Code     0  libinit2.o(.ARM.Collect$$libinit$$0000001D)
    __rt_lib_init_clock_1                    0x0000032f   Thumb Code     0  libinit2.o(.ARM.Collect$$libinit$$00000023)
    __rt_lib_init_cpp_1                      0x0000032f   Thumb Code     0  libinit2.o(.ARM.Collect$$libinit$$00000034)
    __rt_lib_init_exceptions_1               0x0000032f   Thumb Code     0  libinit2.o(.ARM.Collect$$libinit$$00000032)
    __rt_lib_init_fp_trap_1                  0x0000032f   Thumb Code     0  libinit2.o(.ARM.Collect$$libinit$$00000021)
    __rt_lib_init_getenv_1                   0x0000032f   Thumb Code     0  libinit2.o(.ARM.Collect$$libinit$$00000025)
    __rt_lib_init_lc_numeric_1               0x0000032f   Thumb Code     0  libinit2.o(.ARM.Collect$$libinit$$00000019)
    __rt_lib_init_lc_time_1                  0x0000032f   Thumb Code     0  libinit2.o(.ARM.Collect$$libinit$$0000001B)
    __rt_lib_init_return                     0x0000032f   Thumb Code     0  libinit2.o(.ARM.Collect$$libinit$$00000035)
    __rt_lib_init_signal_1                   0x0000032f   Thumb Code     0  libinit2.o(.ARM.Collect$$libinit$$0000001F)
    __rt_lib_init_stdio_1                    0x0000032f   Thumb Code     0  libinit2.o(.ARM.Collect$$libinit$$00000027)
    __rt_lib_shutdown                        0x00000331   Thumb Code     0  libshutdown.o(.ARM.Collect$$libshutdown$$00000000)
    __rt_lib_shutdown_cpp_1                  0x00000333   Thumb Code     0  libshutdown2.o(.ARM.Collect$$libshutdown$$00000002)
    __rt_lib_shutdown_fp_trap_1              0x00000333   Thumb Code     0  libshutdown2.o(.ARM.Collect$$libshutdown$$00000007)
    __rt_lib_shutdown_heap_1                 0x00000333   Thumb Code     0  libshutdown2.o(.ARM.Collect$$libshutdown$$0000000F)
    __rt_lib_shutdown_return                 0x00000333   Thumb Code     0  libshutdown2.o(.ARM.Collect$$libshutdown$$00000010)
    __rt_lib_shutdown_signal_1               0x00000333   Thumb Code     0  libshutdown2.o(.ARM.Collect$$libshutdown$$0000000A)
    __rt_lib_shutdown_stdio_1                0x00000333   Thumb Code     0  libshutdown2.o(.ARM.Collect$$libshutdown$$00000004)
    __rt_lib_shutdown_user_alloc_1           0x00000333   Thumb Code     0  libshutdown2.o(.ARM.Collect$$libshutdown$$0000000C)
    __rt_entry                               0x00000335   Thumb Code     0  __rtentry.o(.ARM.Collect$$rtentry$$00000000)
    __rt_entry_presh_1                       0x00000335   Thumb Code     0  __rtentry2.o(.ARM.Collect$$rtentry$$00000002)
    __rt_entry_sh                            0x00000335   Thumb Code     0  __rtentry4.o(.ARM.Collect$$rtentry$$00000004)
    __rt_entry_li                            0x0000033b   Thumb Code     0  __rtentry2.o(.ARM.Collect$$rtentry$$0000000A)
    __rt_entry_postsh_1                      0x0000033b   Thumb Code     0  __rtentry2.o(.ARM.Collect$$rtentry$$00000009)
    __rt_entry_main                          0x0000033f   Thumb Code     0  __rtentry2.o(.ARM.Collect$$rtentry$$0000000D)
    __rt_entry_postli_1                      0x0000033f   Thumb Code     0  __rtentry2.o(.ARM.Collect$$rtentry$$0000000C)
    __rt_exit                                0x00000347   Thumb Code     0  rtexit.o(.ARM.Collect$$rtexit$$00000000)
    __rt_exit_ls                             0x00000349   Thumb Code     0  rtexit2.o(.ARM.Collect$$rtexit$$00000003)
    __rt_exit_prels_1                        0x00000349   Thumb Code     0  rtexit2.o(.ARM.Collect$$rtexit$$00000002)
    __rt_exit_exit                           0x0000034d   Thumb Code     0  rtexit2.o(.ARM.Collect$$rtexit$$00000004)
    Reset_Handler                            0x00000355   Thumb Code     8  startup_tm4c123.o(.text)
    NMI_Handler                              0x0000035d   Thumb Code     2  startup_tm4c123.o(.text)
    HardFault_Handler                        0x0000035f   Thumb Code     2  startup_tm4c123.o(.text)
    MemManage_Handler                        0x00000361   Thumb Code     2  startup_tm4c123.o(.text)
    BusFault_Handler                         0x00000363   Thumb Code     2  startup_tm4c123.o(.text)
    UsageFault_Handler                       0x00000365   Thumb Code     2  startup_tm4c123.o(.text)
    SVC_Handler                              0x00000367   Thumb Code     2  startup_tm4c123.o(.text)
    DebugMon_Handler                         0x00000369   Thumb Code     2  startup_tm4c123.o(.text)
    PendSV_Handler                           0x0000036b   Thumb Code     2  startup_tm4c123.o(.text)
    SysTick_Handler                          0x0000036d   Thumb Code     2  startup_tm4c123.o(.text)
    GPIOA_Handler                            0x0000036f   Thumb Code     2  startup_tm4c123.o(.text)
    GPIOB_Handler                            0x00000371   Thumb Code     2  startup_tm4c123.o(.text)
    GPIOC_Handler                            0x00000373   Thumb Code     2  startup_tm4c123.o(.text)
    GPIOD_Handler                            0x00000375   Thumb Code     2  startup_tm4c123.o(.text)
    GPIOE_Handler                            0x00000377   Thumb Code     2  startup_tm4c123.o(.text)
    UART0_Handler                            0x00000379   Thumb Code     2  startup_tm4c123.o(.text)
    UART1_Handler                            0x0000037b   Thumb Code     2  startup_tm4c123.o(.text)
    I2C0_Handler                             0x0000037f   Thumb Code     2  startup_tm4c123.o(.text)
    PMW0_FAULT_Handler                       0x00000381   Thumb Code     2  startup_tm4c123.o(.text)
    PWM0_0_Handler                           0x00000383   Thumb Code     2  startup_tm4c123.o(.text)
    PWM0_1_Handler                           0x00000385   Thumb Code     2  startup_tm4c123.o(.text)
    PWM0_2_Handler                           0x00000387   Thumb Code     2  startup_tm4c123.o(.text)
    QEI0_Handler                             0x00000389   Thumb Code     2  startup_tm4c123.o(.text)
    ADC0SS0_Handler                          0x0000038b   Thumb Code     2  startup_tm4c123.o(.text)
    ADC0SS1_Handler                          0x0000038d   Thumb Code     2  startup_tm4c123.o(.text)
    ADC0SS2_Handler                          0x0000038f   Thumb Code     2  startup_tm4c123.o(.text)
    ADC0SS3_Handler                          0x00000391   Thumb Code     2  startup_tm4c123.o(.text)
    WDT0_Handler                             0x00000393   Thumb Code     2  startup_tm4c123.o(.text)
    TIMER0A_Handler                          0x00000395   Thumb Code     2  startup_tm4c123.o(.text)
    TIMER0B_Handler                          0x00000397   Thumb Code     2  startup_tm4c123.o(.text)
    TIMER1A_Handler                          0x00000399   Thumb Code     2  startup_tm4c123.o(.text)
    TIMER1B_Handler                          0x0000039b   Thumb Code     2  startup_tm4c123.o(.text)
    TIMER2A_Handler                          0x0000039d   Thumb Code     2  startup_tm4c123.o(.text)
    TIMER2B_Handler                          0x0000039f   Thumb Code     2  startup_tm4c123.o(.text)
    COMP0_Handler                            0x000003a1   Thumb Code     2  startup_tm4c123.o(.text)
    COMP1_Handler                            0x000003a3   Thumb Code     2  startup_tm4c123.o(.text)
    COMP2_Handler                            0x000003a5   Thumb Code     2  startup_tm4c123.o(.text)
    SYSCTL_Handler                           0x000003a7   Thumb Code     2  startup_tm4c123.o(.text)
    FLASH_Handler                            0x000003a9   Thumb Code     2  startup_tm4c123.o(.text)
    GPIOF_Handler                            0x000003ab   Thumb Code     2  startup_tm4c123.o(.text)
    GPIOG_Handler                            0x000003ad   Thumb Code     2  startup_tm4c123.o(.text)
    GPIOH_Handler                            0x000003af   Thumb Code     2  startup_tm4c123.o(.text)
    UART2_Handler                            0x000003b1   Thumb Code     2  startup_tm4c123.o(.text)
    TIMER3A_Handler                          0x000003b5   Thumb Code     2  startup_tm4c123.o(.text)
    TIMER3B_Handler                          0x000003b7   Thumb Code     2  startup_tm4c123.o(.text)
    I2C1_Handler                             0x000003b9   Thumb Code     2  startup_tm4c123.o(.text)
    QEI1_Handler                             0x000003bb   Thumb Code     2  startup_tm4c123.o(.text)
    CAN0_Handler                             0x000003bd   Thumb Code     2  startup_tm4c123.o(.text)
    CAN1_Handler                             0x000003bf   Thumb Code     2  startup_tm4c123.o(.text)
    CAN2_Handler                             0x000003c1   Thumb Code     2  startup_tm4c123.o(.text)
    HIB_Handler                              0x000003c3   Thumb Code     2  startup_tm4c123.o(.text)
    USB0_Handler                             0x000003c5   Thumb Code     2  startup_tm4c123.o(.text)
    PWM0_3_Handler                           0x000003c7   Thumb Code     2  startup_tm4c123.o(.text)
    UDMA_Handler                             0x000003c9   Thumb Code     2  startup_tm4c123.o(.text)
    UDMAERR_Handler                          0x000003cb   Thumb Code     2  startup_tm4c123.o(.text)
    ADC1SS0_Handler                          0x000003cd   Thumb Code     2  startup_tm4c123.o(.text)
    ADC1SS1_Handler                          0x000003cf   Thumb Code     2  startup_tm4c123.o(.text)
    ADC1SS2_Handler                          0x000003d1   Thumb Code     2  startup_tm4c123.o(.text)
    ADC1SS3_Handler                          0x000003d3   Thumb Code     2  startup_tm4c123.o(.text)
    GPIOJ_Handler                            0x000003d5   Thumb Code     2  startup_tm4c123.o(.text)
    GPIOK_Handler                            0x000003d7   Thumb Code     2  startup_tm4c123.o(.text)
    GPIOL_Handler                            0x000003d9   Thumb Code     2  startup_tm4c123.o(.text)
    UART3_Handler                            0x000003df   Thumb Code     2  startup_tm4c123.o(.text)
    UART4_Handler                            0x000003e1   Thumb Code     2  startup_tm4c123.o(.text)
    UART5_Handler                            0x000003e3   Thumb Code     2  startup_tm4c123.o(.text)
    UART6_Handler                            0x000003e5   Thumb Code     2  startup_tm4c123.o(.text)
    UART7_Handler                            0x000003e7   Thumb Code     2  startup_tm4c123.o(.text)
    I2C2_Handler                             0x000003e9   Thumb Code     2  startup_tm4c123.o(.text)
    I2C3_Handler                             0x000003eb   Thumb Code     2  startup_tm4c123.o(.text)
    TIMER4A_Handler                          0x000003ed   Thumb Code     2  startup_tm4c123.o(.text)
    TIMER4B_Handler                          0x000003ef   Thumb Code     2  startup_tm4c123.o(.text)
    TIMER5A_Handler                          0x000003f1   Thumb Code     2  startup_tm4c123.o(.text)
    TIMER5B_Handler                          0x000003f3   Thumb Code     2  startup_tm4c123.o(.text)
    WTIMER0A_Handler                         0x000003f5   Thumb Code     2  startup_tm4c123.o(.text)
    WTIMER0B_Handler                         0x000003f7   Thumb Code     2  startup_tm4c123.o(.text)
    WTIMER1A_Handler                         0x000003f9   Thumb Code     2  startup_tm4c123.o(.text)
    WTIMER1B_Handler                         0x000003fb   Thumb Code     2  startup_tm4c123.o(.text)
    WTIMER2A_Handler                         0x000003fd   Thumb Code     2  startup_tm4c123.o(.text)
    WTIMER2B_Handler                         0x000003ff   Thumb Code     2  startup_tm4c123.o(.text)
    WTIMER3A_Handler                         0x00000401   Thumb Code     2  startup_tm4c123.o(.text)
    WTIMER3B_Handler                         0x00000403   Thumb Code     2  startup_tm4c123.o(.text)
    WTIMER4A_Handler                         0x00000405   Thumb Code     2  startup_tm4c123.o(.text)
    WTIMER4B_Handler                         0x00000407   Thumb Code     2  startup_tm4c123.o(.text)
    WTIMER5A_Handler                         0x00000409   Thumb Code     2  startup_tm4c123.o(.text)
    WTIMER5B_Handler                         0x0000040b   Thumb Code     2  startup_tm4c123.o(.text)
    FPU_Handler                              0x0000040d   Thumb Code     2  startup_tm4c123.o(.text)
    I2C4_Handler                             0x0000040f   Thumb Code     2  startup_tm4c123.o(.text)
    I2C5_Handler                             0x00000411   Thumb Code     2  startup_tm4c123.o(.text)
    GPIOM_Handler                            0x00000413   Thumb Code     2  startup_tm4c123.o(.text)
    GPION_Handler                            0x00000415   Thumb Code     2  startup_tm4c123.o(.text)
    QEI2_Handler                             0x00000417   Thumb Code     2  startup_tm4c123.o(.text)
    GPIOP0_Handler                           0x00000419   Thumb Code     2  startup_tm4c123.o(.text)
    GPIOP1_Handler                           0x0000041b   Thumb Code     2  startup_tm4c123.o(.text)
    GPIOP2_Handler                           0x0000041d   Thumb Code     2  startup_tm4c123.o(.text)
    GPIOP3_Handler                           0x0000041f   Thumb Code     2  startup_tm4c123.o(.text)
    GPIOP4_Handler                           0x00000421   Thumb Code     2  startup_tm4c123.o(.text)
    GPIOP5_Handler                           0x00000423   Thumb Code     2  startup_tm4c123.o(.text)
    GPIOP6_Handler                           0x00000425   Thumb Code     2  startup_tm4c123.o(.text)
    GPIOP7_Handler                           0x00000427   Thumb Code     2  startup_tm4c123.o(.text)
    GPIOQ0_Handler                           0x00000429   Thumb Code     2  startup_tm4c123.o(.text)
    GPIOQ1_Handler                           0x0000042b   Thumb Code     2  startup_tm4c123.o(.text)
    GPIOQ2_Handler                           0x0000042d   Thumb Code     2  startup_tm4c123.o(.text)
    GPIOQ3_Handler                           0x0000042f   Thumb Code     2  startup_tm4c123.o(.text)
    GPIOQ4_Handler                           0x00000431   Thumb Code     2  startup_tm4c123.o(.text)
    GPIOQ5_Handler                           0x00000433   Thumb Code     2  startup_tm4c123.o(.text)
    GPIOQ6_Handler                           0x00000435   Thumb Code     2  startup_tm4c123.o(.text)
    GPIOQ7_Handler                           0x00000437   Thumb Code     2  startup_tm4c123.o(.text)
    GPIOR_Handler                            0x00000439   Thumb Code     2  startup_tm4c123.o(.text)
    GPIOS_Handler                            0x0000043b   Thumb Code     2  startup_tm4c123.o(.text)
    PMW1_0_Handler                           0x0000043d   Thumb Code     2  startup_tm4c123.o(.text)
    PWM1_1_Handler                           0x0000043f   Thumb Code     2  startup_tm4c123.o(.text)
    PWM1_2_Handler                           0x00000441   Thumb Code     2  startup_tm4c123.o(.text)
    PWM1_3_Handler                           0x00000443   Thumb Code     2  startup_tm4c123.o(.text)
    PWM1_FAULT_Handler                       0x00000445   Thumb Code     2  startup_tm4c123.o(.text)
    __user_initial_stackheap                 0x00000449   Thumb Code     0  startup_tm4c123.o(.text)
    strtok                                   0x00000469   Thumb Code     6  strtok.o(.text)
    strcpy                                   0x00000475   Thumb Code    72  strcpy.o(.text)
    strcmp                                   0x000004c1   Thumb Code   124  strcmpv7em.o(.text)
    __use_two_region_memory                  0x0000053d   Thumb Code     2  heapauxi.o(.text)
    __rt_heap_escrow$2region                 0x0000053f   Thumb Code     2  heapauxi.o(.text)
    __rt_heap_expand$2region                 0x00000541   Thumb Code     2  heapauxi.o(.text)
    __read_errno                             0x00000543   Thumb Code    10  _rserrno.o(.text)
    __set_errno                              0x0000054d   Thumb Code    12  _rserrno.o(.text)
    __strtod_int                             0x0000059d   Thumb Code    94  strtod.o(.text)
    __strtok_internal                        0x00000609   Thumb Code    64  strtok_int.o(.text)
    __aeabi_errno_addr                       0x0000064d   Thumb Code     8  rt_errno_addr_intlibspace.o(.text)
    __errno$intlibspace                      0x0000064d   Thumb Code     0  rt_errno_addr_intlibspace.o(.text)
    __rt_errno_addr$intlibspace              0x0000064d   Thumb Code     0  rt_errno_addr_intlibspace.o(.text)
    isspace                                  0x00000655   Thumb Code    18  isspace.o(.text)
    _sgetc                                   0x00000667   Thumb Code    30  _sgetc.o(.text)
    _sbackspace                              0x00000685   Thumb Code    34  _sgetc.o(.text)
    strcspn                                  0x000006a7   Thumb Code    32  strcspn.o(.text)
    strspn                                   0x000006c7   Thumb Code    28  strspn.o(.text)
    __user_libspace                          0x000006e5   Thumb Code     8  libspace.o(.text)
    __user_perproc_libspace                  0x000006e5   Thumb Code     0  libspace.o(.text)
    __user_perthread_libspace                0x000006e5   Thumb Code     0  libspace.o(.text)
    __user_setup_stackheap                   0x000006ed   Thumb Code    74  sys_stackheap_outer.o(.text)
    __rt_ctype_table                         0x00000739   Thumb Code    16  rt_ctype_table.o(.text)
    _scanf_really_real                       0x00000995   Thumb Code   684  scanf_fp.o(.text)
    exit                                     0x00000c41   Thumb Code    18  exit.o(.text)
    __rt_locale                              0x00000c55   Thumb Code     8  rt_locale_intlibspace.o(.text)
    __aeabi_llsl                             0x00000c5d   Thumb Code     0  llshl.o(.text)
    _ll_shift_l                              0x00000c5d   Thumb Code    38  llshl.o(.text)
    _btod_etento                             0x00000c85   Thumb Code   224  bigflt0.o(.text)
    _scanf_really_hex_real                   0x00000d69   Thumb Code   786  scanf_hexfp.o(.text)
    _scanf_really_infnan                     0x00001089   Thumb Code   292  scanf_infnan.o(.text)
    _sys_exit                                0x000011bd   Thumb Code     8  sys_exit.o(.text)
    _chval                                   0x000011c9   Thumb Code    28  _chval.o(.text)
    __I$use$semihosting                      0x000011e5   Thumb Code     0  use_no_semi.o(.text)
    __use_no_semihosting_swi                 0x000011e5   Thumb Code     2  use_no_semi.o(.text)
    __semihosting_library_function           0x000011e7   Thumb Code     0  indicate_semi.o(.text)
    Calc_Distance                            0x000011e9   Thumb Code   592  gps.o(.text.Calc_Distance)
    GPIO_voidInit_port_A                     0x00001461   Thumb Code   176  gpio_program.o(.text.GPIO_voidInit_port_A)
    GPIO_voidInit_port_F                     0x00001511   Thumb Code   160  gpio_program.o(.text.GPIO_voidInit_port_F)
    GPS_Read                                 0x000015b1   Thumb Code   192  gps.o(.text.GPS_Read)
    GPS_format                               0x00001671   Thumb Code   358  gps.o(.text.GPS_format)
    MasterReceiveFromInterrupt               0x000017d9   Thumb Code   384  spi_program.o(.text.MasterReceiveFromInterrupt)
    MastersendFromInterrupt                  0x00001959   Thumb Code   106  spi_program.o(.text.MastersendFromInterrupt)
    SSI0_Handler                             0x000019f5   Thumb Code   200  spi_program.o(.text.SSI0_Handler)
    SSI1_Handler                             0x00001abd   Thumb Code   200  spi_program.o(.text.SSI1_Handler)
    SSI2_Handler                             0x00001b85   Thumb Code   200  spi_program.o(.text.SSI2_Handler)
    SSI3_Handler                             0x00001c4d   Thumb Code   200  spi_program.o(.text.SSI3_Handler)
    SlaveReceiveFromInterrupt                0x00001d15   Thumb Code   120  spi_program.o(.text.SlaveReceiveFromInterrupt)
    SlaveTransmitFromInterrupt               0x00001d8d   Thumb Code   186  spi_program.o(.text.SlaveTransmitFromInterrupt)
    SysTick_Init                             0x00001e49   Thumb Code    42  sys_tick.o(.text.SysTick_Init)
    SystemInit                               0x00001e75   Thumb Code   268  system_tm4c123.o(.text.SystemInit)
    UART_u8Init                              0x00001f81   Thumb Code  4184  uart_program.o(.text.UART_u8Init)
    UART_u8ReceiveByte                       0x00002fd9   Thumb Code   984  uart_program.o(.text.UART_u8ReceiveByte)
    Value_to_Degree                          0x000033b1   Thumb Code    14  gps.o(.text.Value_to_Degree)
    itoa                                     0x000033c1   Thumb Code   196  main.o(.text.itoa)
    length                                   0x00003485   Thumb Code    10  gps.o(.text.length)
    main                                     0x00003491   Thumb Code   272  main.o(.text.main)
    reverse                                  0x000035a9   Thumb Code    76  main.o(.text.reverse)
    __btod_div_common                        0x0000362d   Thumb Code   696  btod.o(CL$$btod_div_common)
    _e2d                                     0x00003965   Thumb Code   122  btod.o(CL$$btod_e2d)
    _e2e                                     0x000039e9   Thumb Code   220  btod.o(CL$$btod_e2e)
    _btod_ediv                               0x00003ac5   Thumb Code    42  btod.o(CL$$btod_ediv)
    _btod_edivd                              0x00003aef   Thumb Code    42  btod.o(CL$$btod_edivd)
    _btod_emul                               0x00003b19   Thumb Code    42  btod.o(CL$$btod_emul)
    _btod_emuld                              0x00003b43   Thumb Code    42  btod.o(CL$$btod_emuld)
    __btod_mult_common                       0x00003b6d   Thumb Code   580  btod.o(CL$$btod_mult_common)
    __ARM_fpclassify                         0x00003db1   Thumb Code    48  fpclassify.o(i.__ARM_fpclassify)
    __hardfp___mathlib_tofloat               0x00003de1   Thumb Code   232  narrow.o(i.__hardfp___mathlib_tofloat)
    __hardfp_atan                            0x00003ed9   Thumb Code   622  atan.o(i.__hardfp_atan)
    __hardfp_atan2                           0x000041b1   Thumb Code   448  atan2.o(i.__hardfp_atan2)
    __hardfp_atof                            0x000043b1   Thumb Code    46  atof.o(i.__hardfp_atof)
    __hardfp_cos                             0x000043e9   Thumb Code   180  cos.o(i.__hardfp_cos)
    __hardfp_ldexp                           0x000044b1   Thumb Code   200  ldexp.o(i.__hardfp_ldexp)
    __hardfp_sin                             0x00004581   Thumb Code   180  sin.o(i.__hardfp_sin)
    __hardfp_sqrt                            0x00004649   Thumb Code   122  sqrt.o(i.__hardfp_sqrt)
    __ieee754_rem_pio2                       0x000046c9   Thumb Code   938  rred.o(i.__ieee754_rem_pio2)
    __kernel_cos                             0x00004b01   Thumb Code   322  cos_i.o(i.__kernel_cos)
    __kernel_poly                            0x00004c71   Thumb Code   248  poly.o(i.__kernel_poly)
    __kernel_sin                             0x00004d69   Thumb Code   280  sin_i.o(i.__kernel_sin)
    __mathlib_dbl_infnan                     0x00004e99   Thumb Code    20  dunder.o(i.__mathlib_dbl_infnan)
    __mathlib_dbl_infnan2                    0x00004ead   Thumb Code    20  dunder.o(i.__mathlib_dbl_infnan2)
    __mathlib_dbl_invalid                    0x00004ec1   Thumb Code    24  dunder.o(i.__mathlib_dbl_invalid)
    __mathlib_dbl_overflow                   0x00004ee1   Thumb Code    24  dunder.o(i.__mathlib_dbl_overflow)
    __mathlib_dbl_underflow                  0x00004f01   Thumb Code    24  dunder.o(i.__mathlib_dbl_underflow)
    __mathlib_narrow                         0x00004f21   Thumb Code    18  narrow.o(i.__mathlib_narrow)
    __support_ldexp                          0x00004f33   Thumb Code    20  ldexp.o(i.__support_ldexp)
    _is_digit                                0x00004f47   Thumb Code    14  scanf_fp.o(i._is_digit)
    atan                                     0x00004f55   Thumb Code    16  atan.o(i.atan)
    fabs                                     0x00004f65   Thumb Code    24  fabs.o(i.fabs)
    frexp                                    0x00004f81   Thumb Code   118  frexp.o(i.frexp)
    _get_lc_numeric                          0x0000500d   Thumb Code    44  lc_numeric_c.o(locale$$code)
    _get_lc_ctype                            0x00005039   Thumb Code    44  lc_ctype_c.o(locale$$code)
    __aeabi_dneg                             0x00005065   Thumb Code     0  basic.o(x$fpl$basic)
    _dneg                                    0x00005065   Thumb Code     6  basic.o(x$fpl$basic)
    __aeabi_fneg                             0x0000506b   Thumb Code     0  basic.o(x$fpl$basic)
    _fneg                                    0x0000506b   Thumb Code     6  basic.o(x$fpl$basic)
    _dabs                                    0x00005071   Thumb Code     6  basic.o(x$fpl$basic)
    _fabs                                    0x00005077   Thumb Code     6  basic.o(x$fpl$basic)
    __aeabi_d2f                              0x0000507d   Thumb Code     0  d2f.o(x$fpl$d2f)
    _d2f                                     0x0000507d   Thumb Code    98  d2f.o(x$fpl$d2f)
    __aeabi_dadd                             0x000050e1   Thumb Code     0  daddsub_clz.o(x$fpl$dadd)
    _dadd                                    0x000050e1   Thumb Code   332  daddsub_clz.o(x$fpl$dadd)
    __fpl_dcheck_NaN1                        0x00005231   Thumb Code    10  dcheck1.o(x$fpl$dcheck1)
    __fpl_dcmp_Inf                           0x00005241   Thumb Code    24  dcmpi.o(x$fpl$dcmpinf)
    __aeabi_ddiv                             0x00005259   Thumb Code     0  ddiv.o(x$fpl$ddiv)
    _ddiv                                    0x00005259   Thumb Code   556  ddiv.o(x$fpl$ddiv)
    __aeabi_cdcmpeq                          0x0000550d   Thumb Code     0  deqf.o(x$fpl$deqf)
    _dcmpeq                                  0x0000550d   Thumb Code   120  deqf.o(x$fpl$deqf)
    __aeabi_d2iz                             0x00005585   Thumb Code     0  dfix.o(x$fpl$dfix)
    _dfix                                    0x00005585   Thumb Code    94  dfix.o(x$fpl$dfix)
    __aeabi_i2d                              0x000055e3   Thumb Code     0  dflt_clz.o(x$fpl$dflt)
    _dflt                                    0x000055e3   Thumb Code    46  dflt_clz.o(x$fpl$dflt)
    __aeabi_ui2d                             0x00005611   Thumb Code     0  dflt_clz.o(x$fpl$dfltu)
    _dfltu                                   0x00005611   Thumb Code    38  dflt_clz.o(x$fpl$dfltu)
    __aeabi_cdcmpge                          0x00005639   Thumb Code     0  dgeqf.o(x$fpl$dgeqf)
    _dcmpge                                  0x00005639   Thumb Code   120  dgeqf.o(x$fpl$dgeqf)
    __aeabi_cdcmple                          0x000056b1   Thumb Code     0  dleqf.o(x$fpl$dleqf)
    _dcmple                                  0x000056b1   Thumb Code   120  dleqf.o(x$fpl$dleqf)
    __fpl_dcmple_InfNaN                      0x00005713   Thumb Code     0  dleqf.o(x$fpl$dleqf)
    __aeabi_dmul                             0x00005729   Thumb Code     0  dmul.o(x$fpl$dmul)
    _dmul                                    0x00005729   Thumb Code   332  dmul.o(x$fpl$dmul)
    __fpl_dnaninf                            0x0000587d   Thumb Code   156  dnaninf.o(x$fpl$dnaninf)
    __fpl_dretinf                            0x00005919   Thumb Code    12  dretinf.o(x$fpl$dretinf)
    __aeabi_cdrcmple                         0x00005925   Thumb Code     0  drleqf.o(x$fpl$drleqf)
    _drcmple                                 0x00005925   Thumb Code   108  drleqf.o(x$fpl$drleqf)
    __aeabi_drsub                            0x00005991   Thumb Code     0  daddsub_clz.o(x$fpl$drsb)
    _drsb                                    0x00005991   Thumb Code    22  daddsub_clz.o(x$fpl$drsb)
    _dsqrt                                   0x000059a9   Thumb Code   404  dsqrt_umaal.o(x$fpl$dsqrt)
    __aeabi_dsub                             0x00005b41   Thumb Code     0  daddsub_clz.o(x$fpl$dsub)
    _dsub                                    0x00005b41   Thumb Code   472  daddsub_clz.o(x$fpl$dsub)
    __aeabi_dcmpeq                           0x00005d1d   Thumb Code     0  dcmp.o(x$fpl$fcmp)
    _deq                                     0x00005d1d   Thumb Code    14  dcmp.o(x$fpl$fcmp)
    _dneq                                    0x00005d2b   Thumb Code    14  dcmp.o(x$fpl$fcmp)
    __aeabi_dcmpgt                           0x00005d39   Thumb Code     0  dcmp.o(x$fpl$fcmp)
    _dgr                                     0x00005d39   Thumb Code    14  dcmp.o(x$fpl$fcmp)
    __aeabi_dcmpge                           0x00005d47   Thumb Code     0  dcmp.o(x$fpl$fcmp)
    _dgeq                                    0x00005d47   Thumb Code    14  dcmp.o(x$fpl$fcmp)
    __aeabi_dcmple                           0x00005d55   Thumb Code     0  dcmp.o(x$fpl$fcmp)
    _dleq                                    0x00005d55   Thumb Code    14  dcmp.o(x$fpl$fcmp)
    __aeabi_dcmplt                           0x00005d63   Thumb Code     0  dcmp.o(x$fpl$fcmp)
    _dls                                     0x00005d63   Thumb Code    14  dcmp.o(x$fpl$fcmp)
    _fp_init                                 0x00005d71   Thumb Code    26  fpinit.o(x$fpl$fpinit)
    __fplib_config_fpu_vfp                   0x00005d89   Thumb Code     0  fpinit.o(x$fpl$fpinit)
    __fplib_config_pureend_doubles           0x00005d89   Thumb Code     0  fpinit.o(x$fpl$fpinit)
    __fpl_fretinf                            0x00005d8b   Thumb Code    10  fretinf.o(x$fpl$fretinf)
    __ieee_status                            0x00005d95   Thumb Code     6  istatus.o(x$fpl$ieeestatus)
    __fpl_return_NaN                         0x00005d9b   Thumb Code   100  retnan.o(x$fpl$retnan)
    __ARM_scalbn                             0x00005dff   Thumb Code    92  scalbn.o(x$fpl$scalbn)
    _scanf_real                              0x00005e5b   Thumb Code     4  scanf1.o(x$fpl$scanf1)
    _scanf_hex_real                          0x00005e5f   Thumb Code     4  scanf2.o(x$fpl$scanf2)
    _scanf_infnan                            0x00005e63   Thumb Code     4  scanf2.o(x$fpl$scanf2)
    __fpl_cmpreturn                          0x00005e67   Thumb Code    48  trapv.o(x$fpl$trapveneer)
    __I$use$fp                               0x00005e96   Number         0  usenofp.o(x$fpl$usenofp)
    __mathlib_zero                           0x00005f60   Data           8  qnan.o(.constdata)
    Region$$Table$$Base                      0x000060fc   Number         0  anon$$obj.o(Region$$Table)
    Region$$Table$$Limit                     0x0000611c   Number         0  anon$$obj.o(Region$$Table)
    __aeabi_HUGE_VAL                         0x0000611c   Data           0  fpconst.o(c$$dinf)
    __aeabi_HUGE_VALL                        0x0000611c   Data           0  fpconst.o(c$$dinf)
    __aeabi_INFINITY                         0x0000611c   Data           0  fpconst.o(c$$dinf)
    __dInf                                   0x0000611c   Data           0  fpconst.o(c$$dinf)
    __huge_val                               0x0000611c   Data           0  fpconst.o(c$$dinf)
    __dbl_max                                0x00006124   Data           0  fpconst.o(c$$dmax)
    __ctype                                  0x00006155   Data           0  lc_ctype_c.o(locale$$data)
    GPS_Log_Check                            0x20000004   Data           8  gps.o(.data.GPS_Log_Check)
    __libspace_start                         0x20000010   Data          96  libspace.o(.bss)
    GPS                                      0x20000070   Data          80  gps.o(.bss.GPS)
    __temporary_stack_top$libspace           0x20000070   Data           0  libspace.o(.bss)
    GPS_Formatted                            0x200000c0   Data         240  gps.o(.bss.GPS_Formatted)
    currentLat                               0x200001b0   Data           8  gps.o(.bss.currentLat)
    currentLong                              0x200001b8   Data           8  gps.o(.bss.currentLong)
    token                                    0x200001d0   Data           4  gps.o(.bss.token)



==============================================================================

Memory Map of the image

  Image Entry point : 0x00000355

  Load Region LR_1 (Base: 0x00000000, Size: 0x00006264, Max: 0xffffffff, ABSOLUTE)

    Execution Region ER_RO (Exec base: 0x00000000, Load base: 0x00000000, Size: 0x00006258, Max: 0xffffffff, ABSOLUTE)

    Exec Addr    Load Addr    Size         Type   Attr      Idx    E Section Name        Object

    0x00000000   0x00000000   0x0000026c   Data   RO          221    RESET               startup_tm4c123.o
    0x0000026c   0x0000026c   0x00000008   Code   RO          253  * !!!main             c_w.l(__main.o)
    0x00000274   0x00000274   0x0000005c   Code   RO          684    !!!scatter          c_w.l(__scatter.o)
    0x000002d0   0x000002d0   0x0000001a   Code   RO          688    !!handler_copy      c_w.l(__scatter_copy.o)
    0x000002ea   0x000002ea   0x00000002   PAD
    0x000002ec   0x000002ec   0x00000002   Code   RO          685    !!handler_null      c_w.l(__scatter.o)
    0x000002ee   0x000002ee   0x00000002   PAD
    0x000002f0   0x000002f0   0x0000001c   Code   RO          690    !!handler_zi        c_w.l(__scatter_zi.o)
    0x0000030c   0x0000030c   0x00000002   Code   RO          429    .ARM.Collect$$libinit$$00000000  c_w.l(libinit.o)
    0x0000030e   0x0000030e   0x00000004   Code   RO          430    .ARM.Collect$$libinit$$00000001  c_w.l(libinit2.o)
    0x00000312   0x00000312   0x00000000   Code   RO          433    .ARM.Collect$$libinit$$00000004  c_w.l(libinit2.o)
    0x00000312   0x00000312   0x00000000   Code   RO          435    .ARM.Collect$$libinit$$00000006  c_w.l(libinit2.o)
    0x00000312   0x00000312   0x00000000   Code   RO          438    .ARM.Collect$$libinit$$0000000C  c_w.l(libinit2.o)
    0x00000312   0x00000312   0x00000000   Code   RO          440    .ARM.Collect$$libinit$$0000000E  c_w.l(libinit2.o)
    0x00000312   0x00000312   0x00000000   Code   RO          442    .ARM.Collect$$libinit$$00000010  c_w.l(libinit2.o)
    0x00000312   0x00000312   0x00000006   Code   RO          443    .ARM.Collect$$libinit$$00000011  c_w.l(libinit2.o)
    0x00000318   0x00000318   0x00000000   Code   RO          445    .ARM.Collect$$libinit$$00000013  c_w.l(libinit2.o)
    0x00000318   0x00000318   0x0000000c   Code   RO          446    .ARM.Collect$$libinit$$00000014  c_w.l(libinit2.o)
    0x00000324   0x00000324   0x00000000   Code   RO          447    .ARM.Collect$$libinit$$00000015  c_w.l(libinit2.o)
    0x00000324   0x00000324   0x00000000   Code   RO          449    .ARM.Collect$$libinit$$00000017  c_w.l(libinit2.o)
    0x00000324   0x00000324   0x0000000a   Code   RO          450    .ARM.Collect$$libinit$$00000018  c_w.l(libinit2.o)
    0x0000032e   0x0000032e   0x00000000   Code   RO          451    .ARM.Collect$$libinit$$00000019  c_w.l(libinit2.o)
    0x0000032e   0x0000032e   0x00000000   Code   RO          453    .ARM.Collect$$libinit$$0000001B  c_w.l(libinit2.o)
    0x0000032e   0x0000032e   0x00000000   Code   RO          455    .ARM.Collect$$libinit$$0000001D  c_w.l(libinit2.o)
    0x0000032e   0x0000032e   0x00000000   Code   RO          457    .ARM.Collect$$libinit$$0000001F  c_w.l(libinit2.o)
    0x0000032e   0x0000032e   0x00000000   Code   RO          459    .ARM.Collect$$libinit$$00000021  c_w.l(libinit2.o)
    0x0000032e   0x0000032e   0x00000000   Code   RO          461    .ARM.Collect$$libinit$$00000023  c_w.l(libinit2.o)
    0x0000032e   0x0000032e   0x00000000   Code   RO          463    .ARM.Collect$$libinit$$00000025  c_w.l(libinit2.o)
    0x0000032e   0x0000032e   0x00000000   Code   RO          465    .ARM.Collect$$libinit$$00000027  c_w.l(libinit2.o)
    0x0000032e   0x0000032e   0x00000000   Code   RO          469    .ARM.Collect$$libinit$$0000002E  c_w.l(libinit2.o)
    0x0000032e   0x0000032e   0x00000000   Code   RO          471    .ARM.Collect$$libinit$$00000030  c_w.l(libinit2.o)
    0x0000032e   0x0000032e   0x00000000   Code   RO          473    .ARM.Collect$$libinit$$00000032  c_w.l(libinit2.o)
    0x0000032e   0x0000032e   0x00000000   Code   RO          475    .ARM.Collect$$libinit$$00000034  c_w.l(libinit2.o)
    0x0000032e   0x0000032e   0x00000002   Code   RO          476    .ARM.Collect$$libinit$$00000035  c_w.l(libinit2.o)
    0x00000330   0x00000330   0x00000002   Code   RO          612    .ARM.Collect$$libshutdown$$00000000  c_w.l(libshutdown.o)
    0x00000332   0x00000332   0x00000000   Code   RO          633    .ARM.Collect$$libshutdown$$00000002  c_w.l(libshutdown2.o)
    0x00000332   0x00000332   0x00000000   Code   RO          635    .ARM.Collect$$libshutdown$$00000004  c_w.l(libshutdown2.o)
    0x00000332   0x00000332   0x00000000   Code   RO          638    .ARM.Collect$$libshutdown$$00000007  c_w.l(libshutdown2.o)
    0x00000332   0x00000332   0x00000000   Code   RO          641    .ARM.Collect$$libshutdown$$0000000A  c_w.l(libshutdown2.o)
    0x00000332   0x00000332   0x00000000   Code   RO          643    .ARM.Collect$$libshutdown$$0000000C  c_w.l(libshutdown2.o)
    0x00000332   0x00000332   0x00000000   Code   RO          646    .ARM.Collect$$libshutdown$$0000000F  c_w.l(libshutdown2.o)
    0x00000332   0x00000332   0x00000002   Code   RO          647    .ARM.Collect$$libshutdown$$00000010  c_w.l(libshutdown2.o)
    0x00000334   0x00000334   0x00000000   Code   RO          303    .ARM.Collect$$rtentry$$00000000  c_w.l(__rtentry.o)
    0x00000334   0x00000334   0x00000000   Code   RO          365    .ARM.Collect$$rtentry$$00000002  c_w.l(__rtentry2.o)
    0x00000334   0x00000334   0x00000006   Code   RO          377    .ARM.Collect$$rtentry$$00000004  c_w.l(__rtentry4.o)
    0x0000033a   0x0000033a   0x00000000   Code   RO          367    .ARM.Collect$$rtentry$$00000009  c_w.l(__rtentry2.o)
    0x0000033a   0x0000033a   0x00000004   Code   RO          368    .ARM.Collect$$rtentry$$0000000A  c_w.l(__rtentry2.o)
    0x0000033e   0x0000033e   0x00000000   Code   RO          370    .ARM.Collect$$rtentry$$0000000C  c_w.l(__rtentry2.o)
    0x0000033e   0x0000033e   0x00000008   Code   RO          371    .ARM.Collect$$rtentry$$0000000D  c_w.l(__rtentry2.o)
    0x00000346   0x00000346   0x00000002   Code   RO          477    .ARM.Collect$$rtexit$$00000000  c_w.l(rtexit.o)
    0x00000348   0x00000348   0x00000000   Code   RO          546    .ARM.Collect$$rtexit$$00000002  c_w.l(rtexit2.o)
    0x00000348   0x00000348   0x00000004   Code   RO          547    .ARM.Collect$$rtexit$$00000003  c_w.l(rtexit2.o)
    0x0000034c   0x0000034c   0x00000006   Code   RO          548    .ARM.Collect$$rtexit$$00000004  c_w.l(rtexit2.o)
    0x00000352   0x00000352   0x00000002   PAD
    0x00000354   0x00000354   0x00000114   Code   RO          222  * .text               startup_tm4c123.o
    0x00000468   0x00000468   0x0000000c   Code   RO          244    .text               c_w.l(strtok.o)
    0x00000474   0x00000474   0x00000048   Code   RO          247    .text               c_w.l(strcpy.o)
    0x000004bc   0x000004bc   0x00000004   PAD
    0x000004c0   0x000004c0   0x0000007c   Code   RO          249    .text               c_w.l(strcmpv7em.o)
    0x0000053c   0x0000053c   0x00000006   Code   RO          251    .text               c_w.l(heapauxi.o)
    0x00000542   0x00000542   0x00000016   Code   RO          304    .text               c_w.l(_rserrno.o)
    0x00000558   0x00000558   0x000000b0   Code   RO          306    .text               c_w.l(strtod.o)
    0x00000608   0x00000608   0x00000044   Code   RO          308    .text               c_w.l(strtok_int.o)
    0x0000064c   0x0000064c   0x00000008   Code   RO          382    .text               c_w.l(rt_errno_addr_intlibspace.o)
    0x00000654   0x00000654   0x00000012   Code   RO          384    .text               c_w.l(isspace.o)
    0x00000666   0x00000666   0x00000040   Code   RO          386    .text               c_w.l(_sgetc.o)
    0x000006a6   0x000006a6   0x00000020   Code   RO          391    .text               c_w.l(strcspn.o)
    0x000006c6   0x000006c6   0x0000001c   Code   RO          393    .text               c_w.l(strspn.o)
    0x000006e2   0x000006e2   0x00000002   PAD
    0x000006e4   0x000006e4   0x00000008   Code   RO          409    .text               c_w.l(libspace.o)
    0x000006ec   0x000006ec   0x0000004a   Code   RO          412    .text               c_w.l(sys_stackheap_outer.o)
    0x00000736   0x00000736   0x00000002   PAD
    0x00000738   0x00000738   0x00000010   Code   RO          414    .text               c_w.l(rt_ctype_table.o)
    0x00000748   0x00000748   0x000004f8   Code   RO          416    .text               c_w.l(scanf_fp.o)
    0x00000c40   0x00000c40   0x00000012   Code   RO          422    .text               c_w.l(exit.o)
    0x00000c52   0x00000c52   0x00000002   PAD
    0x00000c54   0x00000c54   0x00000008   Code   RO          482    .text               c_w.l(rt_locale_intlibspace.o)
    0x00000c5c   0x00000c5c   0x00000026   Code   RO          484    .text               c_w.l(llshl.o)
    0x00000c82   0x00000c82   0x00000002   PAD
    0x00000c84   0x00000c84   0x000000e4   Code   RO          488    .text               c_w.l(bigflt0.o)
    0x00000d68   0x00000d68   0x00000320   Code   RO          571    .text               c_w.l(scanf_hexfp.o)
    0x00001088   0x00001088   0x00000134   Code   RO          573    .text               c_w.l(scanf_infnan.o)
    0x000011bc   0x000011bc   0x0000000c   Code   RO          593    .text               c_w.l(sys_exit.o)
    0x000011c8   0x000011c8   0x0000001c   Code   RO          604    .text               c_w.l(_chval.o)
    0x000011e4   0x000011e4   0x00000002   Code   RO          623    .text               c_w.l(use_no_semi.o)
    0x000011e6   0x000011e6   0x00000000   Code   RO          625    .text               c_w.l(indicate_semi.o)
    0x000011e6   0x000011e6   0x00000002   PAD
    0x000011e8   0x000011e8   0x00000278   Code   RO          154    .text.Calc_Distance  gps.o
    0x00001460   0x00001460   0x000000b0   Code   RO           17    .text.GPIO_voidInit_port_A  gpio_program.o
    0x00001510   0x00001510   0x000000a0   Code   RO           15    .text.GPIO_voidInit_port_F  gpio_program.o
    0x000015b0   0x000015b0   0x000000c0   Code   RO          148    .text.GPS_Read      gps.o
    0x00001670   0x00001670   0x00000166   Code   RO          150    .text.GPS_format    gps.o
    0x000017d6   0x000017d6   0x00000002   PAD
    0x000017d8   0x000017d8   0x00000180   Code   RO           74    .text.MasterReceiveFromInterrupt  spi_program.o
    0x00001958   0x00001958   0x0000006a   Code   RO           68    .text.MastersendFromInterrupt  spi_program.o
    0x000019c2   0x000019c2   0x00000002   PAD
    0x000019c4   0x000019c4   0x00000018   Code   RO           72    .text.SPI_InterruptMask  spi_program.o
    0x000019dc   0x000019dc   0x00000016   Code   RO           70    .text.SPI_InterruptStatus  spi_program.o
    0x000019f2   0x000019f2   0x00000002   PAD
    0x000019f4   0x000019f4   0x000000c8   Code   RO           88    .text.SSI0_Handler  spi_program.o
    0x00001abc   0x00001abc   0x000000c8   Code   RO           90    .text.SSI1_Handler  spi_program.o
    0x00001b84   0x00001b84   0x000000c8   Code   RO           92    .text.SSI2_Handler  spi_program.o
    0x00001c4c   0x00001c4c   0x000000c8   Code   RO           94    .text.SSI3_Handler  spi_program.o
    0x00001d14   0x00001d14   0x00000078   Code   RO           78    .text.SlaveReceiveFromInterrupt  spi_program.o
    0x00001d8c   0x00001d8c   0x000000ba   Code   RO           76    .text.SlaveTransmitFromInterrupt  spi_program.o
    0x00001e46   0x00001e46   0x00000002   PAD
    0x00001e48   0x00001e48   0x0000002a   Code   RO          211    .text.SysTick_Init  sys_tick.o
    0x00001e72   0x00001e72   0x00000002   PAD
    0x00001e74   0x00001e74   0x0000010c   Code   RO          233    .text.SystemInit    system_tm4c123.o
    0x00001f80   0x00001f80   0x00001058   Code   RO          104    .text.UART_u8Init   uart_program.o
    0x00002fd8   0x00002fd8   0x000003d8   Code   RO          108    .text.UART_u8ReceiveByte  uart_program.o
    0x000033b0   0x000033b0   0x0000000e   Code   RO          152    .text.Value_to_Degree  gps.o
    0x000033be   0x000033be   0x00000002   PAD
    0x000033c0   0x000033c0   0x000000c4   Code   RO          123    .text.itoa          main.o
    0x00003484   0x00003484   0x0000000a   Code   RO          146    .text.length        gps.o
    0x0000348e   0x0000348e   0x00000002   PAD
    0x00003490   0x00003490   0x00000118   Code   RO          125    .text.main          main.o
    0x000035a8   0x000035a8   0x0000004c   Code   RO          121    .text.reverse       main.o
    0x000035f4   0x000035f4   0x00000038   Code   RO           62    .text.spi_delay     spi_program.o
    0x0000362c   0x0000362c   0x00000338   Code   RO          501    CL$$btod_div_common  c_w.l(btod.o)
    0x00003964   0x00003964   0x00000084   Code   RO          499    CL$$btod_e2d        c_w.l(btod.o)
    0x000039e8   0x000039e8   0x000000dc   Code   RO          498    CL$$btod_e2e        c_w.l(btod.o)
    0x00003ac4   0x00003ac4   0x0000002a   Code   RO          495    CL$$btod_ediv       c_w.l(btod.o)
    0x00003aee   0x00003aee   0x0000002a   Code   RO          497    CL$$btod_edivd      c_w.l(btod.o)
    0x00003b18   0x00003b18   0x0000002a   Code   RO          494    CL$$btod_emul       c_w.l(btod.o)
    0x00003b42   0x00003b42   0x0000002a   Code   RO          496    CL$$btod_emuld      c_w.l(btod.o)
    0x00003b6c   0x00003b6c   0x00000244   Code   RO          500    CL$$btod_mult_common  c_w.l(btod.o)
    0x00003db0   0x00003db0   0x00000030   Code   RO          405    i.__ARM_fpclassify  m_wm.l(fpclassify.o)
    0x00003de0   0x00003de0   0x000000f8   Code   RO          537    i.__hardfp___mathlib_tofloat  m_wm.l(narrow.o)
    0x00003ed8   0x00003ed8   0x000002d8   Code   RO          325    i.__hardfp_atan     m_wm.l(atan.o)
    0x000041b0   0x000041b0   0x00000200   Code   RO          273    i.__hardfp_atan2    m_wm.l(atan2.o)
    0x000043b0   0x000043b0   0x00000038   Code   RO          279    i.__hardfp_atof     m_wm.l(atof.o)
    0x000043e8   0x000043e8   0x000000c8   Code   RO          285    i.__hardfp_cos      m_wm.l(cos.o)
    0x000044b0   0x000044b0   0x000000d0   Code   RO          615    i.__hardfp_ldexp    m_wm.l(ldexp.o)
    0x00004580   0x00004580   0x000000c8   Code   RO          291    i.__hardfp_sin      m_wm.l(sin.o)
    0x00004648   0x00004648   0x0000007a   Code   RO          297    i.__hardfp_sqrt     m_wm.l(sqrt.o)
    0x000046c2   0x000046c2   0x00000006   PAD
    0x000046c8   0x000046c8   0x00000438   Code   RO          356    i.__ieee754_rem_pio2  m_wm.l(rred.o)
    0x00004b00   0x00004b00   0x00000170   Code   RO          332    i.__kernel_cos      m_wm.l(cos_i.o)
    0x00004c70   0x00004c70   0x000000f8   Code   RO          407    i.__kernel_poly     m_wm.l(poly.o)
    0x00004d68   0x00004d68   0x00000130   Code   RO          361    i.__kernel_sin      m_wm.l(sin_i.o)
    0x00004e98   0x00004e98   0x00000014   Code   RO          336    i.__mathlib_dbl_infnan  m_wm.l(dunder.o)
    0x00004eac   0x00004eac   0x00000014   Code   RO          337    i.__mathlib_dbl_infnan2  m_wm.l(dunder.o)
    0x00004ec0   0x00004ec0   0x00000020   Code   RO          338    i.__mathlib_dbl_invalid  m_wm.l(dunder.o)
    0x00004ee0   0x00004ee0   0x00000020   Code   RO          339    i.__mathlib_dbl_overflow  m_wm.l(dunder.o)
    0x00004f00   0x00004f00   0x00000020   Code   RO          341    i.__mathlib_dbl_underflow  m_wm.l(dunder.o)
    0x00004f20   0x00004f20   0x00000012   Code   RO          538    i.__mathlib_narrow  m_wm.l(narrow.o)
    0x00004f32   0x00004f32   0x00000014   Code   RO          617    i.__support_ldexp   m_wm.l(ldexp.o)
    0x00004f46   0x00004f46   0x0000000e   Code   RO          418    i._is_digit         c_w.l(scanf_fp.o)
    0x00004f54   0x00004f54   0x00000010   Code   RO          327    i.atan              m_wm.l(atan.o)
    0x00004f64   0x00004f64   0x00000018   Code   RO          351    i.fabs              m_wm.l(fabs.o)
    0x00004f7c   0x00004f7c   0x00000004   PAD
    0x00004f80   0x00004f80   0x0000008c   Code   RO          587    i.frexp             m_wm.l(frexp.o)
    0x0000500c   0x0000500c   0x0000002c   Code   RO          389    locale$$code        c_w.l(lc_numeric_c.o)
    0x00005038   0x00005038   0x0000002c   Code   RO          517    locale$$code        c_w.l(lc_ctype_c.o)
    0x00005064   0x00005064   0x00000018   Code   RO          310    x$fpl$basic         fz_wm.l(basic.o)
    0x0000507c   0x0000507c   0x00000062   Code   RO          581    x$fpl$d2f           fz_wm.l(d2f.o)
    0x000050de   0x000050de   0x00000002   PAD
    0x000050e0   0x000050e0   0x00000150   Code   RO          255    x$fpl$dadd          fz_wm.l(daddsub_clz.o)
    0x00005230   0x00005230   0x00000010   Code   RO          654    x$fpl$dcheck1       fz_wm.l(dcheck1.o)
    0x00005240   0x00005240   0x00000018   Code   RO          395    x$fpl$dcmpinf       fz_wm.l(dcmpi.o)
    0x00005258   0x00005258   0x000002b4   Code   RO          264    x$fpl$ddiv          fz_wm.l(ddiv.o)
    0x0000550c   0x0000550c   0x00000078   Code   RO          312    x$fpl$deqf          fz_wm.l(deqf.o)
    0x00005584   0x00005584   0x0000005e   Code   RO          267    x$fpl$dfix          fz_wm.l(dfix.o)
    0x000055e2   0x000055e2   0x0000002e   Code   RO          398    x$fpl$dflt          fz_wm.l(dflt_clz.o)
    0x00005610   0x00005610   0x00000026   Code   RO          397    x$fpl$dfltu         fz_wm.l(dflt_clz.o)
    0x00005636   0x00005636   0x00000002   PAD
    0x00005638   0x00005638   0x00000078   Code   RO          314    x$fpl$dgeqf         fz_wm.l(dgeqf.o)
    0x000056b0   0x000056b0   0x00000078   Code   RO          316    x$fpl$dleqf         fz_wm.l(dleqf.o)
    0x00005728   0x00005728   0x00000154   Code   RO          271    x$fpl$dmul          fz_wm.l(dmul.o)
    0x0000587c   0x0000587c   0x0000009c   Code   RO          318    x$fpl$dnaninf       fz_wm.l(dnaninf.o)
    0x00005918   0x00005918   0x0000000c   Code   RO          320    x$fpl$dretinf       fz_wm.l(dretinf.o)
    0x00005924   0x00005924   0x0000006c   Code   RO          583    x$fpl$drleqf        fz_wm.l(drleqf.o)
    0x00005990   0x00005990   0x00000016   Code   RO          256    x$fpl$drsb          fz_wm.l(daddsub_clz.o)
    0x000059a6   0x000059a6   0x00000002   PAD
    0x000059a8   0x000059a8   0x00000198   Code   RO          322    x$fpl$dsqrt         fz_wm.l(dsqrt_umaal.o)
    0x00005b40   0x00005b40   0x000001dc   Code   RO          257    x$fpl$dsub          fz_wm.l(daddsub_clz.o)
    0x00005d1c   0x00005d1c   0x00000054   Code   RO          261    x$fpl$fcmp          fz_wm.l(dcmp.o)
    0x00005d70   0x00005d70   0x0000001a   Code   RO          527    x$fpl$fpinit        fz_wm.l(fpinit.o)
    0x00005d8a   0x00005d8a   0x0000000a   Code   RO          613    x$fpl$fretinf       fz_wm.l(fretinf.o)
    0x00005d94   0x00005d94   0x00000006   Code   RO          529    x$fpl$ieeestatus    fz_wm.l(istatus.o)
    0x00005d9a   0x00005d9a   0x00000064   Code   RO          662    x$fpl$retnan        fz_wm.l(retnan.o)
    0x00005dfe   0x00005dfe   0x0000005c   Code   RO          648    x$fpl$scalbn        fz_wm.l(scalbn.o)
    0x00005e5a   0x00005e5a   0x00000004   Code   RO          403    x$fpl$scanf1        fz_wm.l(scanf1.o)
    0x00005e5e   0x00005e5e   0x00000008   Code   RO          531    x$fpl$scanf2        fz_wm.l(scanf2.o)
    0x00005e66   0x00005e66   0x00000030   Code   RO          680    x$fpl$trapveneer    fz_wm.l(trapv.o)
    0x00005e96   0x00005e96   0x00000000   Code   RO          324    x$fpl$usenofp       fz_wm.l(usenofp.o)
    0x00005e96   0x00005e96   0x00000002   PAD
    0x00005e98   0x00005e98   0x00000098   Data   RO          328    .constdata          m_wm.l(atan.o)
    0x00005f30   0x00005f30   0x00000030   Data   RO          333    .constdata          m_wm.l(cos_i.o)
    0x00005f60   0x00005f60   0x00000008   Data   RO          355    .constdata          m_wm.l(qnan.o)
    0x00005f68   0x00005f68   0x000000cc   Data   RO          358    .constdata          m_wm.l(rred.o)
    0x00006034   0x00006034   0x00000004   PAD
    0x00006038   0x00006038   0x00000028   Data   RO          362    .constdata          m_wm.l(sin_i.o)
    0x00006060   0x00006060   0x00000094   Data   RO          489    .constdata          c_w.l(bigflt0.o)
    0x000060f4   0x000060f4   0x00000008   Data   RO          158    .rodata.str1.1      gps.o
    0x000060fc   0x000060fc   0x00000020   Data   RO          683    Region$$Table       anon$$obj.o
    0x0000611c   0x0000611c   0x00000008   Data   RO          523    c$$dinf             fz_wm.l(fpconst.o)
    0x00006124   0x00006124   0x00000008   Data   RO          526    c$$dmax             fz_wm.l(fpconst.o)
    0x0000612c   0x0000612c   0x0000001c   Data   RO          388    locale$$data        c_w.l(lc_numeric_c.o)
    0x00006148   0x00006148   0x00000110   Data   RO          516    locale$$data        c_w.l(lc_ctype_c.o)


    Execution Region ER_RW (Exec base: 0x20000000, Load base: 0x00006258, Size: 0x0000000c, Max: 0xffffffff, ABSOLUTE)

    Exec Addr    Load Addr    Size         Type   Attr      Idx    E Section Name        Object

    0x20000000   0x00006258   0x00000004   Data   RW          245    .data               c_w.l(strtok.o)
    0x20000004   0x0000625c   0x00000008   Data   RW          156    .data.GPS_Log_Check  gps.o


    Execution Region ER_ZI (Exec base: 0x20000010, Load base: 0x00006264, Size: 0x000003c8, Max: 0xffffffff, ABSOLUTE)

    Exec Addr    Load Addr    Size         Type   Attr      Idx    E Section Name        Object

    0x20000010        -       0x00000060   Zero   RW          410    .bss                c_w.l(libspace.o)
    0x20000070        -       0x00000050   Zero   RW          157    .bss.GPS            gps.o
    0x200000c0        -       0x000000f0   Zero   RW          160    .bss.GPS_Formatted  gps.o
    0x200001b0        -       0x00000008   Zero   RW          161    .bss.currentLat     gps.o
    0x200001b8        -       0x00000008   Zero   RW          162    .bss.currentLong    gps.o
    0x200001c0        -       0x00000010   Zero   RW           96    .bss.spihandler     spi_program.o
    0x200001d0        -       0x00000004   Zero   RW          159    .bss.token          gps.o
    0x200001d4   0x00006264   0x00000004   PAD
    0x200001d8        -       0x00000000   Zero   RW          220    HEAP                startup_tm4c123.o
    0x200001d8        -       0x00000200   Zero   RW          219    STACK               startup_tm4c123.o


==============================================================================

Image component sizes


      Code (inc. data)   RO Data    RW Data    ZI Data      Debug   Object Name

       336          0          0          0          0       2531   gpio_program.o
      1206         40          8          8        340       2342   gps.o
       552          8          0          0          0       1780   main.o
      1698          0          0          0         16       8114   spi_program.o
       276         24        620          0        512       5480   startup_tm4c123.o
        42          0          0          0          0       1350   sys_tick.o
       268          0          0          0          0       6799   system_tm4c123.o
      5168         32          0          0          0       5156   uart_program.o

    ----------------------------------------------------------------------
      9560        104        660          8        872      33552   Object Totals
         0          0         32          0          0          0   (incl. Generated)
        14          0          0          0          4          0   (incl. Padding)

    ----------------------------------------------------------------------

      Code (inc. data)   RO Data    RW Data    ZI Data      Debug   Library Member Name

         8          0          0          0          0         68   __main.o
         0          0          0          0          0          0   __rtentry.o
        12          0          0          0          0          0   __rtentry2.o
         6          0          0          0          0          0   __rtentry4.o
        94          8          0          0          0          0   __scatter.o
        26          0          0          0          0          0   __scatter_copy.o
        28          0          0          0          0          0   __scatter_zi.o
        28          0          0          0          0         68   _chval.o
        22          0          0          0          0        100   _rserrno.o
        64          0          0          0          0         84   _sgetc.o
       228          4        148          0          0         96   bigflt0.o
      1924        136          0          0          0        752   btod.o
        18          0          0          0          0         80   exit.o
         6          0          0          0          0        152   heapauxi.o
         0          0          0          0          0          0   indicate_semi.o
        18          0          0          0          0         76   isspace.o
        44         10        272          0          0         76   lc_ctype_c.o
        44         10         28          0          0         76   lc_numeric_c.o
         2          0          0          0          0          0   libinit.o
        34          0          0          0          0          0   libinit2.o
         2          0          0          0          0          0   libshutdown.o
         2          0          0          0          0          0   libshutdown2.o
         8          4          0          0         96         68   libspace.o
        38          0          0          0          0         68   llshl.o
        16          4          0          0          0         76   rt_ctype_table.o
         8          4          0          0          0         68   rt_errno_addr_intlibspace.o
         8          4          0          0          0         68   rt_locale_intlibspace.o
         2          0          0          0          0          0   rtexit.o
        10          0          0          0          0          0   rtexit2.o
      1286         16          0          0          0        236   scanf_fp.o
       800         14          0          0          0        100   scanf_hexfp.o
       308         16          0          0          0        100   scanf_infnan.o
       124          0          0          0          0         88   strcmpv7em.o
        72          0          0          0          0         80   strcpy.o
        32          0          0          0          0         80   strcspn.o
        28          0          0          0          0         80   strspn.o
       176         14          0          0          0        124   strtod.o
        12          6          0          4          0         68   strtok.o
        68          4          0          0          0         84   strtok_int.o
        12          4          0          0          0         68   sys_exit.o
        74          0          0          0          0         80   sys_stackheap_outer.o
         2          0          0          0          0         68   use_no_semi.o
        24          0          0          0          0        164   basic.o
        98          4          0          0          0        140   d2f.o
       834         16          0          0          0        516   daddsub_clz.o
        16          4          0          0          0        116   dcheck1.o
        84          0          0          0          0        244   dcmp.o
        24          0          0          0          0        116   dcmpi.o
       692        140          0          0          0        264   ddiv.o
       120          4          0          0          0        140   deqf.o
        94          4          0          0          0        140   dfix.o
        84          0          0          0          0        232   dflt_clz.o
       120          4          0          0          0        140   dgeqf.o
       120          4          0          0          0        140   dleqf.o
       340         12          0          0          0        152   dmul.o
       156          4          0          0          0        140   dnaninf.o
        12          0          0          0          0        116   dretinf.o
       108          0          0          0          0        128   drleqf.o
       408         56          0          0          0        168   dsqrt_umaal.o
         0          0         16          0          0          0   fpconst.o
        26          0          0          0          0        116   fpinit.o
        10          0          0          0          0        116   fretinf.o
         6          0          0          0          0        116   istatus.o
       100          0          0          0          0        116   retnan.o
        92          0          0          0          0        116   scalbn.o
         4          0          0          0          0        116   scanf1.o
         8          0          0          0          0        132   scanf2.o
        48          0          0          0          0        116   trapv.o
         0          0          0          0          0          0   usenofp.o
       744        106        152          0          0        352   atan.o
       512         64          0          0          0        208   atan2.o
        56         10          0          0          0        132   atof.o
       200         20          0          0          0        164   cos.o
       368         46         48          0          0        200   cos_i.o
       136         24          0          0          0        620   dunder.o
        24          0          0          0          0        124   fabs.o
        48          0          0          0          0        124   fpclassify.o
       140         22          0          0          0        132   frexp.o
       228          8          0          0          0        308   ldexp.o
       266         16          0          0          0        308   narrow.o
       248          0          0          0          0        152   poly.o
         0          0          8          0          0          0   qnan.o
      1080        142        204          0          0        188   rred.o
       200         20          0          0          0        164   sin.o
       304         24         40          0          0        208   sin_i.o
       122          0          0          0          0        148   sqrt.o

    ----------------------------------------------------------------------
     14036       1012        920          4         96      10764   Library Totals
        38          0          4          0          0          0   (incl. Padding)

    ----------------------------------------------------------------------

      Code (inc. data)   RO Data    RW Data    ZI Data      Debug   Library Name

      5694        258        448          4         96       3232   c_w.l
      3628        252         16          0          0       4000   fz_wm.l
      4676        502        452          0          0       3532   m_wm.l

    ----------------------------------------------------------------------
     14036       1012        920          4         96      10764   Library Totals

    ----------------------------------------------------------------------

==============================================================================


      Code (inc. data)   RO Data    RW Data    ZI Data      Debug   

     23596       1116       1580         12        968      37648   Grand Totals
     23596       1116       1580         12        968      37648   ELF Image Totals
     23596       1116       1580         12          0          0   ROM Totals

==============================================================================

    Total RO  Size (Code + RO Data)                25176 (  24.59kB)
    Total RW  Size (RW Data + ZI Data)               980 (   0.96kB)
    Total ROM Size (Code + RO Data + RW Data)      25188 (  24.60kB)

==============================================================================

